a6=a7=a4 | e8=0xff,free,e14=0x20|a10,e15=0x20|a11                      w8 C1 3.03 C0 1.73 | w12 C0..C3 [1.86, 6.32, 1.2, 1.34] | w32 C0..C3 [1.93, 11.92, 1.41, 1.41]
a6=a7=a4 | e8=0xff,e13=0x20|a9,free,e15=0x0|a11                        w8 C1 3.04 C0 1.74 | w12 C0..C3 [1.87, 6.34, 1.25, 1.36] | w32 C0..C3 [1.96, 11.91, 1.46, 1.39]
a6=a7=a4 | e8=0xff,free,free,e15=0x20|a11                              w8 C1 3.04 C0 1.80 | w12 C0..C3 [1.87, 6.28, 1.28, 1.36] | w32 C0..C3 [1.97, 11.86, 1.42, 1.43]
a6=a7=a4 | e8=0xff,e13=0x0|a9,e14=0x36|a10,e15=0xff|a11                w8 C1 3.04 C0 1.76 | w12 C0..C3 [1.79, 6.29, 1.33, 1.25] | w32 C0..C3 [1.94, 11.9, 1.43, 1.43]
a6=a7=a4 | e8=0xff,e13=0x0|a9,e14=0x36|a10,e15=0x36|a11                w8 C1 3.04 C0 1.74 | w12 C0..C3 [1.86, 6.3, 1.24, 1.29] | w32 C0..C3 [1.93, 11.92, 1.45, 1.44]
a6=a7=a4 | e8=0xff,e13=0x0|a9,e14=0x20|a10,e15=0xff|a11                w8 C1 3.05 C0 1.74 | w12 C0..C3 [1.82, 6.29, 1.3, 1.33] | w32 C0..C3 [1.87, 11.87, 1.4, 1.36]
a6=a7=a4 | e8=0xff,free,e10=0x0,free                                   w8 C1 3.05 C0 1.67 | w12 C0..C3 [1.79, 6.31, 0.0, 1.3] | w32 C0..C3 [1.92, 11.93, 0.0, 1.4]
a6=a7=a4 | e8=0xff,e13=0x36|a9,e14=0x20|a10,free                       w8 C1 3.06 C0 1.76 | w12 C0..C3 [1.87, 6.32, 1.29, 1.29] | w32 C0..C3 [1.94, 11.9, 1.41, 1.46]
a6=a7=a4 | e8=0xff,e13=0x36|a9,e14=0x0|a10,e15=0x0|a11                 w8 C1 3.06 C0 1.79 | w12 C0..C3 [1.84, 6.3, 1.26, 1.3] | w32 C0..C3 [1.92, 11.93, 1.46, 1.45]
a6=a7=a4 | e8=0xff,free,e10=0x36,e15=0x20|a11                          w8 C1 3.07 C0 1.75 | w12 C0..C3 [1.84, 6.36, 1.58, 1.33] | w32 C0..C3 [1.94, 11.87, 1.54, 1.43]
a6=a7=a4 | e8=0xff,e13=0x20|a9,e14=0x36|a10,e15=0x0|a11                w8 C1 3.07 C0 1.73 | w12 C0..C3 [1.84, 6.28, 1.35, 1.3] | w32 C0..C3 [1.94, 11.92, 1.43, 1.41]
a7=a6,a4=0xff | e8=0xff,e13=0x20|a9,e14=0x0|a10,e15=0x36|a11           w8 C1 3.07 C0 0.87 | w12 C0..C3 [0.89, 6.28, 1.25, 1.24] | w32 C0..C3 [0.98, 12.02, 1.43, 1.42]
a6=a7=a4 | e8=0xff,free,e14=0x0|a10,free                               w8 C1 3.07 C0 1.74 | w12 C0..C3 [1.83, 6.36, 1.36, 1.3] | w32 C0..C3 [1.96, 11.9, 1.46, 1.44]
a6=a7=a4 | e8=0xff,e13=0x0|a9,e14=0xff|a10,e15=0x20|a11                w8 C1 3.07 C0 1.72 | w12 C0..C3 [1.79, 6.27, 1.3, 1.28] | w32 C0..C3 [1.96, 11.89, 1.39, 1.41]
a6=a7=a4 | e8=0xff,free,e14=0x36|a10,e15=0x20|a11                      w8 C1 3.07 C0 1.80 | w12 C0..C3 [1.85, 6.29, 1.32, 1.25] | w32 C0..C3 [1.93, 11.9, 1.43, 1.43]
a6=a7=a4 | e8=0xff,free,e14=0x0|a10,e15=0xff|a11                       w8 C1 3.07 C0 1.79 | w12 C0..C3 [1.87, 6.26, 1.28, 1.31] | w32 C0..C3 [1.93, 11.92, 1.38, 1.42]
a6=a7=a4 | e8=0xff,e13=0x20|a9,e14=0x0|a10,free                        w8 C1 3.08 C0 1.71 | w12 C0..C3 [1.83, 6.28, 1.27, 1.23] | w32 C0..C3 [1.95, 11.93, 1.44, 1.4]
a6=a7=a4 | e8=0xff,e13=0x36|a9,e14=0xff|a10,e15=0x0|a11                w8 C1 3.08 C0 1.74 | w12 C0..C3 [1.82, 6.34, 1.24, 1.21] | w32 C0..C3 [1.93, 11.96, 1.42, 1.39]
a6=a7=a4 | free,free,e14=0x36|a10,e15=0x0|a11                          w8 C1 3.08 C0 3.34 | w12 C0..C3 [4.12, 6.34, 1.33, 1.26] | w32 C0..C3 [5.32, 12.06, 1.41, 1.45]
a6=a7=a4 | e8=0xff,e13=0x0|a9,e14=0x20|a10,e15=0x0|a11                 w8 C1 3.08 C0 1.73 | w12 C0..C3 [1.86, 6.32, 1.35, 1.28] | w32 C0..C3 [1.93, 11.88, 1.42, 1.45]
a6=a7=a4 | e8=0xff,free,e14=0x36|a10,e15=0xff|a11                      w8 C1 3.08 C0 1.77 | w12 C0..C3 [1.83, 6.32, 1.28, 1.24] | w32 C0..C3 [1.96, 11.85, 1.42, 1.44]
a6=a7=a4 | e8=0xff,e13=0x0|a9,free,e15=0xff|a11                        w8 C1 3.08 C0 1.76 | w12 C0..C3 [1.81, 6.28, 1.33, 1.26] | w32 C0..C3 [1.96, 11.9, 1.38, 1.43]
a6=a7=a4 | e8=0xff,free,e14=0xff|a10,free                              w8 C1 3.08 C0 1.77 | w12 C0..C3 [1.8, 6.31, 1.27, 1.28] | w32 C0..C3 [1.95, 11.86, 1.43, 1.41]
a7=a6 | e8=0xff,free,e14=0x0|a10,e15=0x20|a11                          w8 C1 3.08 C0 0.87 | w12 C0..C3 [0.89, 6.33, 1.33, 1.37] | w32 C0..C3 [1.0, 12.07, 1.42, 1.46]
a6=a7=a4 | e8=0xff,e13=0x36|a9,free,e15=0x20|a11                       w8 C1 3.08 C0 1.73 | w12 C0..C3 [1.82, 6.32, 1.31, 1.29] | w32 C0..C3 [1.96, 11.97, 1.41, 1.38]
a6=a7=a4 | e8=0xff,free,e10=0x36,e15=0xff|a11                          w8 C1 3.08 C0 1.73 | w12 C0..C3 [1.84, 6.34, 1.52, 1.26] | w32 C0..C3 [1.94, 11.85, 1.52, 1.41]
a6=a7=a4 | e8=0xff,free,e14=0x0|a10,e15=0x20|a11                       w8 C1 3.09 C0 1.71 | w12 C0..C3 [1.79, 6.33, 1.29, 1.3] | w32 C0..C3 [1.96, 11.96, 1.44, 1.41]
a6=a7=a4 | e8=0xff,e13=0xff|a9,e14=0x20|a10,e15=0x36|a11               w8 C1 3.09 C0 1.72 | w12 C0..C3 [1.83, 6.32, 1.31, 1.3] | w32 C0..C3 [1.94, 11.87, 1.42, 1.43]
a6=a7=a4 | e12=0x0|a8,e13=0xff|a9,e14=0x20|a10,e15=0x36|a11            w8 C1 3.09 C0 3.34 | w12 C0..C3 [4.12, 6.41, 1.28, 1.34] | w32 C0..C3 [5.33, 12.08, 1.4, 1.44]
a6=a7=a4 | e8=0xff,free,e14=0xff|a10,e15=0xff|a11                      w8 C1 3.09 C0 1.76 | w12 C0..C3 [1.79, 6.34, 1.25, 1.31] | w32 C0..C3 [1.92, 11.92, 1.44, 1.41]
a7=a6,a6=~a4 | e8=0xff,free,e14=0x20|a10,e15=0x0|a11                   w8 C1 3.17 C0 0.00 | w12 C0..C3 [0.0, 6.36, 1.28, 1.25] | w32 C0..C3 [0.0, 12.13, 1.45, 1.4]
a7=a6,a6=~a4 | e8=0xff,free,e14=0x20|a10,e15=0xff|a11                  w8 C1 3.16 C0 0.00 | w12 C0..C3 [0.0, 6.37, 1.29, 1.28] | w32 C0..C3 [0.0, 12.09, 1.45, 1.43]
a7=a6,a6=~a4 | e8=0xff,free,e14=0x20|a10,e15=0x20|a11                  w8 C1 3.22 C0 0.00 | w12 C0..C3 [0.0, 6.34, 1.27, 1.28] | w32 C0..C3 [0.0, 12.14, 1.43, 1.45]
a7=a6,a6=~a4 | e8=0xff,free,e14=0x20|a10,e15=0x36|a11                  w8 C1 3.21 C0 0.00 | w12 C0..C3 [0.0, 6.34, 1.31, 1.23] | w32 C0..C3 [0.0, 12.12, 1.42, 1.42]
a7=a6,a6=~a4 | e8=0xff,free,e14=0x36|a10,free                          w8 C1 3.17 C0 0.00 | w12 C0..C3 [0.0, 6.35, 1.27, 1.21] | w32 C0..C3 [0.0, 12.08, 1.43, 1.43]
a7=a6,a6=~a4 | e8=0xff,free,e14=0x36|a10,e15=0x0|a11                   w8 C1 3.25 C0 0.00 | w12 C0..C3 [0.0, 6.31, 1.24, 1.3] | w32 C0..C3 [0.0, 12.15, 1.39, 1.44]
w=12: over these configs a5->C1 min 6.26 mean 6.32 max 6.41
w=32: over these configs a5->C1 min 11.85 mean 11.96 max 12.15
