406 unknown sets

best schedule per unknown set (filter bits; lower is better; MILD charged 13.3):
    45.3  U=(0, 1, 2, 3)  sweep a0  [('C0', 'a1', 's0lin+lin'), ('C1', 'a2', 's0lin+lin'), ('C2', 'a3', 's0lin+lin')]  eq={5: 4} sat={9: '0xffffffff'}
    45.3  U=(0, 2, 3, 4)  sweep a0  [('C1', 'a2', 's0lin+lin'), ('C2', 'a3', 's0lin+lin'), ('C3', 'a4', 's0lin+lin')]  eq={6: 5} sat={10: '0xffffffff'}
    45.3  U=(0, 2, 3, 10)  sweep a10  [('C0', 'a0', 'gamma'), ('C1', 'a2', 's0lin+lin'), ('C2', 'a3', 's0lin+lin')]  eq={5: 4} sat={9: '0xffffffff'}
    45.3  U=(0, 2, 3, 11)  sweep a11  [('C0', 'a0', 'gamma'), ('C1', 'a2', 's0lin+lin'), ('C2', 'a3', 's0lin+lin')]  eq={5: 4} sat={9: '0xffffffff'}
    45.3  U=(1, 2, 3, 4)  sweep a1  [('C1', 'a2', 's0lin+lin'), ('C2', 'a3', 's0lin+lin'), ('C3', 'a4', 's0lin+lin')]  eq={6: 5} sat={10: '0xffffffff'}
    45.3  U=(1, 2, 3, 10)  sweep a10  [('C0', 'a1', 's0lin+lin'), ('C1', 'a2', 's0lin+lin'), ('C2', 'a3', 's0lin+lin')]  eq={5: 4} sat={9: '0xffffffff'}
    45.3  U=(1, 2, 3, 11)  sweep a11  [('C0', 'a1', 's0lin+lin'), ('C1', 'a2', 's0lin+lin'), ('C2', 'a3', 's0lin+lin')]  eq={5: 4} sat={9: '0xffffffff'}
    45.3  U=(2, 3, 4, 11)  sweep a11  [('C1', 'a2', 's0lin+lin'), ('C2', 'a3', 's0lin+lin'), ('C3', 'a4', 's0lin+lin')]  eq={6: 5} sat={10: '0xffffffff'}
    58.6  U=(0, 1, 3, 5)  sweep a0  [('C0', 'a1', 's0lin+lin'), ('C2', 'a3', 's0lin+lin'), ('C3', 'a5', 'lin')]  eq={7: 6} sat={8: '0xffffffff', 11: '0x0'}
    58.6  U=(0, 2, 3, 5)  sweep a5  [('C0', 'a0', 'gamma'), ('C1', 'a2', 's0lin+lin'), ('C2', 'a3', 's0lin+lin')]  eq={7: 6} sat={8: '0x0'}
    58.6  U=(0, 2, 3, 6)  sweep a6  [('C0', 'a0', 'gamma'), ('C1', 'a2', 's0lin+lin'), ('C2', 'a3', 's0lin+lin')]  eq={5: 4} sat={}
    58.6  U=(0, 2, 3, 7)  sweep a7  [('C0', 'a0', 'gamma'), ('C1', 'a2', 's0lin+lin'), ('C2', 'a3', 's0lin+lin')]  eq={5: 4} sat={}
    58.6  U=(0, 2, 3, 8)  sweep a8  [('C0', 'a0', 'gamma'), ('C1', 'a2', 's0lin+lin'), ('C2', 'a3', 's0lin+lin')]  eq={5: 4} sat={}
    58.6  U=(0, 2, 3, 9)  sweep a9  [('C0', 'a0', 'gamma'), ('C1', 'a2', 's0lin+lin'), ('C2', 'a3', 's0lin+lin')]  eq={} sat={8: '0x0'}
    58.6  U=(1, 2, 3, 5)  sweep a5  [('C0', 'a1', 's0lin+lin'), ('C1', 'a2', 's0lin+lin'), ('C2', 'a3', 's0lin+lin')]  eq={7: 6} sat={8: '0x0'}
    58.6  U=(1, 2, 3, 6)  sweep a6  [('C0', 'a1', 's0lin+lin'), ('C1', 'a2', 's0lin+lin'), ('C2', 'a3', 's0lin+lin')]  eq={5: 4} sat={}
    58.6  U=(1, 2, 3, 7)  sweep a7  [('C0', 'a1', 's0lin+lin'), ('C1', 'a2', 's0lin+lin'), ('C2', 'a3', 's0lin+lin')]  eq={5: 4} sat={}
    58.6  U=(1, 2, 3, 8)  sweep a8  [('C0', 'a1', 's0lin+lin'), ('C1', 'a2', 's0lin+lin'), ('C2', 'a3', 's0lin+lin')]  eq={5: 4} sat={}
    58.6  U=(1, 2, 3, 9)  sweep a9  [('C0', 'a1', 's0lin+lin'), ('C1', 'a2', 's0lin+lin'), ('C2', 'a3', 's0lin+lin')]  eq={} sat={8: '0x0'}
    58.6  U=(2, 3, 4, 7)  sweep a7  [('C1', 'a2', 's0lin+lin'), ('C2', 'a3', 's0lin+lin'), ('C3', 'a4', 's0lin+lin')]  eq={6: 5} sat={}
    58.6  U=(2, 3, 4, 8)  sweep a8  [('C1', 'a2', 's0lin+lin'), ('C2', 'a3', 's0lin+lin'), ('C3', 'a4', 's0lin+lin')]  eq={6: 5} sat={}
    58.6  U=(2, 3, 4, 9)  sweep a9  [('C1', 'a2', 's0lin+lin'), ('C2', 'a3', 's0lin+lin'), ('C3', 'a4', 's0lin+lin')]  eq={6: 5} sat={}
    58.6  U=(2, 3, 4, 10)  sweep a10  [('C1', 'a2', 's0lin+lin'), ('C2', 'a3', 's0lin+lin'), ('C3', 'a4', 's0lin+lin')]  eq={} sat={9: '0x0'}
    58.6  U=(2, 3, 5, 9)  sweep a9  [('C0', 'a5', 'lin'), ('C1', 'a2', 's0lin+lin'), ('C2', 'a3', 's0lin+lin')]  eq={6: 4, 7: 4} sat={8: '0xffffffff'}
    58.6  U=(2, 3, 5, 10)  sweep a10  [('C0', 'a5', 'lin'), ('C1', 'a2', 's0lin+lin'), ('C2', 'a3', 's0lin+lin')]  eq={6: 4, 7: 4} sat={8: '0xffffffff'}
    58.6  U=(2, 3, 5, 11)  sweep a11  [('C0', 'a5', 'lin'), ('C1', 'a2', 's0lin+lin'), ('C2', 'a3', 's0lin+lin')]  eq={6: 4, 7: 4} sat={8: '0xffffffff'}

380 unknown sets with NO legal schedule; 26 with one
