[09-04 06:02:52] R=20 submask-family run [a100b] on ['NVIDIA A100 80GB PCIe', 'NVIDIA A100-SXM4-80GB'], cap 60.0 h on the sweep, 61.0 h on the pod
[09-04 06:02:53] create with 'NVIDIA A100 80GB PCIe' -> HTTP 500: {'error': '{"error":"create pod: There are no instances currently available","status":500}\n'}
[09-04 06:02:54] pod created: id=9sqc6t0c47dfe9 gpu=NVIDIA A100-SXM4-80GB
[09-04 06:03:26] ssh up at 64.247.196.124:14903 cost/h=1.59
[09-04 06:03:29] pod: NVIDIA | A100-SXM4-80GB, | 81920 | MiB | 2.4.1+cu124
[09-04 06:03:33] solver: started
[09-04 06:08:33] t=0.09h | [2026-09-04 06:08:23] ctx 16: 4,294,967,296 a0 in 16.8s | cumulative a0 7.301e+10 sol 6.818e+10 sub 6,845,928 c3 0 ver 0 | 2.55e+08 a0/s | expected preimages so far 0.002, projected hours per preimage | RUNNING
[09-04 06:13:34] t=0.18h | [2026-09-04 06:13:26] ctx 34: 4,294,967,296 a0 in 16.9s | cumulative a0 1.503e+11 sol 1.404e+11 sub 14,099,150 c3 0 ver 0 | 2.55e+08 a0/s | expected preimages so far 0.003, projected hours per preimag | RUNNING
[09-04 06:18:35] t=0.26h | [2026-09-04 06:18:31] ctx 52: 4,294,967,296 a0 in 16.9s | cumulative a0 2.276e+11 sol 2.126e+11 sub 21,355,094 c3 0 ver 0 | 2.54e+08 a0/s | expected preimages so far 0.005, projected hours per preimag | RUNNING
[09-04 06:23:36] t=0.34h | [2026-09-04 06:23:35] ctx 70: 4,294,967,296 a0 in 16.8s | cumulative a0 3.049e+11 sol 2.848e+11 sub 28,604,336 c3 0 ver 0 | 2.54e+08 a0/s | expected preimages so far 0.007, projected hours per preimag | RUNNING
[09-04 06:28:36] t=0.43h | [2026-09-04 06:28:21] ctx 87: 4,294,967,296 a0 in 16.8s | cumulative a0 3.780e+11 sol 3.530e+11 sub 35,455,646 c3 0 ver 0 | 2.55e+08 a0/s | expected preimages so far 0.008, projected hours per preimag | RUNNING
[09-04 06:33:37] t=0.51h | [2026-09-04 06:33:25] ctx 105: 4,294,967,296 a0 in 16.8s | cumulative a0 4.553e+11 sol 4.251e+11 sub 42,707,086 c3 0 ver 0 | 2.55e+08 a0/s | expected preimages so far 0.010, projected hours per preima | RUNNING
[09-04 06:38:38] t=0.60h | [2026-09-04 06:38:28] ctx 123: 4,294,967,296 a0 in 17.0s | cumulative a0 5.326e+11 sol 4.973e+11 sub 49,960,099 c3 0 ver 0 | 2.55e+08 a0/s | expected preimages so far 0.012, projected hours per preima | RUNNING
[09-04 06:43:39] t=0.68h | [2026-09-04 06:43:32] ctx 141: 4,294,967,296 a0 in 16.9s | cumulative a0 6.099e+11 sol 5.695e+11 sub 57,209,020 c3 0 ver 0 | 2.55e+08 a0/s | expected preimages so far 0.013, projected hours per preima | RUNNING
[09-04 06:48:39] t=0.76h | [2026-09-04 06:48:35] ctx 159: 4,294,967,296 a0 in 16.9s | cumulative a0 6.872e+11 sol 6.417e+11 sub 64,461,031 c3 0 ver 0 | 2.55e+08 a0/s | expected preimages so far 0.015, projected hours per preima | RUNNING
[09-04 06:53:40] t=0.85h | [2026-09-04 06:53:39] ctx 177: 4,294,967,296 a0 in 16.9s | cumulative a0 7.645e+11 sol 7.139e+11 sub 71,709,720 c3 0 ver 0 | 2.55e+08 a0/s | expected preimages so far 0.017, projected hours per preima | RUNNING
[09-04 06:58:41] t=0.93h | [2026-09-04 06:58:26] ctx 194: 4,294,967,296 a0 in 16.9s | cumulative a0 8.375e+11 sol 7.821e+11 sub 78,557,451 c3 0 ver 0 | 2.55e+08 a0/s | expected preimages so far 0.018, projected hours per preima | RUNNING
[09-04 07:03:42] t=1.01h | [2026-09-04 07:03:29] ctx 212: 4,294,967,296 a0 in 16.8s | cumulative a0 9.148e+11 sol 8.543e+11 sub 85,808,908 c3 0 ver 0 | 2.55e+08 a0/s | expected preimages so far 0.020, projected hours per preima | RUNNING
[09-04 07:08:42] t=1.10h | [2026-09-04 07:08:32] ctx 230: 4,294,967,296 a0 in 16.8s | cumulative a0 9.921e+11 sol 9.265e+11 sub 93,062,664 c3 0 ver 0 | 2.55e+08 a0/s | expected preimages so far 0.022, projected hours per preima | RUNNING
[09-04 07:13:43] t=1.18h | [2026-09-04 07:13:36] ctx 248: 4,294,967,296 a0 in 16.9s | cumulative a0 1.069e+12 sol 9.987e+11 sub 100,319,979 c3 0 ver 0 | 2.55e+08 a0/s | expected preimages so far 0.023, projected hours per preim | RUNNING
[09-04 07:18:44] t=1.26h | [2026-09-04 07:18:39] ctx 266: 4,294,967,296 a0 in 16.9s | cumulative a0 1.147e+12 sol 1.071e+12 sub 107,573,506 c3 0 ver 0 | 2.55e+08 a0/s | expected preimages so far 0.025, projected hours per preim | RUNNING
[09-04 07:23:44] t=1.35h | [2026-09-04 07:23:43] ctx 284: 4,294,967,296 a0 in 16.8s | cumulative a0 1.224e+12 sol 1.143e+12 sub 114,828,170 c3 0 ver 0 | 2.55e+08 a0/s | expected preimages so far 0.027, projected hours per preim | RUNNING
[09-04 07:28:45] t=1.43h | [2026-09-04 07:28:30] ctx 301: 4,294,967,296 a0 in 16.9s | cumulative a0 1.297e+12 sol 1.211e+12 sub 121,676,015 c3 0 ver 0 | 2.55e+08 a0/s | expected preimages so far 0.028, projected hours per preim | RUNNING
[09-04 07:33:46] t=1.51h | [2026-09-04 07:33:33] ctx 319: 4,294,967,296 a0 in 16.9s | cumulative a0 1.374e+12 sol 1.283e+12 sub 128,926,196 c3 0 ver 0 | 2.55e+08 a0/s | expected preimages so far 0.030, projected hours per preim | RUNNING
[09-04 07:38:47] t=1.60h | [2026-09-04 07:38:37] ctx 337: 4,294,967,296 a0 in 16.9s | cumulative a0 1.452e+12 sol 1.356e+12 sub 136,178,176 c3 0 ver 0 | 2.55e+08 a0/s | expected preimages so far 0.032, projected hours per preim | RUNNING
[09-04 07:43:47] t=1.68h | [2026-09-04 07:43:41] ctx 355: 4,294,967,296 a0 in 16.9s | cumulative a0 1.529e+12 sol 1.428e+12 sub 143,432,946 c3 0 ver 0 | 2.55e+08 a0/s | expected preimages so far 0.033, projected hours per preim | RUNNING
[09-04 07:48:48] t=1.76h | [2026-09-04 07:48:44] ctx 373: 4,294,967,296 a0 in 16.9s | cumulative a0 1.606e+12 sol 1.500e+12 sub 150,685,643 c3 0 ver 0 | 2.55e+08 a0/s | expected preimages so far 0.035, projected hours per preim | RUNNING
[09-04 07:53:49] t=1.85h | [2026-09-04 07:53:48] ctx 391: 4,294,967,296 a0 in 16.8s | cumulative a0 1.684e+12 sol 1.572e+12 sub 157,939,819 c3 0 ver 0 | 2.55e+08 a0/s | expected preimages so far 0.037, projected hours per preim | RUNNING
[09-04 07:58:50] t=1.93h | [2026-09-04 07:58:34] ctx 408: 4,294,967,296 a0 in 16.8s | cumulative a0 1.757e+12 sol 1.640e+12 sub 164,796,056 c3 0 ver 0 | 2.55e+08 a0/s | expected preimages so far 0.038, projected hours per preim | RUNNING
[09-04 08:03:51] t=2.02h | [2026-09-04 08:03:37] ctx 426: 4,294,967,296 a0 in 16.8s | cumulative a0 1.834e+12 sol 1.713e+12 sub 172,049,062 c3 0 ver 0 | 2.55e+08 a0/s | expected preimages so far 0.040, projected hours per preim | RUNNING
[09-04 08:08:51] t=2.10h | [2026-09-04 08:08:41] ctx 444: 4,294,967,296 a0 in 16.9s | cumulative a0 1.911e+12 sol 1.785e+12 sub 179,299,382 c3 0 ver 0 | 2.55e+08 a0/s | expected preimages so far 0.042, projected hours per preim | RUNNING
[09-04 08:13:52] t=2.18h | [2026-09-04 08:13:44] ctx 462: 4,294,967,296 a0 in 16.8s | cumulative a0 1.989e+12 sol 1.857e+12 sub 186,547,831 c3 0 ver 0 | 2.55e+08 a0/s | expected preimages so far 0.043, projected hours per preim | RUNNING
[09-04 08:18:53] t=2.27h | [2026-09-04 08:18:48] ctx 480: 4,294,967,296 a0 in 16.8s | cumulative a0 2.066e+12 sol 1.929e+12 sub 193,798,711 c3 0 ver 0 | 2.55e+08 a0/s | expected preimages so far 0.045, projected hours per preim | RUNNING
[09-04 08:23:54] t=2.35h | [2026-09-04 08:23:51] ctx 498: 4,294,967,296 a0 in 16.9s | cumulative a0 2.143e+12 sol 2.001e+12 sub 201,047,275 c3 0 ver 0 | 2.55e+08 a0/s | expected preimages so far 0.047, projected hours per preim | RUNNING
[09-04 08:28:54] t=2.43h | [2026-09-04 08:28:37] ctx 515: 4,294,967,296 a0 in 16.8s | cumulative a0 2.216e+12 sol 2.070e+12 sub 207,896,256 c3 0 ver 0 | 2.55e+08 a0/s | expected preimages so far 0.048, projected hours per preim | RUNNING
[09-04 08:33:55] t=2.52h | [2026-09-04 08:33:41] ctx 533: 4,294,967,296 a0 in 16.9s | cumulative a0 2.294e+12 sol 2.142e+12 sub 215,147,971 c3 0 ver 0 | 2.55e+08 a0/s | expected preimages so far 0.050, projected hours per preim | RUNNING
[09-04 08:38:56] t=2.60h | [2026-09-04 08:38:44] ctx 551: 4,294,967,296 a0 in 16.8s | cumulative a0 2.371e+12 sol 2.214e+12 sub 222,400,025 c3 0 ver 0 | 2.55e+08 a0/s | expected preimages so far 0.052, projected hours per preim | RUNNING
[09-04 08:43:57] t=2.68h | [2026-09-04 08:43:48] ctx 569: 4,294,967,296 a0 in 16.9s | cumulative a0 2.448e+12 sol 2.286e+12 sub 229,650,534 c3 0 ver 0 | 2.55e+08 a0/s | expected preimages so far 0.053, projected hours per preim | RUNNING
[09-04 08:48:57] t=2.77h | [2026-09-04 08:48:51] ctx 587: 4,294,967,296 a0 in 16.8s | cumulative a0 2.525e+12 sol 2.358e+12 sub 236,904,774 c3 0 ver 0 | 2.55e+08 a0/s | expected preimages so far 0.055, projected hours per preim | RUNNING
[09-04 08:53:58] t=2.85h | [2026-09-04 08:53:55] ctx 605: 4,294,967,296 a0 in 16.9s | cumulative a0 2.603e+12 sol 2.431e+12 sub 244,158,986 c3 0 ver 0 | 2.55e+08 a0/s | expected preimages so far 0.057, projected hours per preim | RUNNING
[09-04 08:58:59] t=2.93h | [2026-09-04 08:58:58] ctx 623: 4,294,967,296 a0 in 16.8s | cumulative a0 2.680e+12 sol 2.503e+12 sub 251,412,169 c3 0 ver 0 | 2.55e+08 a0/s | expected preimages so far 0.059, projected hours per preim | RUNNING
[09-04 09:04:00] t=3.02h | [2026-09-04 09:03:44] ctx 640: 4,294,967,296 a0 in 16.8s | cumulative a0 2.753e+12 sol 2.571e+12 sub 258,264,138 c3 0 ver 0 | 2.55e+08 a0/s | expected preimages so far 0.060, projected hours per preim | RUNNING
[09-04 09:09:00] t=3.10h | [2026-09-04 09:08:48] ctx 658: 4,294,967,296 a0 in 16.8s | cumulative a0 2.830e+12 sol 2.643e+12 sub 265,513,216 c3 0 ver 0 | 2.55e+08 a0/s | expected preimages so far 0.062, projected hours per preim | RUNNING
[09-04 09:14:01] t=3.19h | [2026-09-04 09:13:51] ctx 676: 4,294,967,296 a0 in 16.8s | cumulative a0 2.908e+12 sol 2.715e+12 sub 272,767,539 c3 0 ver 0 | 2.55e+08 a0/s | expected preimages so far 0.064, projected hours per preim | RUNNING
[09-04 09:19:02] t=3.27h | [2026-09-04 09:18:55] ctx 694: 4,294,967,296 a0 in 16.9s | cumulative a0 2.985e+12 sol 2.788e+12 sub 280,024,733 c3 0 ver 0 | 2.55e+08 a0/s | expected preimages so far 0.065, projected hours per preim | RUNNING
[09-04 09:24:03] t=3.35h | [2026-09-04 09:23:58] ctx 712: 4,294,967,296 a0 in 16.9s | cumulative a0 3.062e+12 sol 2.860e+12 sub 287,274,320 c3 0 ver 0 | 2.55e+08 a0/s | expected preimages so far 0.067, projected hours per preim | RUNNING
[09-04 09:29:03] t=3.44h | [2026-09-04 09:29:01] ctx 730: 4,294,967,296 a0 in 16.8s | cumulative a0 3.140e+12 sol 2.932e+12 sub 294,524,634 c3 0 ver 0 | 2.55e+08 a0/s | expected preimages so far 0.069, projected hours per preim | RUNNING
[09-04 09:34:04] t=3.52h | [2026-09-04 09:33:48] ctx 747: 4,294,967,296 a0 in 16.9s | cumulative a0 3.213e+12 sol 3.000e+12 sub 301,378,167 c3 0 ver 0 | 2.55e+08 a0/s | expected preimages so far 0.070, projected hours per preim | RUNNING
[09-04 09:39:05] t=3.60h | [2026-09-04 09:38:51] ctx 765: 4,294,967,296 a0 in 16.9s | cumulative a0 3.290e+12 sol 3.072e+12 sub 308,633,577 c3 0 ver 0 | 2.55e+08 a0/s | expected preimages so far 0.072, projected hours per preim | RUNNING
[09-04 09:44:06] t=3.69h | [2026-09-04 09:43:54] ctx 783: 4,294,967,296 a0 in 16.9s | cumulative a0 3.367e+12 sol 3.144e+12 sub 315,886,007 c3 0 ver 0 | 2.55e+08 a0/s | expected preimages so far 0.074, projected hours per preim | RUNNING
[09-04 09:49:07] t=3.77h | [2026-09-04 09:48:58] ctx 801: 4,294,967,296 a0 in 16.9s | cumulative a0 3.445e+12 sol 3.217e+12 sub 323,137,545 c3 0 ver 0 | 2.55e+08 a0/s | expected preimages so far 0.075, projected hours per preim | RUNNING
[09-04 09:54:07] t=3.85h | [2026-09-04 09:54:01] ctx 819: 4,294,967,296 a0 in 16.8s | cumulative a0 3.522e+12 sol 3.289e+12 sub 330,392,489 c3 0 ver 0 | 2.55e+08 a0/s | expected preimages so far 0.077, projected hours per preim | RUNNING
[09-04 09:59:08] t=3.94h | [2026-09-04 09:59:04] ctx 837: 4,294,967,296 a0 in 16.8s | cumulative a0 3.599e+12 sol 3.361e+12 sub 337,641,121 c3 0 ver 0 | 2.55e+08 a0/s | expected preimages so far 0.079, projected hours per preim | RUNNING
[09-04 10:04:09] t=4.02h | [2026-09-04 10:04:08] ctx 855: 4,294,967,296 a0 in 16.9s | cumulative a0 3.676e+12 sol 3.433e+12 sub 344,893,115 c3 0 ver 0 | 2.55e+08 a0/s | expected preimages so far 0.080, projected hours per preim | RUNNING
[09-04 10:09:10] t=4.10h | [2026-09-04 10:08:54] ctx 872: 4,294,967,296 a0 in 16.8s | cumulative a0 3.750e+12 sol 3.501e+12 sub 351,741,042 c3 0 ver 0 | 2.55e+08 a0/s | expected preimages so far 0.082, projected hours per preim | RUNNING
[09-04 10:14:10] t=4.19h | [2026-09-04 10:13:57] ctx 890: 4,294,967,296 a0 in 16.8s | cumulative a0 3.827e+12 sol 3.574e+12 sub 358,992,306 c3 0 ver 0 | 2.55e+08 a0/s | expected preimages so far 0.084, projected hours per preim | RUNNING
[09-04 10:19:11] t=4.27h | [2026-09-04 10:19:01] ctx 908: 4,294,967,296 a0 in 16.9s | cumulative a0 3.904e+12 sol 3.646e+12 sub 366,244,838 c3 0 ver 0 | 2.55e+08 a0/s | expected preimages so far 0.085, projected hours per preim | RUNNING
[09-04 10:24:12] t=4.35h | [2026-09-04 10:24:04] ctx 926: 4,294,967,296 a0 in 16.8s | cumulative a0 3.981e+12 sol 3.718e+12 sub 373,493,336 c3 0 ver 0 | 2.55e+08 a0/s | expected preimages so far 0.087, projected hours per preim | RUNNING
[09-04 10:29:13] t=4.44h | [2026-09-04 10:29:08] ctx 944: 4,294,967,296 a0 in 16.9s | cumulative a0 4.059e+12 sol 3.790e+12 sub 380,745,063 c3 0 ver 0 | 2.55e+08 a0/s | expected preimages so far 0.089, projected hours per preim | RUNNING
[09-04 10:34:13] t=4.52h | [2026-09-04 10:34:11] ctx 962: 4,294,967,296 a0 in 16.9s | cumulative a0 4.136e+12 sol 3.862e+12 sub 387,995,343 c3 0 ver 0 | 2.55e+08 a0/s | expected preimages so far 0.090, projected hours per preim | RUNNING
[09-04 10:39:14] t=4.61h | [2026-09-04 10:38:58] ctx 979: 4,294,967,296 a0 in 16.8s | cumulative a0 4.209e+12 sol 3.931e+12 sub 394,849,680 c3 0 ver 0 | 2.55e+08 a0/s | expected preimages so far 0.092, projected hours per preim | RUNNING
[09-04 10:44:15] t=4.69h | [2026-09-04 10:44:02] ctx 997: 4,294,967,296 a0 in 16.9s | cumulative a0 4.286e+12 sol 4.003e+12 sub 402,102,143 c3 0 ver 0 | 2.55e+08 a0/s | expected preimages so far 0.094, projected hours per preim | RUNNING
[09-04 10:49:16] t=4.77h | [2026-09-04 10:49:05] ctx 1015: 4,294,967,296 a0 in 16.9s | cumulative a0 4.364e+12 sol 4.075e+12 sub 409,355,043 c3 0 ver 0 | 2.55e+08 a0/s | expected preimages so far 0.095, projected hours per prei | RUNNING
[09-04 10:54:16] t=4.86h | [2026-09-04 10:54:09] ctx 1033: 4,294,967,296 a0 in 16.9s | cumulative a0 4.441e+12 sol 4.147e+12 sub 416,606,100 c3 0 ver 0 | 2.55e+08 a0/s | expected preimages so far 0.097, projected hours per prei | RUNNING
[09-04 10:59:17] t=4.94h | [2026-09-04 10:59:12] ctx 1051: 4,294,967,296 a0 in 16.8s | cumulative a0 4.518e+12 sol 4.219e+12 sub 423,857,120 c3 0 ver 0 | 2.55e+08 a0/s | expected preimages so far 0.099, projected hours per prei | RUNNING
[09-04 11:04:18] t=5.02h | [2026-09-04 11:04:15] ctx 1069: 4,294,967,296 a0 in 16.8s | cumulative a0 4.596e+12 sol 4.292e+12 sub 431,100,732 c3 0 ver 0 | 2.55e+08 a0/s | expected preimages so far 0.100, projected hours per prei | RUNNING
[09-04 11:09:19] t=5.11h | [2026-09-04 11:09:02] ctx 1086: 4,294,967,296 a0 in 16.8s | cumulative a0 4.669e+12 sol 4.360e+12 sub 437,945,547 c3 0 ver 0 | 2.55e+08 a0/s | expected preimages so far 0.102, projected hours per prei | RUNNING
[09-04 11:14:20] t=5.19h | [2026-09-04 11:14:05] ctx 1104: 4,294,967,296 a0 in 16.8s | cumulative a0 4.746e+12 sol 4.432e+12 sub 445,197,684 c3 0 ver 0 | 2.55e+08 a0/s | expected preimages so far 0.104, projected hours per prei | RUNNING
[09-04 11:19:20] t=5.27h | [2026-09-04 11:19:09] ctx 1122: 4,294,967,296 a0 in 16.8s | cumulative a0 4.823e+12 sol 4.504e+12 sub 452,448,798 c3 0 ver 0 | 2.55e+08 a0/s | expected preimages so far 0.105, projected hours per prei | RUNNING
[09-04 11:24:21] t=5.36h | [2026-09-04 11:24:12] ctx 1140: 4,294,967,296 a0 in 16.8s | cumulative a0 4.901e+12 sol 4.576e+12 sub 459,704,579 c3 0 ver 0 | 2.55e+08 a0/s | expected preimages so far 0.107, projected hours per prei | RUNNING
[09-04 11:29:22] t=5.44h | [2026-09-04 11:29:15] ctx 1158: 4,294,967,296 a0 in 16.8s | cumulative a0 4.978e+12 sol 4.649e+12 sub 466,954,013 c3 0 ver 0 | 2.55e+08 a0/s | expected preimages so far 0.109, projected hours per prei | RUNNING
[09-04 11:34:23] t=5.52h | [2026-09-04 11:34:19] ctx 1176: 4,294,967,296 a0 in 16.8s | cumulative a0 5.055e+12 sol 4.721e+12 sub 474,204,787 c3 0 ver 0 | 2.55e+08 a0/s | expected preimages so far 0.110, projected hours per prei | RUNNING
[09-04 11:39:23] t=5.61h | [2026-09-04 11:39:22] ctx 1194: 4,294,967,296 a0 in 16.8s | cumulative a0 5.132e+12 sol 4.793e+12 sub 481,460,025 c3 0 ver 0 | 2.55e+08 a0/s | expected preimages so far 0.112, projected hours per prei | RUNNING
[09-04 11:44:24] t=5.69h | [2026-09-04 11:44:09] ctx 1211: 4,294,967,296 a0 in 16.9s | cumulative a0 5.206e+12 sol 4.861e+12 sub 488,309,688 c3 0 ver 0 | 2.55e+08 a0/s | expected preimages so far 0.114, projected hours per prei | RUNNING
[09-04 11:49:25] t=5.77h | [2026-09-04 11:49:12] ctx 1229: 4,294,967,296 a0 in 16.8s | cumulative a0 5.283e+12 sol 4.933e+12 sub 495,560,211 c3 0 ver 0 | 2.55e+08 a0/s | expected preimages so far 0.115, projected hours per prei | RUNNING
[09-04 11:54:26] t=5.86h | [2026-09-04 11:54:15] ctx 1247: 4,294,967,296 a0 in 16.8s | cumulative a0 5.360e+12 sol 5.006e+12 sub 502,806,468 c3 0 ver 0 | 2.55e+08 a0/s | expected preimages so far 0.117, projected hours per prei | RUNNING
[09-04 11:59:26] t=5.94h | [2026-09-04 11:59:19] ctx 1265: 4,294,967,296 a0 in 16.9s | cumulative a0 5.437e+12 sol 5.078e+12 sub 510,059,540 c3 0 ver 0 | 2.55e+08 a0/s | expected preimages so far 0.119, projected hours per prei | RUNNING
[09-04 12:04:27] t=6.03h | [2026-09-04 12:04:22] ctx 1283: 4,294,967,296 a0 in 16.9s | cumulative a0 5.515e+12 sol 5.150e+12 sub 517,313,969 c3 0 ver 0 | 2.55e+08 a0/s | expected preimages so far 0.120, projected hours per prei | RUNNING
[09-04 12:09:28] t=6.11h | [2026-09-04 12:09:26] ctx 1301: 4,294,967,296 a0 in 16.9s | cumulative a0 5.592e+12 sol 5.222e+12 sub 524,565,350 c3 0 ver 0 | 2.55e+08 a0/s | expected preimages so far 0.122, projected hours per prei | RUNNING
[09-04 12:14:29] t=6.19h | [2026-09-04 12:14:14] ctx 1318: 4,294,967,296 a0 in 17.0s | cumulative a0 5.665e+12 sol 5.290e+12 sub 531,417,843 c3 0 ver 0 | 2.55e+08 a0/s | expected preimages so far 0.124, projected hours per prei | RUNNING
[09-04 12:19:30] t=6.28h | [2026-09-04 12:19:18] ctx 1336: 4,294,967,296 a0 in 16.9s | cumulative a0 5.742e+12 sol 5.362e+12 sub 538,671,374 c3 0 ver 0 | 2.55e+08 a0/s | expected preimages so far 0.125, projected hours per prei | RUNNING
[09-04 12:24:30] t=6.36h | [2026-09-04 12:24:22] ctx 1354: 4,294,967,296 a0 in 16.9s | cumulative a0 5.820e+12 sol 5.435e+12 sub 545,921,692 c3 0 ver 0 | 2.55e+08 a0/s | expected preimages so far 0.127, projected hours per prei | RUNNING
[09-04 12:29:31] t=6.44h | [2026-09-04 12:29:25] ctx 1372: 4,294,967,296 a0 in 16.9s | cumulative a0 5.897e+12 sol 5.507e+12 sub 553,176,363 c3 0 ver 0 | 2.55e+08 a0/s | expected preimages so far 0.129, projected hours per prei | RUNNING
[09-04 12:34:32] t=6.53h | [2026-09-04 12:34:28] ctx 1390: 4,294,967,296 a0 in 16.9s | cumulative a0 5.974e+12 sol 5.579e+12 sub 560,428,320 c3 0 ver 0 | 2.55e+08 a0/s | expected preimages so far 0.130, projected hours per prei | RUNNING
[09-04 12:39:33] t=6.61h | [2026-09-04 12:39:32] ctx 1408: 4,294,967,296 a0 in 16.8s | cumulative a0 6.052e+12 sol 5.651e+12 sub 567,679,178 c3 0 ver 0 | 2.55e+08 a0/s | expected preimages so far 0.132, projected hours per prei | RUNNING
[09-04 12:44:33] t=6.69h | [2026-09-04 12:44:18] ctx 1425: 4,294,967,296 a0 in 16.8s | cumulative a0 6.125e+12 sol 5.719e+12 sub 574,523,222 c3 0 ver 0 | 2.55e+08 a0/s | expected preimages so far 0.134, projected hours per prei | RUNNING
[09-04 12:49:34] t=6.78h | [2026-09-04 12:49:22] ctx 1443: 4,294,967,296 a0 in 16.9s | cumulative a0 6.202e+12 sol 5.792e+12 sub 581,772,316 c3 0 ver 0 | 2.55e+08 a0/s | expected preimages so far 0.135, projected hours per prei | RUNNING
[09-04 12:54:35] t=6.86h | [2026-09-04 12:54:25] ctx 1461: 4,294,967,296 a0 in 16.9s | cumulative a0 6.279e+12 sol 5.864e+12 sub 589,024,421 c3 0 ver 0 | 2.55e+08 a0/s | expected preimages so far 0.137, projected hours per prei | RUNNING
[09-04 12:59:36] t=6.94h | [2026-09-04 12:59:34] ctx 1479: 4,294,967,296 a0 in 17.3s | cumulative a0 6.357e+12 sol 5.936e+12 sub 596,279,423 c3 0 ver 0 | 2.55e+08 a0/s | expected preimages so far 0.139, projected hours per prei | RUNNING
[09-04 13:04:36] t=7.03h | [2026-09-04 13:04:23] ctx 1496: 4,294,967,296 a0 in 16.8s | cumulative a0 6.430e+12 sol 6.004e+12 sub 603,132,933 c3 0 ver 0 | 2.55e+08 a0/s | expected preimages so far 0.140, projected hours per prei | RUNNING
[09-04 13:09:37] t=7.11h | [2026-09-04 13:09:27] ctx 1514: 4,294,967,296 a0 in 16.9s | cumulative a0 6.507e+12 sol 6.076e+12 sub 610,382,329 c3 0 ver 0 | 2.55e+08 a0/s | expected preimages so far 0.142, projected hours per prei | RUNNING
[09-04 13:14:38] t=7.20h | [2026-09-04 13:14:30] ctx 1532: 4,294,967,296 a0 in 16.8s | cumulative a0 6.584e+12 sol 6.149e+12 sub 617,632,913 c3 0 ver 0 | 2.55e+08 a0/s | expected preimages so far 0.144, projected hours per prei | RUNNING
[09-04 13:19:39] t=7.28h | [2026-09-04 13:19:34] ctx 1550: 4,294,967,296 a0 in 16.9s | cumulative a0 6.661e+12 sol 6.221e+12 sub 624,889,244 c3 0 ver 0 | 2.55e+08 a0/s | expected preimages so far 0.145, projected hours per prei | RUNNING
[09-04 13:24:39] t=7.36h | [2026-09-04 13:24:37] ctx 1568: 4,294,967,296 a0 in 16.9s | cumulative a0 6.739e+12 sol 6.293e+12 sub 632,136,937 c3 0 ver 0 | 2.55e+08 a0/s | expected preimages so far 0.147, projected hours per prei | RUNNING
[09-04 13:29:40] t=7.45h | [2026-09-04 13:29:23] ctx 1585: 4,294,967,296 a0 in 16.9s | cumulative a0 6.812e+12 sol 6.361e+12 sub 638,987,875 c3 0 ver 0 | 2.55e+08 a0/s | expected preimages so far 0.149, projected hours per prei | RUNNING
[09-04 13:34:41] t=7.53h | [2026-09-04 13:34:27] ctx 1603: 4,294,967,296 a0 in 16.9s | cumulative a0 6.889e+12 sol 6.433e+12 sub 646,239,512 c3 0 ver 0 | 2.55e+08 a0/s | expected preimages so far 0.150, projected hours per prei | RUNNING
[09-04 13:39:42] t=7.61h | [2026-09-04 13:39:30] ctx 1621: 4,294,967,296 a0 in 16.9s | cumulative a0 6.966e+12 sol 6.506e+12 sub 653,488,565 c3 0 ver 0 | 2.55e+08 a0/s | expected preimages so far 0.152, projected hours per prei | RUNNING
[09-04 13:44:42] t=7.70h | [2026-09-04 13:44:34] ctx 1639: 4,294,967,296 a0 in 16.9s | cumulative a0 7.044e+12 sol 6.578e+12 sub 660,738,863 c3 0 ver 0 | 2.55e+08 a0/s | expected preimages so far 0.154, projected hours per prei | RUNNING
[09-04 13:49:43] t=7.78h | [2026-09-04 13:49:38] ctx 1657: 4,294,967,296 a0 in 16.8s | cumulative a0 7.121e+12 sol 6.650e+12 sub 667,994,294 c3 0 ver 0 | 2.55e+08 a0/s | expected preimages so far 0.156, projected hours per prei | RUNNING
[09-04 13:54:44] t=7.86h | [2026-09-04 13:54:30] ctx 1674: 4,294,967,296 a0 in 17.4s | cumulative a0 7.194e+12 sol 6.718e+12 sub 674,843,511 c3 0 ver 0 | 2.55e+08 a0/s | expected preimages so far 0.157, projected hours per prei | RUNNING
[09-04 13:59:45] t=7.95h | [2026-09-04 13:59:36] ctx 1692: 4,294,967,296 a0 in 16.9s | cumulative a0 7.271e+12 sol 6.790e+12 sub 682,095,161 c3 0 ver 0 | 2.55e+08 a0/s | expected preimages so far 0.159, projected hours per prei | RUNNING
[09-04 14:04:45] t=8.03h | [2026-09-04 14:04:39] ctx 1710: 4,294,967,296 a0 in 16.9s | cumulative a0 7.349e+12 sol 6.863e+12 sub 689,348,987 c3 0 ver 0 | 2.55e+08 a0/s | expected preimages so far 0.161, projected hours per prei | RUNNING
[09-04 14:09:46] t=8.11h | [2026-09-04 14:09:43] ctx 1728: 4,294,967,296 a0 in 16.8s | cumulative a0 7.426e+12 sol 6.935e+12 sub 696,602,008 c3 0 ver 0 | 2.55e+08 a0/s | expected preimages so far 0.162, projected hours per prei | RUNNING
[09-04 14:14:47] t=8.20h | [2026-09-04 14:14:46] ctx 1746: 4,294,967,296 a0 in 16.9s | cumulative a0 7.503e+12 sol 7.007e+12 sub 703,852,773 c3 0 ver 0 | 2.55e+08 a0/s | expected preimages so far 0.164, projected hours per prei | RUNNING
[09-04 14:19:48] t=8.28h | [2026-09-04 14:19:33] ctx 1763: 4,294,967,296 a0 in 16.9s | cumulative a0 7.576e+12 sol 7.075e+12 sub 710,701,654 c3 0 ver 0 | 2.55e+08 a0/s | expected preimages so far 0.165, projected hours per prei | RUNNING
[09-04 14:24:48] t=8.36h | [2026-09-04 14:24:36] ctx 1781: 4,294,967,296 a0 in 16.9s | cumulative a0 7.654e+12 sol 7.147e+12 sub 717,954,574 c3 0 ver 0 | 2.55e+08 a0/s | expected preimages so far 0.167, projected hours per prei | RUNNING
[09-04 14:29:49] t=8.45h | [2026-09-04 14:29:40] ctx 1799: 4,294,967,296 a0 in 16.9s | cumulative a0 7.731e+12 sol 7.219e+12 sub 725,209,181 c3 0 ver 0 | 2.55e+08 a0/s | expected preimages so far 0.169, projected hours per prei | RUNNING
[09-04 14:34:50] t=8.53h | [2026-09-04 14:34:43] ctx 1817: 4,294,967,296 a0 in 16.9s | cumulative a0 7.808e+12 sol 7.292e+12 sub 732,462,141 c3 0 ver 0 | 2.55e+08 a0/s | expected preimages so far 0.171, projected hours per prei | RUNNING
[09-04 14:39:51] t=8.62h | [2026-09-04 14:39:47] ctx 1835: 4,294,967,296 a0 in 16.8s | cumulative a0 7.886e+12 sol 7.364e+12 sub 739,715,313 c3 0 ver 0 | 2.55e+08 a0/s | expected preimages so far 0.172, projected hours per prei | RUNNING
