[09-04 06:02:51] R=20 submask-family run [a100a] on ['NVIDIA A100 80GB PCIe', 'NVIDIA A100-SXM4-80GB'], cap 60.0 h on the sweep, 61.0 h on the pod
[09-04 06:02:51] create with 'NVIDIA A100 80GB PCIe' -> HTTP 500: {'error': '{"error":"create pod: There are no instances currently available","status":500}\n'}
[09-04 06:02:52] pod created: id=b69rcro3uqlki1 gpu=NVIDIA A100-SXM4-80GB
[09-04 06:03:09] ssh up at 154.54.102.45:13524 cost/h=1.59
[09-04 06:03:15] pod: NVIDIA | A100-SXM4-80GB, | 81920 | MiB | 2.4.1+cu124
[09-04 06:03:19] solver: started
[09-04 06:08:21] t=0.09h | [2026-09-04 06:08:11] ctx 16: 4,294,967,296 a0 in 16.9s | cumulative a0 7.301e+10 sol 6.818e+10 sub 6,852,919 c3 0 ver 0 | 2.54e+08 a0/s | expected preimages so far 0.002, projected hours per preimage | RUNNING
[09-04 06:13:23] t=0.17h | [2026-09-04 06:13:15] ctx 34: 4,294,967,296 a0 in 16.9s | cumulative a0 1.503e+11 sol 1.404e+11 sub 14,102,809 c3 0 ver 0 | 2.54e+08 a0/s | expected preimages so far 0.003, projected hours per preimag | RUNNING
[09-04 06:18:24] t=0.26h | [2026-09-04 06:18:19] ctx 52: 4,294,967,296 a0 in 16.9s | cumulative a0 2.276e+11 sol 2.126e+11 sub 21,357,530 c3 0 ver 0 | 2.54e+08 a0/s | expected preimages so far 0.005, projected hours per preimag | RUNNING
[09-04 06:23:26] t=0.34h | [2026-09-04 06:23:23] ctx 70: 4,294,967,296 a0 in 16.9s | cumulative a0 3.049e+11 sol 2.848e+11 sub 28,608,962 c3 0 ver 0 | 2.54e+08 a0/s | expected preimages so far 0.007, projected hours per preimag | RUNNING
[09-04 06:28:28] t=0.43h | [2026-09-04 06:28:27] ctx 88: 4,294,967,296 a0 in 16.9s | cumulative a0 3.823e+11 sol 3.570e+11 sub 35,863,822 c3 0 ver 0 | 2.54e+08 a0/s | expected preimages so far 0.008, projected hours per preimag | RUNNING
[09-04 06:33:29] t=0.51h | [2026-09-04 06:33:14] ctx 105: 4,294,967,296 a0 in 16.9s | cumulative a0 4.553e+11 sol 4.251e+11 sub 42,711,639 c3 0 ver 0 | 2.54e+08 a0/s | expected preimages so far 0.010, projected hours per preima | RUNNING
[09-04 06:38:31] t=0.59h | [2026-09-04 06:38:18] ctx 123: 4,294,967,296 a0 in 16.9s | cumulative a0 5.326e+11 sol 4.973e+11 sub 49,967,223 c3 0 ver 0 | 2.54e+08 a0/s | expected preimages so far 0.012, projected hours per preima | RUNNING
[09-04 06:43:33] t=0.68h | [2026-09-04 06:43:22] ctx 141: 4,294,967,296 a0 in 16.9s | cumulative a0 6.099e+11 sol 5.695e+11 sub 57,218,680 c3 0 ver 0 | 2.54e+08 a0/s | expected preimages so far 0.013, projected hours per preima | RUNNING
[09-04 06:48:35] t=0.76h | [2026-09-04 06:48:26] ctx 159: 4,294,967,296 a0 in 16.9s | cumulative a0 6.872e+11 sol 6.417e+11 sub 64,467,981 c3 0 ver 0 | 2.54e+08 a0/s | expected preimages so far 0.015, projected hours per preima | RUNNING
[09-04 06:53:36] t=0.85h | [2026-09-04 06:53:30] ctx 177: 4,294,967,296 a0 in 16.9s | cumulative a0 7.645e+11 sol 7.139e+11 sub 71,722,132 c3 0 ver 0 | 2.54e+08 a0/s | expected preimages so far 0.017, projected hours per preima | RUNNING
[09-04 06:58:38] t=0.93h | [2026-09-04 06:58:34] ctx 195: 4,294,967,296 a0 in 16.9s | cumulative a0 8.418e+11 sol 7.861e+11 sub 78,971,809 c3 0 ver 0 | 2.54e+08 a0/s | expected preimages so far 0.018, projected hours per preima | RUNNING
[09-04 07:03:40] t=1.01h | [2026-09-04 07:03:38] ctx 213: 4,294,967,296 a0 in 16.9s | cumulative a0 9.191e+11 sol 8.583e+11 sub 86,220,532 c3 0 ver 0 | 2.54e+08 a0/s | expected preimages so far 0.020, projected hours per preima | RUNNING
[09-04 07:08:42] t=1.10h | [2026-09-04 07:08:25] ctx 230: 4,294,967,296 a0 in 16.9s | cumulative a0 9.921e+11 sol 9.265e+11 sub 93,066,965 c3 0 ver 0 | 2.54e+08 a0/s | expected preimages so far 0.022, projected hours per preima | RUNNING
[09-04 07:13:43] t=1.18h | [2026-09-04 07:13:29] ctx 248: 4,294,967,296 a0 in 16.9s | cumulative a0 1.069e+12 sol 9.987e+11 sub 100,320,407 c3 0 ver 0 | 2.54e+08 a0/s | expected preimages so far 0.023, projected hours per preim | RUNNING
[09-04 07:18:45] t=1.26h | [2026-09-04 07:18:33] ctx 266: 4,294,967,296 a0 in 16.9s | cumulative a0 1.147e+12 sol 1.071e+12 sub 107,570,694 c3 0 ver 0 | 2.54e+08 a0/s | expected preimages so far 0.025, projected hours per preim | RUNNING
[09-04 07:23:47] t=1.35h | [2026-09-04 07:23:37] ctx 284: 4,294,967,296 a0 in 16.9s | cumulative a0 1.224e+12 sol 1.143e+12 sub 114,822,955 c3 0 ver 0 | 2.54e+08 a0/s | expected preimages so far 0.027, projected hours per preim | RUNNING
[09-04 07:28:48] t=1.43h | [2026-09-04 07:28:41] ctx 302: 4,294,967,296 a0 in 16.9s | cumulative a0 1.301e+12 sol 1.215e+12 sub 122,073,560 c3 0 ver 0 | 2.54e+08 a0/s | expected preimages so far 0.028, projected hours per preim | RUNNING
[09-04 07:33:50] t=1.52h | [2026-09-04 07:33:45] ctx 320: 4,294,967,296 a0 in 16.9s | cumulative a0 1.379e+12 sol 1.287e+12 sub 129,329,685 c3 0 ver 0 | 2.54e+08 a0/s | expected preimages so far 0.030, projected hours per preim | RUNNING
[09-04 07:38:52] t=1.60h | [2026-09-04 07:38:49] ctx 338: 4,294,967,296 a0 in 16.9s | cumulative a0 1.456e+12 sol 1.360e+12 sub 136,583,203 c3 0 ver 0 | 2.54e+08 a0/s | expected preimages so far 0.032, projected hours per preim | RUNNING
[09-04 07:43:54] t=1.68h | [2026-09-04 07:43:53] ctx 356: 4,294,967,296 a0 in 16.9s | cumulative a0 1.533e+12 sol 1.432e+12 sub 143,834,783 c3 0 ver 0 | 2.54e+08 a0/s | expected preimages so far 0.033, projected hours per preim | RUNNING
[09-04 07:48:55] t=1.77h | [2026-09-04 07:48:40] ctx 373: 4,294,967,296 a0 in 16.9s | cumulative a0 1.606e+12 sol 1.500e+12 sub 150,685,616 c3 0 ver 0 | 2.54e+08 a0/s | expected preimages so far 0.035, projected hours per preim | RUNNING
[09-04 07:53:57] t=1.85h | [2026-09-04 07:53:44] ctx 391: 4,294,967,296 a0 in 16.9s | cumulative a0 1.684e+12 sol 1.572e+12 sub 157,941,613 c3 0 ver 0 | 2.54e+08 a0/s | expected preimages so far 0.037, projected hours per preim | RUNNING
[09-04 07:58:59] t=1.93h | [2026-09-04 07:58:48] ctx 409: 4,294,967,296 a0 in 16.9s | cumulative a0 1.761e+12 sol 1.644e+12 sub 165,195,315 c3 0 ver 0 | 2.54e+08 a0/s | expected preimages so far 0.038, projected hours per preim | RUNNING
[09-04 08:04:01] t=2.02h | [2026-09-04 08:03:52] ctx 427: 4,294,967,296 a0 in 16.9s | cumulative a0 1.838e+12 sol 1.717e+12 sub 172,444,749 c3 0 ver 0 | 2.54e+08 a0/s | expected preimages so far 0.040, projected hours per preim | RUNNING
[09-04 08:09:02] t=2.10h | [2026-09-04 08:08:56] ctx 445: 4,294,967,296 a0 in 16.9s | cumulative a0 1.916e+12 sol 1.789e+12 sub 179,698,514 c3 0 ver 0 | 2.54e+08 a0/s | expected preimages so far 0.042, projected hours per preim | RUNNING
[09-04 08:14:04] t=2.19h | [2026-09-04 08:14:00] ctx 463: 4,294,967,296 a0 in 16.9s | cumulative a0 1.993e+12 sol 1.861e+12 sub 186,949,264 c3 0 ver 0 | 2.54e+08 a0/s | expected preimages so far 0.044, projected hours per preim | RUNNING
[09-04 08:19:06] t=2.27h | [2026-09-04 08:19:04] ctx 481: 4,294,967,296 a0 in 16.9s | cumulative a0 2.070e+12 sol 1.933e+12 sub 194,204,877 c3 0 ver 0 | 2.54e+08 a0/s | expected preimages so far 0.045, projected hours per preim | RUNNING
[09-04 08:24:07] t=2.35h | [2026-09-04 08:23:51] ctx 498: 4,294,967,296 a0 in 16.9s | cumulative a0 2.143e+12 sol 2.001e+12 sub 201,051,711 c3 0 ver 0 | 2.54e+08 a0/s | expected preimages so far 0.047, projected hours per preim | RUNNING
[09-04 08:29:09] t=2.44h | [2026-09-04 08:28:55] ctx 516: 4,294,967,296 a0 in 16.9s | cumulative a0 2.220e+12 sol 2.074e+12 sub 208,303,428 c3 0 ver 0 | 2.54e+08 a0/s | expected preimages so far 0.048, projected hours per preim | RUNNING
[09-04 08:34:11] t=2.52h | [2026-09-04 08:33:59] ctx 534: 4,294,967,296 a0 in 16.9s | cumulative a0 2.298e+12 sol 2.146e+12 sub 215,557,977 c3 0 ver 0 | 2.54e+08 a0/s | expected preimages so far 0.050, projected hours per preim | RUNNING
[09-04 08:39:13] t=2.61h | [2026-09-04 08:39:03] ctx 552: 4,294,967,296 a0 in 16.9s | cumulative a0 2.375e+12 sol 2.218e+12 sub 222,811,172 c3 0 ver 0 | 2.54e+08 a0/s | expected preimages so far 0.052, projected hours per preim | RUNNING
[09-04 08:44:15] t=2.69h | [2026-09-04 08:44:07] ctx 570: 4,294,967,296 a0 in 16.9s | cumulative a0 2.452e+12 sol 2.290e+12 sub 230,063,301 c3 0 ver 0 | 2.54e+08 a0/s | expected preimages so far 0.054, projected hours per preim | RUNNING
[09-04 08:49:16] t=2.77h | [2026-09-04 08:49:11] ctx 588: 4,294,967,296 a0 in 16.9s | cumulative a0 2.530e+12 sol 2.362e+12 sub 237,311,479 c3 0 ver 0 | 2.54e+08 a0/s | expected preimages so far 0.055, projected hours per preim | RUNNING
[09-04 08:54:18] t=2.86h | [2026-09-04 08:54:15] ctx 606: 4,294,967,296 a0 in 16.9s | cumulative a0 2.607e+12 sol 2.435e+12 sub 244,563,901 c3 0 ver 0 | 2.54e+08 a0/s | expected preimages so far 0.057, projected hours per preim | RUNNING
[09-04 08:59:20] t=2.94h | [2026-09-04 08:59:19] ctx 624: 4,294,967,296 a0 in 16.9s | cumulative a0 2.684e+12 sol 2.507e+12 sub 251,816,246 c3 0 ver 0 | 2.54e+08 a0/s | expected preimages so far 0.059, projected hours per preim | RUNNING
[09-04 09:04:22] t=3.02h | [2026-09-04 09:04:06] ctx 641: 4,294,967,296 a0 in 16.9s | cumulative a0 2.757e+12 sol 2.575e+12 sub 258,668,203 c3 0 ver 0 | 2.54e+08 a0/s | expected preimages so far 0.060, projected hours per preim | RUNNING
[09-04 09:09:23] t=3.11h | [2026-09-04 09:09:10] ctx 659: 4,294,967,296 a0 in 16.9s | cumulative a0 2.835e+12 sol 2.647e+12 sub 265,922,051 c3 0 ver 0 | 2.54e+08 a0/s | expected preimages so far 0.062, projected hours per preim | RUNNING
[09-04 09:14:25] t=3.19h | [2026-09-04 09:14:14] ctx 677: 4,294,967,296 a0 in 16.9s | cumulative a0 2.912e+12 sol 2.719e+12 sub 273,175,713 c3 0 ver 0 | 2.54e+08 a0/s | expected preimages so far 0.064, projected hours per preim | RUNNING
[09-04 09:19:27] t=3.28h | [2026-09-04 09:19:18] ctx 695: 4,294,967,296 a0 in 16.9s | cumulative a0 2.989e+12 sol 2.792e+12 sub 280,430,006 c3 0 ver 0 | 2.54e+08 a0/s | expected preimages so far 0.065, projected hours per preim | RUNNING
[09-04 09:24:29] t=3.36h | [2026-09-04 09:24:22] ctx 713: 4,294,967,296 a0 in 16.9s | cumulative a0 3.067e+12 sol 2.864e+12 sub 287,686,129 c3 0 ver 0 | 2.54e+08 a0/s | expected preimages so far 0.067, projected hours per preim | RUNNING
[09-04 09:29:30] t=3.44h | [2026-09-04 09:29:26] ctx 731: 4,294,967,296 a0 in 16.9s | cumulative a0 3.144e+12 sol 2.936e+12 sub 294,941,418 c3 0 ver 0 | 2.54e+08 a0/s | expected preimages so far 0.069, projected hours per preim | RUNNING
[09-04 09:34:32] t=3.53h | [2026-09-04 09:34:30] ctx 749: 4,294,967,296 a0 in 16.9s | cumulative a0 3.221e+12 sol 3.008e+12 sub 302,192,878 c3 0 ver 0 | 2.54e+08 a0/s | expected preimages so far 0.070, projected hours per preim | RUNNING
[09-04 09:39:34] t=3.61h | [2026-09-04 09:39:17] ctx 766: 4,294,967,296 a0 in 16.9s | cumulative a0 3.294e+12 sol 3.076e+12 sub 309,045,887 c3 0 ver 0 | 2.54e+08 a0/s | expected preimages so far 0.072, projected hours per preim | RUNNING
[09-04 09:44:36] t=3.69h | [2026-09-04 09:44:21] ctx 784: 4,294,967,296 a0 in 16.9s | cumulative a0 3.372e+12 sol 3.148e+12 sub 316,296,998 c3 0 ver 0 | 2.54e+08 a0/s | expected preimages so far 0.074, projected hours per preim | RUNNING
[09-04 09:49:37] t=3.78h | [2026-09-04 09:49:25] ctx 802: 4,294,967,296 a0 in 16.9s | cumulative a0 3.449e+12 sol 3.221e+12 sub 323,549,525 c3 0 ver 0 | 2.54e+08 a0/s | expected preimages so far 0.075, projected hours per preim | RUNNING
[09-04 09:54:39] t=3.86h | [2026-09-04 09:54:29] ctx 820: 4,294,967,296 a0 in 16.9s | cumulative a0 3.526e+12 sol 3.293e+12 sub 330,802,696 c3 0 ver 0 | 2.54e+08 a0/s | expected preimages so far 0.077, projected hours per preim | RUNNING
[09-04 09:59:41] t=3.95h | [2026-09-04 09:59:33] ctx 838: 4,294,967,296 a0 in 16.9s | cumulative a0 3.603e+12 sol 3.365e+12 sub 338,048,637 c3 0 ver 0 | 2.54e+08 a0/s | expected preimages so far 0.079, projected hours per preim | RUNNING
[09-04 10:04:43] t=4.03h | [2026-09-04 10:04:37] ctx 856: 4,294,967,296 a0 in 16.9s | cumulative a0 3.681e+12 sol 3.437e+12 sub 345,301,055 c3 0 ver 0 | 2.54e+08 a0/s | expected preimages so far 0.080, projected hours per preim | RUNNING
[09-04 10:09:44] t=4.11h | [2026-09-04 10:09:41] ctx 874: 4,294,967,296 a0 in 16.9s | cumulative a0 3.758e+12 sol 3.509e+12 sub 352,554,436 c3 0 ver 0 | 2.54e+08 a0/s | expected preimages so far 0.082, projected hours per preim | RUNNING
[09-04 10:14:46] t=4.20h | [2026-09-04 10:14:28] ctx 891: 4,294,967,296 a0 in 16.9s | cumulative a0 3.831e+12 sol 3.578e+12 sub 359,406,415 c3 0 ver 0 | 2.54e+08 a0/s | expected preimages so far 0.084, projected hours per preim | RUNNING
[09-04 10:19:48] t=4.28h | [2026-09-04 10:19:32] ctx 909: 4,294,967,296 a0 in 16.9s | cumulative a0 3.908e+12 sol 3.650e+12 sub 366,659,942 c3 0 ver 0 | 2.54e+08 a0/s | expected preimages so far 0.085, projected hours per preim | RUNNING
[09-04 10:24:49] t=4.37h | [2026-09-04 10:24:36] ctx 927: 4,294,967,296 a0 in 16.9s | cumulative a0 3.986e+12 sol 3.722e+12 sub 373,909,368 c3 0 ver 0 | 2.54e+08 a0/s | expected preimages so far 0.087, projected hours per preim | RUNNING
[09-04 10:29:51] t=4.45h | [2026-09-04 10:29:40] ctx 945: 4,294,967,296 a0 in 16.9s | cumulative a0 4.063e+12 sol 3.794e+12 sub 381,161,264 c3 0 ver 0 | 2.54e+08 a0/s | expected preimages so far 0.089, projected hours per preim | RUNNING
[09-04 10:34:53] t=4.53h | [2026-09-04 10:34:44] ctx 963: 4,294,967,296 a0 in 16.9s | cumulative a0 4.140e+12 sol 3.866e+12 sub 388,413,976 c3 0 ver 0 | 2.54e+08 a0/s | expected preimages so far 0.090, projected hours per preim | RUNNING
[09-04 10:39:55] t=4.62h | [2026-09-04 10:39:48] ctx 981: 4,294,967,296 a0 in 16.9s | cumulative a0 4.218e+12 sol 3.939e+12 sub 395,666,956 c3 0 ver 0 | 2.54e+08 a0/s | expected preimages so far 0.092, projected hours per preim | RUNNING
[09-04 10:44:56] t=4.70h | [2026-09-04 10:44:52] ctx 999: 4,294,967,296 a0 in 16.9s | cumulative a0 4.295e+12 sol 4.011e+12 sub 402,917,821 c3 0 ver 0 | 2.54e+08 a0/s | expected preimages so far 0.094, projected hours per preim | RUNNING
[09-04 10:49:58] t=4.78h | [2026-09-04 10:49:56] ctx 1017: 4,294,967,296 a0 in 16.9s | cumulative a0 4.372e+12 sol 4.083e+12 sub 410,170,554 c3 0 ver 0 | 2.54e+08 a0/s | expected preimages so far 0.096, projected hours per prei | RUNNING
[09-04 10:55:00] t=4.87h | [2026-09-04 10:54:43] ctx 1034: 4,294,967,296 a0 in 16.9s | cumulative a0 4.445e+12 sol 4.151e+12 sub 417,023,327 c3 0 ver 0 | 2.54e+08 a0/s | expected preimages so far 0.097, projected hours per prei | RUNNING
[09-04 11:00:01] t=4.95h | [2026-09-04 10:59:47] ctx 1052: 4,294,967,296 a0 in 16.9s | cumulative a0 4.523e+12 sol 4.223e+12 sub 424,276,155 c3 0 ver 0 | 2.54e+08 a0/s | expected preimages so far 0.099, projected hours per prei | RUNNING
[09-04 11:05:03] t=5.04h | [2026-09-04 11:04:51] ctx 1070: 4,294,967,296 a0 in 16.9s | cumulative a0 4.600e+12 sol 4.296e+12 sub 431,528,718 c3 0 ver 0 | 2.54e+08 a0/s | expected preimages so far 0.100, projected hours per prei | RUNNING
[09-04 11:10:05] t=5.12h | [2026-09-04 11:09:55] ctx 1088: 4,294,967,296 a0 in 16.9s | cumulative a0 4.677e+12 sol 4.368e+12 sub 438,781,049 c3 0 ver 0 | 2.54e+08 a0/s | expected preimages so far 0.102, projected hours per prei | RUNNING
[09-04 11:15:07] t=5.20h | [2026-09-04 11:14:59] ctx 1106: 4,294,967,296 a0 in 16.9s | cumulative a0 4.755e+12 sol 4.440e+12 sub 446,034,094 c3 0 ver 0 | 2.54e+08 a0/s | expected preimages so far 0.104, projected hours per prei | RUNNING
[09-04 11:20:08] t=5.29h | [2026-09-04 11:20:04] ctx 1124: 4,294,967,296 a0 in 16.9s | cumulative a0 4.832e+12 sol 4.512e+12 sub 453,285,816 c3 0 ver 0 | 2.54e+08 a0/s | expected preimages so far 0.106, projected hours per prei | RUNNING
[09-04 11:25:10] t=5.37h | [2026-09-04 11:25:08] ctx 1142: 4,294,967,296 a0 in 16.9s | cumulative a0 4.909e+12 sol 4.584e+12 sub 460,537,319 c3 0 ver 0 | 2.54e+08 a0/s | expected preimages so far 0.107, projected hours per prei | RUNNING
[09-04 11:30:12] t=5.45h | [2026-09-04 11:29:55] ctx 1159: 4,294,967,296 a0 in 16.9s | cumulative a0 4.982e+12 sol 4.653e+12 sub 467,387,090 c3 0 ver 0 | 2.54e+08 a0/s | expected preimages so far 0.109, projected hours per prei | RUNNING
[09-04 11:35:14] t=5.54h | [2026-09-04 11:34:59] ctx 1177: 4,294,967,296 a0 in 16.9s | cumulative a0 5.059e+12 sol 4.725e+12 sub 474,642,340 c3 0 ver 0 | 2.54e+08 a0/s | expected preimages so far 0.111, projected hours per prei | RUNNING
[09-04 11:40:15] t=5.62h | [2026-09-04 11:40:03] ctx 1195: 4,294,967,296 a0 in 16.9s | cumulative a0 5.137e+12 sol 4.797e+12 sub 481,895,994 c3 0 ver 0 | 2.54e+08 a0/s | expected preimages so far 0.112, projected hours per prei | RUNNING
[09-04 11:45:17] t=5.71h | [2026-09-04 11:45:07] ctx 1213: 4,294,967,296 a0 in 16.9s | cumulative a0 5.214e+12 sol 4.869e+12 sub 489,148,513 c3 0 ver 0 | 2.54e+08 a0/s | expected preimages so far 0.114, projected hours per prei | RUNNING
[09-04 11:50:19] t=5.79h | [2026-09-04 11:50:11] ctx 1231: 4,294,967,296 a0 in 16.9s | cumulative a0 5.291e+12 sol 4.941e+12 sub 496,396,806 c3 0 ver 0 | 2.54e+08 a0/s | expected preimages so far 0.116, projected hours per prei | RUNNING
[09-04 11:55:20] t=5.87h | [2026-09-04 11:55:15] ctx 1249: 4,294,967,296 a0 in 16.9s | cumulative a0 5.369e+12 sol 5.014e+12 sub 503,651,863 c3 0 ver 0 | 2.54e+08 a0/s | expected preimages so far 0.117, projected hours per prei | RUNNING
[09-04 12:00:22] t=5.96h | [2026-09-04 12:00:19] ctx 1267: 4,294,967,296 a0 in 16.9s | cumulative a0 5.446e+12 sol 5.086e+12 sub 510,904,165 c3 0 ver 0 | 2.54e+08 a0/s | expected preimages so far 0.119, projected hours per prei | RUNNING
[09-04 12:05:24] t=6.04h | [2026-09-04 12:05:23] ctx 1285: 4,294,967,296 a0 in 16.9s | cumulative a0 5.523e+12 sol 5.158e+12 sub 518,153,950 c3 0 ver 0 | 2.54e+08 a0/s | expected preimages so far 0.121, projected hours per prei | RUNNING
[09-04 12:10:26] t=6.13h | [2026-09-04 12:10:10] ctx 1302: 4,294,967,296 a0 in 16.9s | cumulative a0 5.596e+12 sol 5.226e+12 sub 525,002,566 c3 0 ver 0 | 2.54e+08 a0/s | expected preimages so far 0.122, projected hours per prei | RUNNING
[09-04 12:15:27] t=6.21h | [2026-09-04 12:15:14] ctx 1320: 4,294,967,296 a0 in 16.9s | cumulative a0 5.674e+12 sol 5.298e+12 sub 532,253,520 c3 0 ver 0 | 2.54e+08 a0/s | expected preimages so far 0.124, projected hours per prei | RUNNING
[09-04 12:20:29] t=6.29h | [2026-09-04 12:20:18] ctx 1338: 4,294,967,296 a0 in 16.9s | cumulative a0 5.751e+12 sol 5.370e+12 sub 539,507,465 c3 0 ver 0 | 2.54e+08 a0/s | expected preimages so far 0.126, projected hours per prei | RUNNING
[09-04 12:25:31] t=6.38h | [2026-09-04 12:25:22] ctx 1356: 4,294,967,296 a0 in 16.9s | cumulative a0 5.828e+12 sol 5.443e+12 sub 546,760,747 c3 0 ver 0 | 2.54e+08 a0/s | expected preimages so far 0.127, projected hours per prei | RUNNING
[09-04 12:30:33] t=6.46h | [2026-09-04 12:30:26] ctx 1374: 4,294,967,296 a0 in 16.9s | cumulative a0 5.906e+12 sol 5.515e+12 sub 554,016,055 c3 0 ver 0 | 2.54e+08 a0/s | expected preimages so far 0.129, projected hours per prei | RUNNING
[09-04 12:35:34] t=6.54h | [2026-09-04 12:35:30] ctx 1392: 4,294,967,296 a0 in 16.9s | cumulative a0 5.983e+12 sol 5.587e+12 sub 561,267,250 c3 0 ver 0 | 2.54e+08 a0/s | expected preimages so far 0.131, projected hours per prei | RUNNING
[09-04 12:40:36] t=6.63h | [2026-09-04 12:40:34] ctx 1410: 4,294,967,296 a0 in 16.9s | cumulative a0 6.060e+12 sol 5.659e+12 sub 568,517,186 c3 0 ver 0 | 2.54e+08 a0/s | expected preimages so far 0.132, projected hours per prei | RUNNING
[09-04 12:45:38] t=6.71h | [2026-09-04 12:45:21] ctx 1427: 4,294,967,296 a0 in 16.9s | cumulative a0 6.133e+12 sol 5.727e+12 sub 575,368,844 c3 0 ver 0 | 2.54e+08 a0/s | expected preimages so far 0.134, projected hours per prei | RUNNING
[09-04 12:50:39] t=6.80h | [2026-09-04 12:50:25] ctx 1445: 4,294,967,296 a0 in 16.9s | cumulative a0 6.211e+12 sol 5.800e+12 sub 582,623,338 c3 0 ver 0 | 2.54e+08 a0/s | expected preimages so far 0.136, projected hours per prei | RUNNING
[09-04 12:55:41] t=6.88h | [2026-09-04 12:55:29] ctx 1463: 4,294,967,296 a0 in 16.9s | cumulative a0 6.288e+12 sol 5.872e+12 sub 589,875,679 c3 0 ver 0 | 2.54e+08 a0/s | expected preimages so far 0.137, projected hours per prei | RUNNING
[09-04 13:00:43] t=6.96h | [2026-09-04 13:00:33] ctx 1481: 4,294,967,296 a0 in 16.9s | cumulative a0 6.365e+12 sol 5.944e+12 sub 597,128,315 c3 0 ver 0 | 2.54e+08 a0/s | expected preimages so far 0.139, projected hours per prei | RUNNING
[09-04 13:05:45] t=7.05h | [2026-09-04 13:05:37] ctx 1499: 4,294,967,296 a0 in 16.9s | cumulative a0 6.442e+12 sol 6.016e+12 sub 604,376,905 c3 0 ver 0 | 2.54e+08 a0/s | expected preimages so far 0.141, projected hours per prei | RUNNING
[09-04 13:10:47] t=7.13h | [2026-09-04 13:10:41] ctx 1517: 4,294,967,296 a0 in 16.9s | cumulative a0 6.520e+12 sol 6.088e+12 sub 611,621,881 c3 0 ver 0 | 2.54e+08 a0/s | expected preimages so far 0.142, projected hours per prei | RUNNING
[09-04 13:15:48] t=7.22h | [2026-09-04 13:15:45] ctx 1535: 4,294,967,296 a0 in 16.9s | cumulative a0 6.597e+12 sol 6.161e+12 sub 618,874,625 c3 0 ver 0 | 2.54e+08 a0/s | expected preimages so far 0.144, projected hours per prei | RUNNING
[09-04 13:20:50] t=7.30h | [2026-09-04 13:20:33] ctx 1552: 4,294,967,296 a0 in 16.9s | cumulative a0 6.670e+12 sol 6.229e+12 sub 625,721,173 c3 0 ver 0 | 2.54e+08 a0/s | expected preimages so far 0.146, projected hours per prei | RUNNING
[09-04 13:25:52] t=7.38h | [2026-09-04 13:25:37] ctx 1570: 4,294,967,296 a0 in 16.9s | cumulative a0 6.747e+12 sol 6.301e+12 sub 632,972,047 c3 0 ver 0 | 2.54e+08 a0/s | expected preimages so far 0.147, projected hours per prei | RUNNING
[09-04 13:30:54] t=7.47h | [2026-09-04 13:30:41] ctx 1588: 4,294,967,296 a0 in 16.9s | cumulative a0 6.825e+12 sol 6.373e+12 sub 640,223,796 c3 0 ver 0 | 2.54e+08 a0/s | expected preimages so far 0.149, projected hours per prei | RUNNING
[09-04 13:35:56] t=7.55h | [2026-09-04 13:35:45] ctx 1606: 4,294,967,296 a0 in 16.9s | cumulative a0 6.902e+12 sol 6.445e+12 sub 647,472,708 c3 0 ver 0 | 2.54e+08 a0/s | expected preimages so far 0.151, projected hours per prei | RUNNING
[09-04 13:40:57] t=7.63h | [2026-09-04 13:40:49] ctx 1624: 4,294,967,296 a0 in 16.9s | cumulative a0 6.979e+12 sol 6.518e+12 sub 654,725,864 c3 0 ver 0 | 2.54e+08 a0/s | expected preimages so far 0.152, projected hours per prei | RUNNING
[09-04 13:45:59] t=7.72h | [2026-09-04 13:45:53] ctx 1642: 4,294,967,296 a0 in 16.9s | cumulative a0 7.057e+12 sol 6.590e+12 sub 661,977,724 c3 0 ver 0 | 2.54e+08 a0/s | expected preimages so far 0.154, projected hours per prei | RUNNING
[09-04 13:51:01] t=7.80h | [2026-09-04 13:50:57] ctx 1660: 4,294,967,296 a0 in 16.9s | cumulative a0 7.134e+12 sol 6.662e+12 sub 669,229,069 c3 0 ver 0 | 2.54e+08 a0/s | expected preimages so far 0.156, projected hours per prei | RUNNING
[09-04 13:56:03] t=7.89h | [2026-09-04 13:56:01] ctx 1678: 4,294,967,296 a0 in 16.9s | cumulative a0 7.211e+12 sol 6.734e+12 sub 676,482,154 c3 0 ver 0 | 2.54e+08 a0/s | expected preimages so far 0.158, projected hours per prei | RUNNING
[09-04 14:01:04] t=7.97h | [2026-09-04 14:00:48] ctx 1695: 4,294,967,296 a0 in 16.9s | cumulative a0 7.284e+12 sol 6.802e+12 sub 683,329,117 c3 0 ver 0 | 2.54e+08 a0/s | expected preimages so far 0.159, projected hours per prei | RUNNING
[09-04 14:06:06] t=8.05h | [2026-09-04 14:05:52] ctx 1713: 4,294,967,296 a0 in 16.9s | cumulative a0 7.362e+12 sol 6.875e+12 sub 690,580,696 c3 0 ver 0 | 2.54e+08 a0/s | expected preimages so far 0.161, projected hours per prei | RUNNING
[09-04 14:11:08] t=8.14h | [2026-09-04 14:10:56] ctx 1731: 4,294,967,296 a0 in 16.9s | cumulative a0 7.439e+12 sol 6.947e+12 sub 697,831,082 c3 0 ver 0 | 2.54e+08 a0/s | expected preimages so far 0.162, projected hours per prei | RUNNING
[09-04 14:16:10] t=8.22h | [2026-09-04 14:16:00] ctx 1749: 4,294,967,296 a0 in 16.9s | cumulative a0 7.516e+12 sol 7.019e+12 sub 705,081,162 c3 0 ver 0 | 2.54e+08 a0/s | expected preimages so far 0.164, projected hours per prei | RUNNING
[09-04 14:21:12] t=8.30h | [2026-09-04 14:21:04] ctx 1767: 4,294,967,296 a0 in 16.9s | cumulative a0 7.594e+12 sol 7.091e+12 sub 712,338,605 c3 0 ver 0 | 2.54e+08 a0/s | expected preimages so far 0.166, projected hours per prei | RUNNING
[09-04 14:26:14] t=8.39h | [2026-09-04 14:26:08] ctx 1785: 4,294,967,296 a0 in 16.9s | cumulative a0 7.671e+12 sol 7.163e+12 sub 719,588,049 c3 0 ver 0 | 2.54e+08 a0/s | expected preimages so far 0.168, projected hours per prei | RUNNING
[09-04 14:31:15] t=8.47h | [2026-09-04 14:31:12] ctx 1803: 4,294,967,296 a0 in 16.9s | cumulative a0 7.748e+12 sol 7.236e+12 sub 726,838,392 c3 0 ver 0 | 2.54e+08 a0/s | expected preimages so far 0.169, projected hours per prei | RUNNING
[09-04 14:36:17] t=8.56h | [2026-09-04 14:36:16] ctx 1821: 4,294,967,296 a0 in 16.9s | cumulative a0 7.825e+12 sol 7.308e+12 sub 734,087,986 c3 0 ver 0 | 2.54e+08 a0/s | expected preimages so far 0.171, projected hours per prei | RUNNING
[09-04 14:41:19] t=8.64h | [2026-09-04 14:41:03] ctx 1838: 4,294,967,296 a0 in 16.9s | cumulative a0 7.898e+12 sol 7.376e+12 sub 740,936,181 c3 0 ver 0 | 2.54e+08 a0/s | expected preimages so far 0.173, projected hours per prei | RUNNING
