[09-03 19:03:33] R=20 submask-family run, cap 60.0 h on the sweep, 61.0 h on the pod
[09-03 19:03:34] pod created: id=n2zom46pxzmcgg gpu=NVIDIA H100 80GB HBM3
[09-03 19:03:54] ssh up at 103.207.149.92:11874 cost/h=3.49
[09-03 19:04:12] pod: NVIDIA | H100 | 80GB | HBM3, | 81559 | MiB | 2.4.1+cu124
[09-03 19:04:18] solver: started
[09-03 19:09:26] t=0.10h | [2026-09-03 19:09:17] ctx 30: 4,294,967,296 a0 in 9.6s | cumulative a0 1.331e+11 sol 1.243e+11 sub 12,486,078 c3 0 ver 0 | 4.47e+08 a0/s | expected preimages so far 0.003, projected hours per preimage | RUNNING
[09-03 19:14:34] t=0.18h | [2026-09-03 19:14:25] ctx 62: 4,294,967,296 a0 in 9.6s | cumulative a0 2.706e+11 sol 2.527e+11 sub 25,383,748 c3 0 ver 0 | 4.47e+08 a0/s | expected preimages so far 0.006, projected hours per preimage | RUNNING
[09-03 19:19:42] t=0.27h | [2026-09-03 19:19:32] ctx 94: 4,294,967,296 a0 in 9.6s | cumulative a0 4.080e+11 sol 3.810e+11 sub 38,278,154 c3 0 ver 0 | 4.47e+08 a0/s | expected preimages so far 0.009, projected hours per preimage | RUNNING
[09-03 19:24:50] t=0.35h | [2026-09-03 19:24:41] ctx 126: 4,294,967,296 a0 in 9.6s | cumulative a0 5.455e+11 sol 5.094e+11 sub 51,169,544 c3 0 ver 0 | 4.47e+08 a0/s | expected preimages so far 0.012, projected hours per preimag | RUNNING
[09-03 19:29:58] t=0.44h | [2026-09-03 19:29:49] ctx 158: 4,294,967,296 a0 in 9.6s | cumulative a0 6.829e+11 sol 6.377e+11 sub 64,062,643 c3 0 ver 0 | 4.46e+08 a0/s | expected preimages so far 0.015, projected hours per preimag | RUNNING
[09-03 19:35:06] t=0.52h | [2026-09-03 19:34:57] ctx 190: 4,294,967,296 a0 in 9.6s | cumulative a0 8.203e+11 sol 7.661e+11 sub 76,957,712 c3 0 ver 0 | 4.47e+08 a0/s | expected preimages so far 0.018, projected hours per preimag | RUNNING
[09-03 19:40:15] t=0.61h | [2026-09-03 19:40:04] ctx 222: 4,294,967,296 a0 in 9.6s | cumulative a0 9.578e+11 sol 8.944e+11 sub 89,848,462 c3 0 ver 0 | 4.47e+08 a0/s | expected preimages so far 0.021, projected hours per preimag | RUNNING
[09-03 19:45:23] t=0.69h | [2026-09-03 19:45:12] ctx 254: 4,294,967,296 a0 in 9.6s | cumulative a0 1.095e+12 sol 1.023e+12 sub 102,736,686 c3 0 ver 0 | 4.46e+08 a0/s | expected preimages so far 0.024, projected hours per preima | RUNNING
[09-03 19:50:32] t=0.78h | [2026-09-03 19:50:20] ctx 286: 4,294,967,296 a0 in 9.6s | cumulative a0 1.233e+12 sol 1.151e+12 sub 115,628,488 c3 0 ver 0 | 4.46e+08 a0/s | expected preimages so far 0.027, projected hours per preima | RUNNING
[09-03 19:55:40] t=0.87h | [2026-09-03 19:55:28] ctx 318: 4,294,967,296 a0 in 9.6s | cumulative a0 1.370e+12 sol 1.279e+12 sub 128,522,410 c3 0 ver 0 | 4.47e+08 a0/s | expected preimages so far 0.030, projected hours per preima | RUNNING
[09-03 20:00:48] t=0.95h | [2026-09-03 20:00:35] ctx 350: 4,294,967,296 a0 in 9.6s | cumulative a0 1.508e+12 sol 1.408e+12 sub 141,415,236 c3 0 ver 0 | 4.47e+08 a0/s | expected preimages so far 0.033, projected hours per preima | RUNNING
[09-03 20:05:56] t=1.04h | [2026-09-03 20:05:43] ctx 382: 4,294,967,296 a0 in 9.6s | cumulative a0 1.645e+12 sol 1.536e+12 sub 154,315,744 c3 0 ver 0 | 4.47e+08 a0/s | expected preimages so far 0.036, projected hours per preima | RUNNING
[09-03 20:11:04] t=1.12h | [2026-09-03 20:10:51] ctx 414: 4,294,967,296 a0 in 9.6s | cumulative a0 1.782e+12 sol 1.664e+12 sub 167,206,759 c3 0 ver 0 | 4.47e+08 a0/s | expected preimages so far 0.039, projected hours per preima | RUNNING
[09-03 20:16:12] t=1.21h | [2026-09-03 20:15:59] ctx 446: 4,294,967,296 a0 in 9.6s | cumulative a0 1.920e+12 sol 1.793e+12 sub 180,099,834 c3 0 ver 0 | 4.47e+08 a0/s | expected preimages so far 0.042, projected hours per preima | RUNNING
[09-03 20:21:20] t=1.29h | [2026-09-03 20:21:07] ctx 478: 4,294,967,296 a0 in 9.6s | cumulative a0 2.057e+12 sol 1.921e+12 sub 192,992,472 c3 0 ver 0 | 4.47e+08 a0/s | expected preimages so far 0.045, projected hours per preima | RUNNING
[09-03 20:26:27] t=1.38h | [2026-09-03 20:26:14] ctx 510: 4,294,967,296 a0 in 9.6s | cumulative a0 2.195e+12 sol 2.050e+12 sub 205,878,642 c3 0 ver 0 | 4.47e+08 a0/s | expected preimages so far 0.048, projected hours per preima | RUNNING
[09-03 20:31:35] t=1.46h | [2026-09-03 20:31:22] ctx 542: 4,294,967,296 a0 in 9.6s | cumulative a0 2.332e+12 sol 2.178e+12 sub 218,769,673 c3 0 ver 0 | 4.47e+08 a0/s | expected preimages so far 0.051, projected hours per preima | RUNNING
[09-03 20:36:44] t=1.55h | [2026-09-03 20:36:29] ctx 574: 4,294,967,296 a0 in 9.6s | cumulative a0 2.470e+12 sol 2.306e+12 sub 231,656,711 c3 0 ver 0 | 4.47e+08 a0/s | expected preimages so far 0.054, projected hours per preima | RUNNING
[09-03 20:41:51] t=1.64h | [2026-09-03 20:41:37] ctx 606: 4,294,967,296 a0 in 9.6s | cumulative a0 2.607e+12 sol 2.435e+12 sub 244,551,050 c3 0 ver 0 | 4.47e+08 a0/s | expected preimages so far 0.057, projected hours per preima | RUNNING
[09-03 20:47:00] t=1.72h | [2026-09-03 20:46:54] ctx 639: 4,294,967,296 a0 in 9.6s | cumulative a0 2.749e+12 sol 2.567e+12 sub 257,851,065 c3 0 ver 0 | 4.47e+08 a0/s | expected preimages so far 0.060, projected hours per preima | RUNNING
[09-03 20:52:07] t=1.81h | [2026-09-03 20:52:02] ctx 671: 4,294,967,296 a0 in 9.6s | cumulative a0 2.886e+12 sol 2.695e+12 sub 270,740,604 c3 0 ver 0 | 4.47e+08 a0/s | expected preimages so far 0.063, projected hours per preima | RUNNING
[09-03 20:57:16] t=1.89h | [2026-09-03 20:57:09] ctx 703: 4,294,967,296 a0 in 9.6s | cumulative a0 3.024e+12 sol 2.824e+12 sub 283,637,449 c3 0 ver 0 | 4.47e+08 a0/s | expected preimages so far 0.066, projected hours per preima | RUNNING
[09-03 21:02:24] t=1.98h | [2026-09-03 21:02:17] ctx 735: 4,294,967,296 a0 in 9.6s | cumulative a0 3.161e+12 sol 2.952e+12 sub 296,529,990 c3 0 ver 0 | 4.47e+08 a0/s | expected preimages so far 0.069, projected hours per preima | RUNNING
[09-03 21:07:32] t=2.06h | [2026-09-03 21:07:24] ctx 767: 4,294,967,296 a0 in 9.6s | cumulative a0 3.299e+12 sol 3.080e+12 sub 309,419,408 c3 0 ver 0 | 4.47e+08 a0/s | expected preimages so far 0.072, projected hours per preima | RUNNING
[09-03 21:12:41] t=2.15h | [2026-09-03 21:12:31] ctx 799: 4,294,967,296 a0 in 9.6s | cumulative a0 3.436e+12 sol 3.209e+12 sub 322,310,785 c3 0 ver 0 | 4.47e+08 a0/s | expected preimages so far 0.075, projected hours per preima | RUNNING
[09-03 21:17:49] t=2.24h | [2026-09-03 21:17:39] ctx 831: 4,294,967,296 a0 in 9.6s | cumulative a0 3.573e+12 sol 3.337e+12 sub 335,204,182 c3 0 ver 0 | 4.47e+08 a0/s | expected preimages so far 0.078, projected hours per preima | RUNNING
[09-03 21:22:56] t=2.32h | [2026-09-03 21:22:47] ctx 863: 4,294,967,296 a0 in 9.6s | cumulative a0 3.711e+12 sol 3.465e+12 sub 348,103,312 c3 0 ver 0 | 4.47e+08 a0/s | expected preimages so far 0.081, projected hours per preima | RUNNING
[09-03 21:28:04] t=2.41h | [2026-09-03 21:27:54] ctx 895: 4,294,967,296 a0 in 9.6s | cumulative a0 3.848e+12 sol 3.594e+12 sub 360,999,848 c3 0 ver 0 | 4.47e+08 a0/s | expected preimages so far 0.084, projected hours per preima | RUNNING
[09-03 21:33:12] t=2.49h | [2026-09-03 21:33:02] ctx 927: 4,294,967,296 a0 in 9.6s | cumulative a0 3.986e+12 sol 3.722e+12 sub 373,897,041 c3 0 ver 0 | 4.47e+08 a0/s | expected preimages so far 0.087, projected hours per preima | RUNNING
[09-03 21:38:20] t=2.58h | [2026-09-03 21:38:09] ctx 959: 4,294,967,296 a0 in 9.6s | cumulative a0 4.123e+12 sol 3.850e+12 sub 386,791,112 c3 0 ver 0 | 4.47e+08 a0/s | expected preimages so far 0.090, projected hours per preima | RUNNING
[09-03 21:43:28] t=2.66h | [2026-09-03 21:43:17] ctx 991: 4,294,967,296 a0 in 9.6s | cumulative a0 4.261e+12 sol 3.979e+12 sub 399,681,526 c3 0 ver 0 | 4.47e+08 a0/s | expected preimages so far 0.093, projected hours per preima | RUNNING
[09-03 21:48:36] t=2.75h | [2026-09-03 21:48:24] ctx 1023: 4,294,967,296 a0 in 9.6s | cumulative a0 4.398e+12 sol 4.107e+12 sub 412,570,482 c3 0 ver 0 | 4.47e+08 a0/s | expected preimages so far 0.096, projected hours per preim | RUNNING
[09-03 21:53:44] t=2.83h | [2026-09-03 21:53:31] ctx 1055: 4,294,967,296 a0 in 9.6s | cumulative a0 4.535e+12 sol 4.235e+12 sub 425,462,641 c3 0 ver 0 | 4.47e+08 a0/s | expected preimages so far 0.099, projected hours per preim | RUNNING
[09-03 21:58:52] t=2.92h | [2026-09-03 21:58:39] ctx 1087: 4,294,967,296 a0 in 9.6s | cumulative a0 4.673e+12 sol 4.364e+12 sub 438,361,971 c3 0 ver 0 | 4.47e+08 a0/s | expected preimages so far 0.102, projected hours per preim | RUNNING
[09-03 22:04:00] t=3.00h | [2026-09-03 22:03:46] ctx 1119: 4,294,967,296 a0 in 9.6s | cumulative a0 4.810e+12 sol 4.492e+12 sub 451,259,708 c3 0 ver 0 | 4.47e+08 a0/s | expected preimages so far 0.105, projected hours per preim | RUNNING
[09-03 22:09:07] t=3.09h | [2026-09-03 22:08:54] ctx 1151: 4,294,967,296 a0 in 9.6s | cumulative a0 4.948e+12 sol 4.620e+12 sub 464,151,947 c3 0 ver 0 | 4.47e+08 a0/s | expected preimages so far 0.108, projected hours per preim | RUNNING
[09-03 22:14:16] t=3.18h | [2026-09-03 22:14:01] ctx 1183: 4,294,967,296 a0 in 9.6s | cumulative a0 5.085e+12 sol 4.749e+12 sub 477,043,354 c3 0 ver 0 | 4.47e+08 a0/s | expected preimages so far 0.111, projected hours per preim | RUNNING
[09-03 22:19:23] t=3.26h | [2026-09-03 22:19:18] ctx 1216: 4,294,967,296 a0 in 9.6s | cumulative a0 5.227e+12 sol 4.881e+12 sub 490,339,975 c3 0 ver 0 | 4.47e+08 a0/s | expected preimages so far 0.114, projected hours per preim | RUNNING
[09-03 22:24:31] t=3.35h | [2026-09-03 22:24:25] ctx 1248: 4,294,967,296 a0 in 9.6s | cumulative a0 5.364e+12 sol 5.010e+12 sub 503,232,251 c3 0 ver 0 | 4.47e+08 a0/s | expected preimages so far 0.117, projected hours per preim | RUNNING
[09-03 22:29:39] t=3.43h | [2026-09-03 22:29:33] ctx 1280: 4,294,967,296 a0 in 9.6s | cumulative a0 5.502e+12 sol 5.138e+12 sub 516,126,907 c3 0 ver 0 | 4.47e+08 a0/s | expected preimages so far 0.120, projected hours per preim | RUNNING
[09-03 22:34:47] t=3.52h | [2026-09-03 22:34:40] ctx 1312: 4,294,967,296 a0 in 9.6s | cumulative a0 5.639e+12 sol 5.266e+12 sub 529,020,463 c3 0 ver 0 | 4.47e+08 a0/s | expected preimages so far 0.123, projected hours per preim | RUNNING
[09-03 22:39:55] t=3.60h | [2026-09-03 22:39:48] ctx 1344: 4,294,967,296 a0 in 9.6s | cumulative a0 5.777e+12 sol 5.395e+12 sub 541,914,976 c3 0 ver 0 | 4.47e+08 a0/s | expected preimages so far 0.126, projected hours per preim | RUNNING
[09-03 22:45:03] t=3.69h | [2026-09-03 22:44:55] ctx 1376: 4,294,967,296 a0 in 9.6s | cumulative a0 5.914e+12 sol 5.523e+12 sub 554,806,497 c3 0 ver 0 | 4.47e+08 a0/s | expected preimages so far 0.129, projected hours per preim | RUNNING
[09-03 22:50:11] t=3.77h | [2026-09-03 22:50:02] ctx 1408: 4,294,967,296 a0 in 9.6s | cumulative a0 6.052e+12 sol 5.651e+12 sub 567,702,213 c3 0 ver 0 | 4.47e+08 a0/s | expected preimages so far 0.132, projected hours per preim | RUNNING
[09-03 22:55:18] t=3.86h | [2026-09-03 22:55:10] ctx 1440: 4,294,967,296 a0 in 9.6s | cumulative a0 6.189e+12 sol 5.780e+12 sub 580,596,101 c3 0 ver 0 | 4.47e+08 a0/s | expected preimages so far 0.135, projected hours per preim | RUNNING
[09-03 23:00:26] t=3.95h | [2026-09-03 23:00:17] ctx 1472: 4,294,967,296 a0 in 9.6s | cumulative a0 6.326e+12 sol 5.908e+12 sub 593,486,989 c3 0 ver 0 | 4.47e+08 a0/s | expected preimages so far 0.138, projected hours per preim | RUNNING
[09-03 23:05:35] t=4.03h | [2026-09-03 23:05:24] ctx 1504: 4,294,967,296 a0 in 9.6s | cumulative a0 6.464e+12 sol 6.036e+12 sub 606,382,643 c3 0 ver 0 | 4.47e+08 a0/s | expected preimages so far 0.141, projected hours per preim | RUNNING
[09-03 23:10:42] t=4.12h | [2026-09-03 23:10:32] ctx 1536: 4,294,967,296 a0 in 9.6s | cumulative a0 6.601e+12 sol 6.165e+12 sub 619,277,250 c3 0 ver 0 | 4.47e+08 a0/s | expected preimages so far 0.144, projected hours per preim | RUNNING
[09-03 23:15:50] t=4.20h | [2026-09-03 23:15:39] ctx 1568: 4,294,967,296 a0 in 9.6s | cumulative a0 6.739e+12 sol 6.293e+12 sub 632,173,269 c3 0 ver 0 | 4.47e+08 a0/s | expected preimages so far 0.147, projected hours per preim | RUNNING
[09-03 23:20:58] t=4.29h | [2026-09-03 23:20:47] ctx 1600: 4,294,967,296 a0 in 9.6s | cumulative a0 6.876e+12 sol 6.421e+12 sub 645,063,871 c3 0 ver 0 | 4.47e+08 a0/s | expected preimages so far 0.150, projected hours per preim | RUNNING
[09-03 23:26:06] t=4.37h | [2026-09-03 23:25:54] ctx 1632: 4,294,967,296 a0 in 9.6s | cumulative a0 7.014e+12 sol 6.550e+12 sub 657,955,952 c3 0 ver 0 | 4.47e+08 a0/s | expected preimages so far 0.153, projected hours per preim | RUNNING
[09-03 23:31:14] t=4.46h | [2026-09-03 23:31:01] ctx 1664: 4,294,967,296 a0 in 9.6s | cumulative a0 7.151e+12 sol 6.678e+12 sub 670,845,153 c3 0 ver 0 | 4.47e+08 a0/s | expected preimages so far 0.156, projected hours per preim | RUNNING
[09-03 23:36:21] t=4.54h | [2026-09-03 23:36:09] ctx 1696: 4,294,967,296 a0 in 9.6s | cumulative a0 7.289e+12 sol 6.806e+12 sub 683,729,131 c3 0 ver 0 | 4.47e+08 a0/s | expected preimages so far 0.159, projected hours per preim | RUNNING
[09-03 23:41:29] t=4.63h | [2026-09-03 23:41:16] ctx 1728: 4,294,967,296 a0 in 9.6s | cumulative a0 7.426e+12 sol 6.935e+12 sub 696,623,744 c3 0 ver 0 | 4.47e+08 a0/s | expected preimages so far 0.162, projected hours per preim | RUNNING
[09-03 23:46:37] t=4.72h | [2026-09-03 23:46:24] ctx 1760: 4,294,967,296 a0 in 9.6s | cumulative a0 7.563e+12 sol 7.063e+12 sub 709,520,751 c3 0 ver 0 | 4.47e+08 a0/s | expected preimages so far 0.165, projected hours per preim | RUNNING
[09-03 23:51:45] t=4.80h | [2026-09-03 23:51:31] ctx 1792: 4,294,967,296 a0 in 9.6s | cumulative a0 7.701e+12 sol 7.191e+12 sub 722,410,526 c3 0 ver 0 | 4.47e+08 a0/s | expected preimages so far 0.168, projected hours per preim | RUNNING
[09-03 23:56:53] t=4.89h | [2026-09-03 23:56:48] ctx 1825: 4,294,967,296 a0 in 9.6s | cumulative a0 7.843e+12 sol 7.324e+12 sub 735,710,458 c3 0 ver 0 | 4.47e+08 a0/s | expected preimages so far 0.171, projected hours per preim | RUNNING
[09-04 00:02:01] t=4.97h | [2026-09-04 00:01:56] ctx 1857: 4,294,967,296 a0 in 9.6s | cumulative a0 7.980e+12 sol 7.452e+12 sub 748,601,869 c3 0 ver 0 | 4.47e+08 a0/s | expected preimages so far 0.174, projected hours per preim | RUNNING
[09-04 00:07:08] t=5.06h | [2026-09-04 00:07:03] ctx 1889: 4,294,967,296 a0 in 9.6s | cumulative a0 8.117e+12 sol 7.580e+12 sub 761,487,494 c3 0 ver 0 | 4.47e+08 a0/s | expected preimages so far 0.177, projected hours per preim | RUNNING
[09-04 00:12:16] t=5.14h | [2026-09-04 00:12:11] ctx 1921: 4,294,967,296 a0 in 9.6s | cumulative a0 8.255e+12 sol 7.709e+12 sub 774,376,029 c3 0 ver 0 | 4.47e+08 a0/s | expected preimages so far 0.180, projected hours per preim | RUNNING
[09-04 00:17:24] t=5.23h | [2026-09-04 00:17:18] ctx 1953: 4,294,967,296 a0 in 9.6s | cumulative a0 8.392e+12 sol 7.837e+12 sub 787,269,333 c3 0 ver 0 | 4.47e+08 a0/s | expected preimages so far 0.183, projected hours per preim | RUNNING
[09-04 00:22:32] t=5.31h | [2026-09-04 00:22:25] ctx 1985: 4,294,967,296 a0 in 9.6s | cumulative a0 8.530e+12 sol 7.965e+12 sub 800,166,303 c3 0 ver 0 | 4.47e+08 a0/s | expected preimages so far 0.186, projected hours per preim | RUNNING
[09-04 00:27:39] t=5.40h | [2026-09-04 00:27:33] ctx 2017: 4,294,967,296 a0 in 9.6s | cumulative a0 8.667e+12 sol 8.094e+12 sub 813,064,635 c3 0 ver 0 | 4.47e+08 a0/s | expected preimages so far 0.189, projected hours per preim | RUNNING
[09-04 00:32:47] t=5.48h | [2026-09-04 00:32:41] ctx 2049: 4,294,967,296 a0 in 9.6s | cumulative a0 8.805e+12 sol 8.222e+12 sub 825,959,506 c3 0 ver 0 | 4.47e+08 a0/s | expected preimages so far 0.192, projected hours per preim | RUNNING
[09-04 00:37:55] t=5.57h | [2026-09-04 00:37:48] ctx 2081: 4,294,967,296 a0 in 9.6s | cumulative a0 8.942e+12 sol 8.351e+12 sub 838,850,069 c3 0 ver 0 | 4.47e+08 a0/s | expected preimages so far 0.195, projected hours per preim | RUNNING
[09-04 00:43:03] t=5.66h | [2026-09-04 00:42:55] ctx 2113: 4,294,967,296 a0 in 9.6s | cumulative a0 9.080e+12 sol 8.479e+12 sub 851,744,260 c3 0 ver 0 | 4.47e+08 a0/s | expected preimages so far 0.198, projected hours per preim | RUNNING
[09-04 00:48:11] t=5.74h | [2026-09-04 00:48:03] ctx 2145: 4,294,967,296 a0 in 9.6s | cumulative a0 9.217e+12 sol 8.607e+12 sub 864,638,111 c3 0 ver 0 | 4.47e+08 a0/s | expected preimages so far 0.201, projected hours per preim | RUNNING
[09-04 00:53:19] t=5.83h | [2026-09-04 00:53:10] ctx 2177: 4,294,967,296 a0 in 9.6s | cumulative a0 9.354e+12 sol 8.736e+12 sub 877,528,741 c3 0 ver 0 | 4.47e+08 a0/s | expected preimages so far 0.204, projected hours per preim | RUNNING
[09-04 00:58:27] t=5.91h | [2026-09-04 00:58:18] ctx 2209: 4,294,967,296 a0 in 9.6s | cumulative a0 9.492e+12 sol 8.864e+12 sub 890,424,890 c3 0 ver 0 | 4.47e+08 a0/s | expected preimages so far 0.207, projected hours per preim | RUNNING
[09-04 01:03:35] t=6.00h | [2026-09-04 01:03:25] ctx 2241: 4,294,967,296 a0 in 9.6s | cumulative a0 9.629e+12 sol 8.992e+12 sub 903,319,774 c3 0 ver 0 | 4.47e+08 a0/s | expected preimages so far 0.210, projected hours per preim | RUNNING
[09-04 01:08:43] t=6.08h | [2026-09-04 01:08:33] ctx 2273: 4,294,967,296 a0 in 9.6s | cumulative a0 9.767e+12 sol 9.121e+12 sub 916,210,974 c3 0 ver 0 | 4.47e+08 a0/s | expected preimages so far 0.213, projected hours per preim | RUNNING
[09-04 01:13:51] t=6.17h | [2026-09-04 01:13:40] ctx 2305: 4,294,967,296 a0 in 9.6s | cumulative a0 9.904e+12 sol 9.249e+12 sub 929,102,118 c3 0 ver 0 | 4.47e+08 a0/s | expected preimages so far 0.216, projected hours per preim | RUNNING
[09-04 01:18:59] t=6.25h | [2026-09-04 01:18:48] ctx 2337: 4,294,967,296 a0 in 9.6s | cumulative a0 1.004e+13 sol 9.377e+12 sub 941,997,285 c3 0 ver 0 | 4.47e+08 a0/s | expected preimages so far 0.219, projected hours per preim | RUNNING
[09-04 01:24:07] t=6.34h | [2026-09-04 01:23:56] ctx 2369: 4,294,967,296 a0 in 9.6s | cumulative a0 1.018e+13 sol 9.506e+12 sub 954,890,952 c3 0 ver 0 | 4.47e+08 a0/s | expected preimages so far 0.222, projected hours per preim | RUNNING
[09-04 01:29:14] t=6.43h | [2026-09-04 01:29:03] ctx 2401: 4,294,967,296 a0 in 9.6s | cumulative a0 1.032e+13 sol 9.634e+12 sub 967,780,517 c3 0 ver 0 | 4.47e+08 a0/s | expected preimages so far 0.225, projected hours per preim | RUNNING
[09-04 01:34:23] t=6.51h | [2026-09-04 01:34:11] ctx 2433: 4,294,967,296 a0 in 9.6s | cumulative a0 1.045e+13 sol 9.762e+12 sub 980,668,877 c3 0 ver 0 | 4.47e+08 a0/s | expected preimages so far 0.228, projected hours per preim | RUNNING
[09-04 01:39:30] t=6.60h | [2026-09-04 01:39:18] ctx 2465: 4,294,967,296 a0 in 9.6s | cumulative a0 1.059e+13 sol 9.891e+12 sub 993,565,434 c3 0 ver 0 | 4.47e+08 a0/s | expected preimages so far 0.231, projected hours per preim | RUNNING
[09-04 01:44:38] t=6.68h | [2026-09-04 01:44:26] ctx 2497: 4,294,967,296 a0 in 9.6s | cumulative a0 1.073e+13 sol 1.002e+13 sub 1,006,463,627 c3 0 ver 0 | 4.47e+08 a0/s | expected preimages so far 0.234, projected hours per pre | RUNNING
[09-04 01:49:46] t=6.77h | [2026-09-04 01:49:33] ctx 2529: 4,294,967,296 a0 in 9.6s | cumulative a0 1.087e+13 sol 1.015e+13 sub 1,019,366,696 c3 0 ver 0 | 4.47e+08 a0/s | expected preimages so far 0.237, projected hours per pre | RUNNING
[09-04 01:54:54] t=6.85h | [2026-09-04 01:54:40] ctx 2561: 4,294,967,296 a0 in 9.6s | cumulative a0 1.100e+13 sol 1.028e+13 sub 1,032,253,400 c3 0 ver 0 | 4.47e+08 a0/s | expected preimages so far 0.240, projected hours per pre | RUNNING
[09-04 02:00:02] t=6.94h | [2026-09-04 01:59:48] ctx 2593: 4,294,967,296 a0 in 9.6s | cumulative a0 1.114e+13 sol 1.040e+13 sub 1,045,145,496 c3 0 ver 0 | 4.47e+08 a0/s | expected preimages so far 0.243, projected hours per pre | RUNNING
[09-04 02:05:10] t=7.02h | [2026-09-04 02:04:56] ctx 2625: 4,294,967,296 a0 in 9.6s | cumulative a0 1.128e+13 sol 1.053e+13 sub 1,058,036,480 c3 0 ver 0 | 4.47e+08 a0/s | expected preimages so far 0.246, projected hours per pre | RUNNING
[09-04 02:10:18] t=7.11h | [2026-09-04 02:10:12] ctx 2658: 4,294,967,296 a0 in 9.6s | cumulative a0 1.142e+13 sol 1.066e+13 sub 1,071,330,731 c3 0 ver 0 | 4.47e+08 a0/s | expected preimages so far 0.249, projected hours per pre | RUNNING
[09-04 02:15:26] t=7.20h | [2026-09-04 02:15:20] ctx 2690: 4,294,967,296 a0 in 9.6s | cumulative a0 1.156e+13 sol 1.079e+13 sub 1,084,229,731 c3 0 ver 0 | 4.47e+08 a0/s | expected preimages so far 0.252, projected hours per pre | RUNNING
[09-04 02:20:34] t=7.28h | [2026-09-04 02:20:27] ctx 2722: 4,294,967,296 a0 in 9.6s | cumulative a0 1.170e+13 sol 1.092e+13 sub 1,097,127,145 c3 0 ver 0 | 4.47e+08 a0/s | expected preimages so far 0.255, projected hours per pre | RUNNING
[09-04 02:25:42] t=7.37h | [2026-09-04 02:25:35] ctx 2754: 4,294,967,296 a0 in 9.6s | cumulative a0 1.183e+13 sol 1.105e+13 sub 1,110,022,668 c3 0 ver 0 | 4.47e+08 a0/s | expected preimages so far 0.258, projected hours per pre | RUNNING
[09-04 02:30:50] t=7.45h | [2026-09-04 02:30:42] ctx 2786: 4,294,967,296 a0 in 9.6s | cumulative a0 1.197e+13 sol 1.118e+13 sub 1,122,911,761 c3 0 ver 0 | 4.47e+08 a0/s | expected preimages so far 0.261, projected hours per pre | RUNNING
[09-04 02:35:57] t=7.54h | [2026-09-04 02:35:50] ctx 2818: 4,294,967,296 a0 in 9.6s | cumulative a0 1.211e+13 sol 1.131e+13 sub 1,135,806,974 c3 0 ver 0 | 4.47e+08 a0/s | expected preimages so far 0.264, projected hours per pre | RUNNING
[09-04 02:41:05] t=7.62h | [2026-09-04 02:40:58] ctx 2850: 4,294,967,296 a0 in 9.6s | cumulative a0 1.224e+13 sol 1.143e+13 sub 1,148,697,397 c3 0 ver 0 | 4.47e+08 a0/s | expected preimages so far 0.267, projected hours per pre | RUNNING
[09-04 02:46:13] t=7.71h | [2026-09-04 02:46:05] ctx 2882: 4,294,967,296 a0 in 9.6s | cumulative a0 1.238e+13 sol 1.156e+13 sub 1,161,590,456 c3 0 ver 0 | 4.47e+08 a0/s | expected preimages so far 0.270, projected hours per pre | RUNNING
[09-04 02:51:21] t=7.79h | [2026-09-04 02:51:13] ctx 2914: 4,294,967,296 a0 in 9.6s | cumulative a0 1.252e+13 sol 1.169e+13 sub 1,174,489,345 c3 0 ver 0 | 4.47e+08 a0/s | expected preimages so far 0.273, projected hours per pre | RUNNING
[09-04 02:56:29] t=7.88h | [2026-09-04 02:56:20] ctx 2946: 4,294,967,296 a0 in 9.6s | cumulative a0 1.266e+13 sol 1.182e+13 sub 1,187,376,762 c3 0 ver 0 | 4.47e+08 a0/s | expected preimages so far 0.276, projected hours per pre | RUNNING
[09-04 03:01:37] t=7.97h | [2026-09-04 03:01:28] ctx 2978: 4,294,967,296 a0 in 9.6s | cumulative a0 1.279e+13 sol 1.195e+13 sub 1,200,272,602 c3 0 ver 0 | 4.47e+08 a0/s | expected preimages so far 0.279, projected hours per pre | RUNNING
[09-04 03:06:45] t=8.05h | [2026-09-04 03:06:35] ctx 3010: 4,294,967,296 a0 in 9.6s | cumulative a0 1.293e+13 sol 1.208e+13 sub 1,213,169,131 c3 0 ver 0 | 4.47e+08 a0/s | expected preimages so far 0.282, projected hours per pre | RUNNING
[09-04 03:11:53] t=8.14h | [2026-09-04 03:11:43] ctx 3042: 4,294,967,296 a0 in 9.6s | cumulative a0 1.307e+13 sol 1.220e+13 sub 1,226,059,551 c3 0 ver 0 | 4.47e+08 a0/s | expected preimages so far 0.285, projected hours per pre | RUNNING
[09-04 03:17:01] t=8.22h | [2026-09-04 03:16:51] ctx 3074: 4,294,967,296 a0 in 9.6s | cumulative a0 1.321e+13 sol 1.233e+13 sub 1,238,953,959 c3 0 ver 0 | 4.47e+08 a0/s | expected preimages so far 0.288, projected hours per pre | RUNNING
[09-04 03:22:09] t=8.31h | [2026-09-04 03:21:58] ctx 3106: 4,294,967,296 a0 in 9.6s | cumulative a0 1.334e+13 sol 1.246e+13 sub 1,251,845,551 c3 0 ver 0 | 4.47e+08 a0/s | expected preimages so far 0.291, projected hours per pre | RUNNING
[09-04 03:27:17] t=8.39h | [2026-09-04 03:27:06] ctx 3138: 4,294,967,296 a0 in 9.6s | cumulative a0 1.348e+13 sol 1.259e+13 sub 1,264,741,428 c3 0 ver 0 | 4.47e+08 a0/s | expected preimages so far 0.294, projected hours per pre | RUNNING
[09-04 03:32:24] t=8.48h | [2026-09-04 03:32:13] ctx 3170: 4,294,967,296 a0 in 9.6s | cumulative a0 1.362e+13 sol 1.272e+13 sub 1,277,633,068 c3 0 ver 0 | 4.47e+08 a0/s | expected preimages so far 0.297, projected hours per pre | RUNNING
[09-04 03:37:32] t=8.56h | [2026-09-04 03:37:21] ctx 3202: 4,294,967,296 a0 in 9.6s | cumulative a0 1.376e+13 sol 1.285e+13 sub 1,290,528,125 c3 0 ver 0 | 4.47e+08 a0/s | expected preimages so far 0.300, projected hours per pre | RUNNING
[09-04 03:42:40] t=8.65h | [2026-09-04 03:42:28] ctx 3234: 4,294,967,296 a0 in 9.6s | cumulative a0 1.389e+13 sol 1.298e+13 sub 1,303,421,030 c3 0 ver 0 | 4.47e+08 a0/s | expected preimages so far 0.303, projected hours per pre | RUNNING
[09-04 03:47:48] t=8.73h | [2026-09-04 03:47:36] ctx 3266: 4,294,967,296 a0 in 9.6s | cumulative a0 1.403e+13 sol 1.310e+13 sub 1,316,310,598 c3 0 ver 0 | 4.47e+08 a0/s | expected preimages so far 0.306, projected hours per pre | RUNNING
[09-04 03:52:56] t=8.82h | [2026-09-04 03:52:43] ctx 3298: 4,294,967,296 a0 in 9.6s | cumulative a0 1.417e+13 sol 1.323e+13 sub 1,329,203,480 c3 0 ver 0 | 4.47e+08 a0/s | expected preimages so far 0.309, projected hours per pre | RUNNING
[09-04 03:58:04] t=8.91h | [2026-09-04 03:57:51] ctx 3330: 4,294,967,296 a0 in 9.6s | cumulative a0 1.431e+13 sol 1.336e+13 sub 1,342,095,401 c3 0 ver 0 | 4.47e+08 a0/s | expected preimages so far 0.312, projected hours per pre | RUNNING
[09-04 04:03:12] t=8.99h | [2026-09-04 04:02:59] ctx 3362: 4,294,967,296 a0 in 9.6s | cumulative a0 1.444e+13 sol 1.349e+13 sub 1,354,986,470 c3 0 ver 0 | 4.47e+08 a0/s | expected preimages so far 0.315, projected hours per pre | RUNNING
[09-04 04:08:20] t=9.08h | [2026-09-04 04:08:06] ctx 3394: 4,294,967,296 a0 in 9.6s | cumulative a0 1.458e+13 sol 1.362e+13 sub 1,367,880,075 c3 0 ver 0 | 4.47e+08 a0/s | expected preimages so far 0.318, projected hours per pre | RUNNING
[09-04 04:13:28] t=9.16h | [2026-09-04 04:13:14] ctx 3426: 4,294,967,296 a0 in 9.6s | cumulative a0 1.472e+13 sol 1.375e+13 sub 1,380,774,415 c3 0 ver 0 | 4.47e+08 a0/s | expected preimages so far 0.321, projected hours per pre | RUNNING
[09-04 04:18:36] t=9.25h | [2026-09-04 04:18:22] ctx 3458: 4,294,967,296 a0 in 9.6s | cumulative a0 1.486e+13 sol 1.387e+13 sub 1,393,670,194 c3 0 ver 0 | 4.47e+08 a0/s | expected preimages so far 0.324, projected hours per pre | RUNNING
[09-04 04:23:44] t=9.33h | [2026-09-04 04:23:29] ctx 3490: 4,294,967,296 a0 in 9.6s | cumulative a0 1.499e+13 sol 1.400e+13 sub 1,406,558,707 c3 0 ver 0 | 4.47e+08 a0/s | expected preimages so far 0.327, projected hours per pre | RUNNING
[09-04 04:28:52] t=9.42h | [2026-09-04 04:28:46] ctx 3523: 4,294,967,296 a0 in 9.6s | cumulative a0 1.514e+13 sol 1.413e+13 sub 1,419,853,789 c3 0 ver 0 | 4.47e+08 a0/s | expected preimages so far 0.331, projected hours per pre | RUNNING
[09-04 04:34:00] t=9.50h | [2026-09-04 04:33:54] ctx 3555: 4,294,967,296 a0 in 9.6s | cumulative a0 1.527e+13 sol 1.426e+13 sub 1,432,750,714 c3 0 ver 0 | 4.47e+08 a0/s | expected preimages so far 0.334, projected hours per pre | RUNNING
[09-04 04:39:08] t=9.59h | [2026-09-04 04:39:02] ctx 3587: 4,294,967,296 a0 in 9.6s | cumulative a0 1.541e+13 sol 1.439e+13 sub 1,445,642,110 c3 0 ver 0 | 4.47e+08 a0/s | expected preimages so far 0.337, projected hours per pre | RUNNING
[09-04 04:44:16] t=9.68h | [2026-09-04 04:44:09] ctx 3619: 4,294,967,296 a0 in 9.6s | cumulative a0 1.555e+13 sol 1.452e+13 sub 1,458,534,875 c3 0 ver 0 | 4.47e+08 a0/s | expected preimages so far 0.340, projected hours per pre | RUNNING
[09-04 04:49:24] t=9.76h | [2026-09-04 04:49:17] ctx 3651: 4,294,967,296 a0 in 9.6s | cumulative a0 1.569e+13 sol 1.465e+13 sub 1,471,425,535 c3 0 ver 0 | 4.47e+08 a0/s | expected preimages so far 0.343, projected hours per pre | RUNNING
[09-04 04:54:32] t=9.85h | [2026-09-04 04:54:25] ctx 3683: 4,294,967,296 a0 in 9.6s | cumulative a0 1.582e+13 sol 1.478e+13 sub 1,484,320,107 c3 0 ver 0 | 4.47e+08 a0/s | expected preimages so far 0.346, projected hours per pre | RUNNING
[09-04 04:59:39] t=9.93h | [2026-09-04 04:59:32] ctx 3715: 4,294,967,296 a0 in 9.6s | cumulative a0 1.596e+13 sol 1.490e+13 sub 1,497,206,107 c3 0 ver 0 | 4.47e+08 a0/s | expected preimages so far 0.349, projected hours per pre | RUNNING
[09-04 05:04:47] t=10.02h | [2026-09-04 05:04:40] ctx 3747: 4,294,967,296 a0 in 9.6s | cumulative a0 1.610e+13 sol 1.503e+13 sub 1,510,101,287 c3 0 ver 0 | 4.47e+08 a0/s | expected preimages so far 0.352, projected hours per pre | RUNNING
[09-04 05:09:55] t=10.10h | [2026-09-04 05:09:47] ctx 3779: 4,294,967,296 a0 in 9.6s | cumulative a0 1.623e+13 sol 1.516e+13 sub 1,522,997,030 c3 0 ver 0 | 4.47e+08 a0/s | expected preimages so far 0.355, projected hours per pre | RUNNING
[09-04 05:15:04] t=10.19h | [2026-09-04 05:14:55] ctx 3811: 4,294,967,296 a0 in 9.6s | cumulative a0 1.637e+13 sol 1.529e+13 sub 1,535,887,602 c3 0 ver 0 | 4.47e+08 a0/s | expected preimages so far 0.358, projected hours per pre | RUNNING
[09-04 05:20:11] t=10.27h | [2026-09-04 05:20:02] ctx 3843: 4,294,967,296 a0 in 9.6s | cumulative a0 1.651e+13 sol 1.542e+13 sub 1,548,785,996 c3 0 ver 0 | 4.47e+08 a0/s | expected preimages so far 0.361, projected hours per pre | RUNNING
[09-04 05:25:19] t=10.36h | [2026-09-04 05:25:10] ctx 3875: 4,294,967,296 a0 in 9.6s | cumulative a0 1.665e+13 sol 1.555e+13 sub 1,561,676,519 c3 0 ver 0 | 4.47e+08 a0/s | expected preimages so far 0.364, projected hours per pre | RUNNING
[09-04 05:30:27] t=10.45h | [2026-09-04 05:30:18] ctx 3907: 4,294,967,296 a0 in 9.6s | cumulative a0 1.678e+13 sol 1.567e+13 sub 1,574,573,043 c3 0 ver 0 | 4.47e+08 a0/s | expected preimages so far 0.367, projected hours per pre | RUNNING
[09-04 05:35:34] t=10.53h | [2026-09-04 05:35:25] ctx 3939: 4,294,967,296 a0 in 9.6s | cumulative a0 1.692e+13 sol 1.580e+13 sub 1,587,471,588 c3 0 ver 0 | 4.47e+08 a0/s | expected preimages so far 0.370, projected hours per pre | RUNNING
[09-04 05:40:42] t=10.62h | [2026-09-04 05:40:33] ctx 3971: 4,294,967,296 a0 in 9.6s | cumulative a0 1.706e+13 sol 1.593e+13 sub 1,600,363,685 c3 0 ver 0 | 4.47e+08 a0/s | expected preimages so far 0.373, projected hours per pre | RUNNING
[09-04 05:45:50] t=10.70h | [2026-09-04 05:45:41] ctx 4003: 4,294,967,296 a0 in 9.6s | cumulative a0 1.720e+13 sol 1.606e+13 sub 1,613,252,913 c3 0 ver 0 | 4.47e+08 a0/s | expected preimages so far 0.376, projected hours per pre | RUNNING
[09-04 05:50:58] t=10.79h | [2026-09-04 05:50:48] ctx 4035: 4,294,967,296 a0 in 9.6s | cumulative a0 1.733e+13 sol 1.619e+13 sub 1,626,145,656 c3 0 ver 0 | 4.47e+08 a0/s | expected preimages so far 0.379, projected hours per pre | RUNNING
[09-04 05:56:06] t=10.87h | [2026-09-04 05:55:56] ctx 4067: 4,294,967,296 a0 in 9.6s | cumulative a0 1.747e+13 sol 1.632e+13 sub 1,639,034,909 c3 0 ver 0 | 4.47e+08 a0/s | expected preimages so far 0.382, projected hours per pre | RUNNING
[09-04 06:01:14] t=10.96h | [2026-09-04 06:01:04] ctx 4099: 4,294,967,296 a0 in 9.6s | cumulative a0 1.761e+13 sol 1.644e+13 sub 1,651,923,027 c3 0 ver 0 | 4.47e+08 a0/s | expected preimages so far 0.385, projected hours per pre | RUNNING
[09-04 06:06:23] t=11.04h | [2026-09-04 06:06:11] ctx 4131: 4,294,967,296 a0 in 9.6s | cumulative a0 1.775e+13 sol 1.657e+13 sub 1,664,819,374 c3 0 ver 0 | 4.47e+08 a0/s | expected preimages so far 0.388, projected hours per pre | RUNNING
[09-04 06:11:31] t=11.13h | [2026-09-04 06:11:19] ctx 4163: 4,294,967,296 a0 in 9.6s | cumulative a0 1.788e+13 sol 1.670e+13 sub 1,677,709,705 c3 0 ver 0 | 4.47e+08 a0/s | expected preimages so far 0.391, projected hours per pre | RUNNING
[09-04 06:16:39] t=11.22h | [2026-09-04 06:16:26] ctx 4195: 4,294,967,296 a0 in 9.6s | cumulative a0 1.802e+13 sol 1.683e+13 sub 1,690,602,655 c3 0 ver 0 | 4.47e+08 a0/s | expected preimages so far 0.394, projected hours per pre | RUNNING
[09-04 06:21:47] t=11.30h | [2026-09-04 06:21:42] ctx 4228: 4,294,967,296 a0 in 9.6s | cumulative a0 1.816e+13 sol 1.696e+13 sub 1,703,896,257 c3 0 ver 0 | 4.47e+08 a0/s | expected preimages so far 0.397, projected hours per pre | RUNNING
[09-04 06:26:55] t=11.39h | [2026-09-04 06:26:48] ctx 4260: 4,294,967,296 a0 in 9.6s | cumulative a0 1.830e+13 sol 1.709e+13 sub 1,716,785,749 c3 0 ver 0 | 4.47e+08 a0/s | expected preimages so far 0.400, projected hours per pre | RUNNING
[09-04 06:32:03] t=11.47h | [2026-09-04 06:31:54] ctx 4292: 4,294,967,296 a0 in 9.6s | cumulative a0 1.844e+13 sol 1.722e+13 sub 1,729,676,183 c3 0 ver 0 | 4.47e+08 a0/s | expected preimages so far 0.403, projected hours per pre | RUNNING
[09-04 06:37:11] t=11.56h | [2026-09-04 06:37:00] ctx 4324: 4,294,967,296 a0 in 9.5s | cumulative a0 1.858e+13 sol 1.735e+13 sub 1,742,566,350 c3 0 ver 0 | 4.47e+08 a0/s | expected preimages so far 0.406, projected hours per pre | RUNNING
[09-04 06:42:19] t=11.64h | [2026-09-04 06:42:06] ctx 4356: 4,294,967,296 a0 in 9.6s | cumulative a0 1.871e+13 sol 1.748e+13 sub 1,755,458,758 c3 0 ver 0 | 4.47e+08 a0/s | expected preimages so far 0.409, projected hours per pre | RUNNING
[09-04 06:47:27] t=11.73h | [2026-09-04 06:47:13] ctx 4388: 4,294,967,296 a0 in 9.6s | cumulative a0 1.885e+13 sol 1.760e+13 sub 1,768,355,248 c3 0 ver 0 | 4.47e+08 a0/s | expected preimages so far 0.412, projected hours per pre | RUNNING
[09-04 06:52:35] t=11.81h | [2026-09-04 06:52:29] ctx 4421: 4,294,967,296 a0 in 9.6s | cumulative a0 1.899e+13 sol 1.774e+13 sub 1,781,654,575 c3 0 ver 0 | 4.47e+08 a0/s | expected preimages so far 0.415, projected hours per pre | RUNNING
[09-04 06:57:43] t=11.90h | [2026-09-04 06:57:35] ctx 4453: 4,294,967,296 a0 in 9.5s | cumulative a0 1.913e+13 sol 1.786e+13 sub 1,794,555,328 c3 0 ver 0 | 4.47e+08 a0/s | expected preimages so far 0.418, projected hours per pre | RUNNING
[09-04 07:02:51] t=11.99h | [2026-09-04 07:02:42] ctx 4485: 4,294,967,296 a0 in 9.6s | cumulative a0 1.927e+13 sol 1.799e+13 sub 1,807,452,057 c3 0 ver 0 | 4.47e+08 a0/s | expected preimages so far 0.421, projected hours per pre | RUNNING
[09-04 07:07:59] t=12.07h | [2026-09-04 07:07:47] ctx 4517: 4,294,967,296 a0 in 9.6s | cumulative a0 1.940e+13 sol 1.812e+13 sub 1,820,349,855 c3 0 ver 0 | 4.47e+08 a0/s | expected preimages so far 0.424, projected hours per pre | RUNNING
[09-04 07:13:07] t=12.16h | [2026-09-04 07:12:54] ctx 4549: 4,294,967,296 a0 in 9.6s | cumulative a0 1.954e+13 sol 1.825e+13 sub 1,833,241,363 c3 0 ver 0 | 4.47e+08 a0/s | expected preimages so far 0.427, projected hours per pre | RUNNING
[09-04 07:18:15] t=12.24h | [2026-09-04 07:18:10] ctx 4582: 4,294,967,296 a0 in 9.6s | cumulative a0 1.968e+13 sol 1.838e+13 sub 1,846,531,900 c3 0 ver 0 | 4.47e+08 a0/s | expected preimages so far 0.430, projected hours per pre | RUNNING
[09-04 07:23:23] t=12.33h | [2026-09-04 07:23:17] ctx 4614: 4,294,967,296 a0 in 9.6s | cumulative a0 1.982e+13 sol 1.851e+13 sub 1,859,422,495 c3 0 ver 0 | 4.47e+08 a0/s | expected preimages so far 0.433, projected hours per pre | RUNNING
[09-04 07:28:31] t=12.41h | [2026-09-04 07:28:23] ctx 4646: 4,294,967,296 a0 in 9.6s | cumulative a0 1.996e+13 sol 1.864e+13 sub 1,872,314,195 c3 0 ver 0 | 4.47e+08 a0/s | expected preimages so far 0.436, projected hours per pre | RUNNING
[09-04 07:33:40] t=12.50h | [2026-09-04 07:33:29] ctx 4678: 4,294,967,296 a0 in 9.6s | cumulative a0 2.010e+13 sol 1.877e+13 sub 1,885,208,410 c3 0 ver 0 | 4.47e+08 a0/s | expected preimages so far 0.439, projected hours per pre | RUNNING
[09-04 07:38:48] t=12.58h | [2026-09-04 07:38:35] ctx 4710: 4,294,967,296 a0 in 9.6s | cumulative a0 2.023e+13 sol 1.889e+13 sub 1,898,101,473 c3 0 ver 0 | 4.47e+08 a0/s | expected preimages so far 0.442, projected hours per pre | RUNNING
[09-04 07:43:56] t=12.67h | [2026-09-04 07:43:43] ctx 4742: 4,294,967,296 a0 in 9.6s | cumulative a0 2.037e+13 sol 1.902e+13 sub 1,910,996,751 c3 0 ver 0 | 4.47e+08 a0/s | expected preimages so far 0.445, projected hours per pre | RUNNING
[09-04 07:49:04] t=12.76h | [2026-09-04 07:48:50] ctx 4774: 4,294,967,296 a0 in 9.5s | cumulative a0 2.051e+13 sol 1.915e+13 sub 1,923,890,535 c3 0 ver 0 | 4.47e+08 a0/s | expected preimages so far 0.448, projected hours per pre | RUNNING
[09-04 07:54:12] t=12.84h | [2026-09-04 07:54:06] ctx 4807: 4,294,967,296 a0 in 9.6s | cumulative a0 2.065e+13 sol 1.928e+13 sub 1,937,186,770 c3 0 ver 0 | 4.47e+08 a0/s | expected preimages so far 0.451, projected hours per pre | RUNNING
[09-04 07:59:20] t=12.93h | [2026-09-04 07:59:12] ctx 4839: 4,294,967,296 a0 in 9.5s | cumulative a0 2.079e+13 sol 1.941e+13 sub 1,950,077,181 c3 0 ver 0 | 4.47e+08 a0/s | expected preimages so far 0.454, projected hours per pre | RUNNING
[09-04 08:04:28] t=13.01h | [2026-09-04 08:04:18] ctx 4871: 4,294,967,296 a0 in 9.5s | cumulative a0 2.093e+13 sol 1.954e+13 sub 1,962,969,512 c3 0 ver 0 | 4.47e+08 a0/s | expected preimages so far 0.457, projected hours per pre | RUNNING
[09-04 08:09:36] t=13.10h | [2026-09-04 08:09:24] ctx 4903: 4,294,967,296 a0 in 9.6s | cumulative a0 2.106e+13 sol 1.967e+13 sub 1,975,864,744 c3 0 ver 0 | 4.47e+08 a0/s | expected preimages so far 0.460, projected hours per pre | RUNNING
[09-04 08:14:44] t=13.18h | [2026-09-04 08:14:30] ctx 4935: 4,294,967,296 a0 in 9.6s | cumulative a0 2.120e+13 sol 1.980e+13 sub 1,988,758,499 c3 0 ver 0 | 4.47e+08 a0/s | expected preimages so far 0.463, projected hours per pre | RUNNING
[09-04 08:19:52] t=13.27h | [2026-09-04 08:19:46] ctx 4968: 4,294,967,296 a0 in 9.6s | cumulative a0 2.134e+13 sol 1.993e+13 sub 2,002,045,747 c3 0 ver 0 | 4.47e+08 a0/s | expected preimages so far 0.466, projected hours per pre | RUNNING
[09-04 08:24:59] t=13.35h | [2026-09-04 08:24:52] ctx 5000: 4,294,967,296 a0 in 9.6s | cumulative a0 2.148e+13 sol 2.006e+13 sub 2,014,936,343 c3 0 ver 0 | 4.47e+08 a0/s | expected preimages so far 0.469, projected hours per pre | RUNNING
[09-04 08:30:08] t=13.44h | [2026-09-04 08:29:58] ctx 5032: 4,294,967,296 a0 in 9.6s | cumulative a0 2.162e+13 sol 2.019e+13 sub 2,027,827,922 c3 0 ver 0 | 4.47e+08 a0/s | expected preimages so far 0.472, projected hours per pre | RUNNING
[09-04 08:35:15] t=13.53h | [2026-09-04 08:35:05] ctx 5064: 4,294,967,296 a0 in 9.6s | cumulative a0 2.175e+13 sol 2.031e+13 sub 2,040,722,089 c3 0 ver 0 | 4.47e+08 a0/s | expected preimages so far 0.475, projected hours per pre | RUNNING
[09-04 08:40:24] t=13.61h | [2026-09-04 08:40:11] ctx 5096: 4,294,967,296 a0 in 9.6s | cumulative a0 2.189e+13 sol 2.044e+13 sub 2,053,611,253 c3 0 ver 0 | 4.47e+08 a0/s | expected preimages so far 0.478, projected hours per pre | RUNNING
[09-04 08:45:31] t=13.70h | [2026-09-04 08:45:17] ctx 5128: 4,294,967,296 a0 in 9.6s | cumulative a0 2.203e+13 sol 2.057e+13 sub 2,066,504,222 c3 0 ver 0 | 4.47e+08 a0/s | expected preimages so far 0.481, projected hours per pre | RUNNING
[09-04 08:50:39] t=13.78h | [2026-09-04 08:50:33] ctx 5161: 4,294,967,296 a0 in 9.6s | cumulative a0 2.217e+13 sol 2.070e+13 sub 2,079,796,865 c3 0 ver 0 | 4.47e+08 a0/s | expected preimages so far 0.484, projected hours per pre | RUNNING
[09-04 08:55:48] t=13.87h | [2026-09-04 08:55:39] ctx 5193: 4,294,967,296 a0 in 9.6s | cumulative a0 2.231e+13 sol 2.083e+13 sub 2,092,693,745 c3 0 ver 0 | 4.47e+08 a0/s | expected preimages so far 0.487, projected hours per pre | RUNNING
[09-04 09:00:56] t=13.95h | [2026-09-04 09:00:45] ctx 5225: 4,294,967,296 a0 in 9.6s | cumulative a0 2.245e+13 sol 2.096e+13 sub 2,105,583,585 c3 0 ver 0 | 4.47e+08 a0/s | expected preimages so far 0.490, projected hours per pre | RUNNING
[09-04 09:06:03] t=14.04h | [2026-09-04 09:05:51] ctx 5257: 4,294,967,296 a0 in 9.5s | cumulative a0 2.258e+13 sol 2.109e+13 sub 2,118,473,469 c3 0 ver 0 | 4.47e+08 a0/s | expected preimages so far 0.493, projected hours per pre | RUNNING
[09-04 09:11:11] t=14.12h | [2026-09-04 09:11:06] ctx 5290: 4,294,967,296 a0 in 9.5s | cumulative a0 2.272e+13 sol 2.122e+13 sub 2,131,767,301 c3 0 ver 0 | 4.47e+08 a0/s | expected preimages so far 0.496, projected hours per pre | RUNNING
[09-04 09:16:20] t=14.21h | [2026-09-04 09:16:12] ctx 5322: 4,294,967,296 a0 in 9.5s | cumulative a0 2.286e+13 sol 2.135e+13 sub 2,144,667,145 c3 0 ver 0 | 4.47e+08 a0/s | expected preimages so far 0.499, projected hours per pre | RUNNING
[09-04 09:21:27] t=14.30h | [2026-09-04 09:21:17] ctx 5354: 4,294,967,296 a0 in 9.5s | cumulative a0 2.300e+13 sol 2.148e+13 sub 2,157,559,766 c3 0 ver 0 | 4.47e+08 a0/s | expected preimages so far 0.502, projected hours per pre | RUNNING
[09-04 09:26:35] t=14.38h | [2026-09-04 09:26:23] ctx 5386: 4,294,967,296 a0 in 9.6s | cumulative a0 2.314e+13 sol 2.161e+13 sub 2,170,449,584 c3 0 ver 0 | 4.47e+08 a0/s | expected preimages so far 0.505, projected hours per pre | RUNNING
[09-04 09:31:44] t=14.47h | [2026-09-04 09:31:38] ctx 5419: 4,294,967,296 a0 in 9.5s | cumulative a0 2.328e+13 sol 2.174e+13 sub 2,183,750,003 c3 0 ver 0 | 4.47e+08 a0/s | expected preimages so far 0.508, projected hours per pre | RUNNING
[09-04 09:36:51] t=14.55h | [2026-09-04 09:36:44] ctx 5451: 4,294,967,296 a0 in 9.5s | cumulative a0 2.342e+13 sol 2.187e+13 sub 2,196,644,595 c3 0 ver 0 | 4.47e+08 a0/s | expected preimages so far 0.511, projected hours per pre | RUNNING
[09-04 09:41:59] t=14.64h | [2026-09-04 09:41:49] ctx 5483: 4,294,967,296 a0 in 9.6s | cumulative a0 2.355e+13 sol 2.200e+13 sub 2,209,537,723 c3 0 ver 0 | 4.47e+08 a0/s | expected preimages so far 0.514, projected hours per pre | RUNNING
[09-04 09:47:07] t=14.72h | [2026-09-04 09:46:55] ctx 5515: 4,294,967,296 a0 in 9.6s | cumulative a0 2.369e+13 sol 2.212e+13 sub 2,222,430,894 c3 0 ver 0 | 4.47e+08 a0/s | expected preimages so far 0.517, projected hours per pre | RUNNING
[09-04 09:52:15] t=14.81h | [2026-09-04 09:52:01] ctx 5547: 4,294,967,296 a0 in 9.6s | cumulative a0 2.383e+13 sol 2.225e+13 sub 2,235,325,736 c3 0 ver 0 | 4.47e+08 a0/s | expected preimages so far 0.520, projected hours per pre | RUNNING
[09-04 09:57:23] t=14.89h | [2026-09-04 09:57:16] ctx 5580: 4,294,967,296 a0 in 9.6s | cumulative a0 2.397e+13 sol 2.238e+13 sub 2,248,613,502 c3 0 ver 0 | 4.47e+08 a0/s | expected preimages so far 0.524, projected hours per pre | RUNNING
[09-04 10:02:31] t=14.98h | [2026-09-04 10:02:22] ctx 5612: 4,294,967,296 a0 in 9.5s | cumulative a0 2.411e+13 sol 2.251e+13 sub 2,261,512,426 c3 0 ver 0 | 4.47e+08 a0/s | expected preimages so far 0.527, projected hours per pre | RUNNING
[09-04 10:07:39] t=15.07h | [2026-09-04 10:07:27] ctx 5644: 4,294,967,296 a0 in 9.6s | cumulative a0 2.425e+13 sol 2.264e+13 sub 2,274,404,077 c3 0 ver 0 | 4.47e+08 a0/s | expected preimages so far 0.530, projected hours per pre | RUNNING
[09-04 10:12:47] t=15.15h | [2026-09-04 10:12:33] ctx 5676: 4,294,967,296 a0 in 9.5s | cumulative a0 2.438e+13 sol 2.277e+13 sub 2,287,297,840 c3 0 ver 0 | 4.47e+08 a0/s | expected preimages so far 0.533, projected hours per pre | RUNNING
[09-04 10:17:55] t=15.24h | [2026-09-04 10:17:48] ctx 5709: 4,294,967,296 a0 in 9.6s | cumulative a0 2.452e+13 sol 2.290e+13 sub 2,300,594,489 c3 0 ver 0 | 4.47e+08 a0/s | expected preimages so far 0.536, projected hours per pre | RUNNING
[09-04 10:23:02] t=15.32h | [2026-09-04 10:22:54] ctx 5741: 4,294,967,296 a0 in 9.6s | cumulative a0 2.466e+13 sol 2.303e+13 sub 2,313,486,515 c3 0 ver 0 | 4.47e+08 a0/s | expected preimages so far 0.539, projected hours per pre | RUNNING
