R=19: best MITM log2 cost = 96  (cut 9, df=160, db=224)

--- R=20 rounds, n=256 ---
cut  |Fonly| |Bonly|   df   db   log2(MITM cost)=n-min(df,db)
  1      0      15     0  480    256.0   F=[] B=[1, 2, 3, 4, 5, 6, 7, 8, 9, 10, 11, 12, 13, 14, 15]
  2      0      14     0  448    256.0   F=[] B=[2, 3, 4, 5, 6, 7, 8, 9, 10, 11, 12, 13, 14, 15]
  3      0      13     0  416    256.0   F=[] B=[3, 4, 5, 6, 7, 8, 9, 10, 11, 12, 13, 14, 15]
  4      0      12     0  384    256.0   F=[] B=[4, 5, 6, 7, 8, 9, 10, 11, 12, 13, 14, 15]
  5      0      11     0  352    256.0   F=[] B=[5, 6, 7, 8, 9, 10, 11, 12, 13, 14, 15]
  6      1      10    32  320    224.0   F=[5] B=[6, 7, 8, 9, 10, 11, 12, 13, 14, 15]
  7      2       9    64  288    192.0   F=[5, 6] B=[7, 8, 9, 10, 11, 12, 13, 14, 15]
  8      3       8    96  256    160.0   F=[5, 6, 7] B=[8, 9, 10, 11, 12, 13, 14, 15]
  9      4       7   128  224    128.0   F=[5, 6, 7, 8] B=[9, 10, 11, 12, 13, 14, 15]
 10      4       6   128  192    128.0   F=[5, 6, 7, 8] B=[10, 11, 12, 13, 14, 15]
 11      4       5   128  160    128.0   F=[5, 6, 7, 8] B=[11, 12, 13, 14, 15]
 12      4       4   128  128    128.0   F=[5, 6, 7, 8] B=[12, 13, 14, 15]
 13      4       3   128   96    160.0   F=[5, 6, 7, 8] B=[13, 14, 15]
 14      5       2   160   64    192.0   F=[5, 6, 7, 8, 13] B=[14, 15]
 15      5       1   160   32    224.0   F=[5, 6, 7, 8, 13] B=[15]
 16      5       0   160    0    256.0   F=[5, 6, 7, 8, 13] B=[]
 17      5       0   160    0    256.0   F=[5, 6, 7, 8, 13] B=[]
 18      5       0   160    0    256.0   F=[5, 6, 7, 8, 13] B=[]
 19      9       0   288    0    256.0   F=[0, 5, 6, 7, 8, 9, 11, 13, 14] B=[]
BEST: (128, 9, [5, 6, 7, 8], [9, 10, 11, 12, 13, 14, 15], 128, 224)
R=20: best MITM log2 cost = 128  (cut 9, df=128, db=224)

--- R=21 rounds, n=256 ---
cut  |Fonly| |Bonly|   df   db   log2(MITM cost)=n-min(df,db)
  1      0      15     0  480    256.0   F=[] B=[1, 2, 3, 4, 5, 6, 7, 8, 9, 10, 11, 12, 13, 14, 15]
  2      0      14     0  448    256.0   F=[] B=[2, 3, 4, 5, 6, 7, 8, 9, 10, 11, 12, 13, 14, 15]
  3      0      13     0  416    256.0   F=[] B=[3, 4, 5, 6, 7, 8, 9, 10, 11, 12, 13, 14, 15]
  4      0      12     0  384    256.0   F=[] B=[4, 5, 6, 7, 8, 9, 10, 11, 12, 13, 14, 15]
  5      0      11     0  352    256.0   F=[] B=[5, 6, 7, 8, 9, 10, 11, 12, 13, 14, 15]
  6      0      10     0  320    256.0   F=[] B=[6, 7, 8, 9, 10, 11, 12, 13, 14, 15]
  7      1       9    32  288    224.0   F=[6] B=[7, 8, 9, 10, 11, 12, 13, 14, 15]
  8      2       8    64  256    192.0   F=[6, 7] B=[8, 9, 10, 11, 12, 13, 14, 15]
  9      3       7    96  224    160.0   F=[6, 7, 8] B=[9, 10, 11, 12, 13, 14, 15]
 10      3       6    96  192    160.0   F=[6, 7, 8] B=[10, 11, 12, 13, 14, 15]
 11      3       5    96  160    160.0   F=[6, 7, 8] B=[11, 12, 13, 14, 15]
 12      3       4    96  128    160.0   F=[6, 7, 8] B=[12, 13, 14, 15]
 13      3       3    96   96    160.0   F=[6, 7, 8] B=[13, 14, 15]
 14      3       2    96   64    192.0   F=[6, 7, 8] B=[14, 15]
 15      3       1    96   32    224.0   F=[6, 7, 8] B=[15]
 16      3       0    96    0    256.0   F=[6, 7, 8] B=[]
 17      3       0    96    0    256.0   F=[6, 7, 8] B=[]
 18      3       0    96    0    256.0   F=[6, 7, 8] B=[]
 19      3       0    96    0    256.0   F=[6, 7, 8] B=[]
 20      6       0   192    0    256.0   F=[6, 7, 8, 10, 12, 15] B=[]
BEST: (160, 9, [6, 7, 8], [9, 10, 11, 12, 13, 14, 15], 96, 224)
R=21: best MITM log2 cost = 160  (cut 9, df=96, db=224)

R=22: best MITM log2 cost = 192  (cut 9, df=64, db=224)

--- R=24 rounds, n=256 ---
cut  |Fonly| |Bonly|   df   db   log2(MITM cost)=n-min(df,db)
  1      0      15     0  480    256.0   F=[] B=[1, 2, 3, 4, 5, 6, 7, 8, 9, 10, 11, 12, 13, 14, 15]
  2      0      14     0  448    256.0   F=[] B=[2, 3, 4, 5, 6, 7, 8, 9, 10, 11, 12, 13, 14, 15]
  3      0      13     0  416    256.0   F=[] B=[3, 4, 5, 6, 7, 8, 9, 10, 11, 12, 13, 14, 15]
  4      0      12     0  384    256.0   F=[] B=[4, 5, 6, 7, 8, 9, 10, 11, 12, 13, 14, 15]
  5      0      11     0  352    256.0   F=[] B=[5, 6, 7, 8, 9, 10, 11, 12, 13, 14, 15]
  6      0      10     0  320    256.0   F=[] B=[6, 7, 8, 9, 10, 11, 12, 13, 14, 15]
  7      0       9     0  288    256.0   F=[] B=[7, 8, 9, 10, 11, 12, 13, 14, 15]
  8      0       8     0  256    256.0   F=[] B=[8, 9, 10, 11, 12, 13, 14, 15]
  9      0       7     0  224    256.0   F=[] B=[9, 10, 11, 12, 13, 14, 15]
 10      0       6     0  192    256.0   F=[] B=[10, 11, 12, 13, 14, 15]
 11      0       5     0  160    256.0   F=[] B=[11, 12, 13, 14, 15]
 12      0       4     0  128    256.0   F=[] B=[12, 13, 14, 15]
 13      0       3     0   96    256.0   F=[] B=[13, 14, 15]
 14      0       2     0   64    256.0   F=[] B=[14, 15]
 15      0       1     0   32    256.0   F=[] B=[15]
 16      0       0     0    0    256.0   F=[] B=[]
 17      0       0     0    0    256.0   F=[] B=[]
 18      0       0     0    0    256.0   F=[] B=[]
 19      0       0     0    0    256.0   F=[] B=[]
 20      0       0     0    0    256.0   F=[] B=[]
 21      0       0     0    0    256.0   F=[] B=[]
 22      0       0     0    0    256.0   F=[] B=[]
 23      2       0    64    0    256.0   F=[11, 13] B=[]
BEST: (256, 1, [], [1, 2, 3, 4, 5, 6, 7, 8, 9, 10, 11, 12, 13, 14, 15], 0, 480)
R=24: best MITM log2 cost = 256  (cut 1, df=0, db=480)

R=28: best MITM log2 cost = 256  (cut 1, df=0, db=480)

R=32: best MITM log2 cost = 256  (cut 1, df=0, db=480)

R=44: best MITM log2 cost = 256  (cut 1, df=0, db=480)

