1144419 legal conditions loaded; global a5->C1 min 10.920 (grid01: {'a6': 'eq4', 'a7': 'eq6', 'e8': 4294967295, 'c9': 0, 'e10': 0, 'e11': 4294967295}), max 12.677
conditions below 4 bits (WEAK candidates): 0
sweep                     bulk C1  bulk2 C1  numchk C1  numchk C0     C2     C3  cond
grid01                     10.920    10.946      11.12      1.939    0.0    0.0  {'a6': 'eq4', 'a7': 'eq6', 'e8': 4294967295, 'c9': 0, 'e10': 0, 'e11': 4294967295}
grid01                     10.948    11.023     11.104      1.869   1.99    1.0  {'a6': 'eq4', 'a7': 'eq6', 'e8': 4294967295, 'c9': 0, 'e10': 4294967295}
grid01                     10.950    10.953     10.949       1.93   1.87   1.95  {'a6': 'eq4', 'a7': 'eq6', 'e8': 4294967295, 'c9': 0, 'e10': 4294967295, 'e11': 0}
grid01                     10.963    10.957     11.082       1.97    0.0   1.95  {'a6': 'eq4', 'a7': 'eq6', 'e8': 4294967295, 'c9': 0, 'e10': 0, 'e11': 0}
grid01                     10.965    10.950     10.821      1.931    0.0   0.98  {'a6': 'eq4', 'a7': 'eq6', 'e8': 4294967295, 'c9': 0, 'e10': 0}
grid01                     10.966    10.978     11.024       1.99   0.91   1.94  {'a6': 'eq4', 'a7': 'eq6', 'e8': 4294967295, 'c9': 0, 'e11': 0}
grid01                     10.978    10.967     10.914      1.964   1.92    0.0  {'a6': 'eq4', 'a7': 'eq6', 'e8': 4294967295, 'c9': 0, 'e10': 4294967295, 'e11': 4294967295}
struct4                    10.992    11.209     11.257      1.115   0.88   0.96  {'a7': 'eq6', 'e8': 4294967294, 'c9': 0, 'e10': 268439552, 'e11': 858993459}
grid01                     11.002    10.985      11.04      1.973    1.0   0.99  {'a6': 'eq4', 'a7': 'eq6', 'e8': 4294967295, 'c9': 0}
struct4                    11.012    11.182     11.093       0.98   1.03    1.5  {'a7': 'eq6', 'e8': 4294967295, 'c9': 2147483648, 'e10': 2863311530, 'e11': 2290649224}
struct4                    11.015    11.178     11.145      1.205   1.07   1.41  {'a7': 'eq6', 'e8': 2147483647, 'c9': 0, 'e10': 2290649224, 'e11': 2290649224}
struct4                    11.017    11.216      11.23      1.166   0.98   0.92  {'a7': 'eq6', 'e8': 4294967294, 'c9': 2147483648, 'e10': 2155905152, 'e11': 65535}
struct4                    11.022    11.193     11.166       1.01   0.97   1.85  {'a7': 'eq6', 'e8': 4294967295, 'c9': 0, 'e10': 286331153, 'e11': 1}
struct4                    11.023    11.146      11.22      0.959   0.96   1.39  {'a7': 'eq6', 'e8': 4294967295, 'c9': 0, 'e10': 16843009, 'e11': 252641280}
struct4                    11.023    11.154      11.18      0.973   0.92   1.72  {'a7': 'eq6', 'e8': 4294967295, 'c9': 0, 'e10': 0, 'e11': 2155905152}
struct4                    11.026    11.131     11.186      1.155   0.97   1.47  {'a7': 'eq6', 'e8': 2147483647, 'c9': 0, 'e10': 0, 'e11': 286331153}
struct4                    11.027    11.150     11.131      0.966   0.91   0.98  {'a7': 'eq6', 'e8': 4294967295, 'c9': 2147483648, 'e10': 252641280, 'e11': 4278255360}
struct4                    11.030    11.187     11.152      1.228   0.91   1.92  {'a7': 'eq6', 'e8': 4294967294, 'c9': 2147483648, 'e10': 2147483648, 'e11': 1}
struct4                    11.031    11.172     10.985       1.03   0.97   1.41  {'a7': 'eq6', 'e8': 4294967295, 'c9': 2147483648, 'e10': 2863311530, 'e11': 252641280}
grid01                     11.032    11.002     11.148      1.917    1.0    0.0  {'a6': 'eq4', 'a7': 'eq6', 'e8': 4294967295, 'c9': 0, 'e11': 4294967295}
struct4                    12.386    12.436     12.498       4.07   1.12   0.05  {'a7': 'eq6', 'e8': 16711935, 'c9': 1431655765, 'e10': 65535, 'e11': 4294967294}
pair_e8c9_random           12.132    12.224     12.062      4.549    1.4   1.92  {'a7': 'eq6', 'e8': 1299564158, 'c9': 2222770757, 'e11': 0}
pair_c9_v_random           12.083    12.161     12.318      1.018   1.43   1.96  {'a7': 'eq6', 'e8': 4294967295, 'e11': 0, 'c9': 3037836642, 'v': 2482188695}
sweep_c9_big               11.895    11.896     11.842      0.999   1.38    1.9  {'a7': 'eq6', 'e8': 4294967295, 'e11': 0, 'c9': 1069891818}
pair_e8c9_random           12.044    12.054     12.217      4.181   1.42   1.98  {'a7': 'eq6', 'e8': 4042749676, 'c9': 163110986, 'e11': 0}
pair_c9_v_a6eq4_random     11.863    11.855      11.86      2.002   1.42   1.95  {'a7': 'eq6', 'e8': 4294967295, 'e11': 0, 'c9': 1482294172, 'v': 385289831, 'a6': 'eq4'}
pair_e8c9_random           12.430    12.338     12.455      4.968    1.5   1.88  {'a7': 'eq6', 'e8': 3521658248, 'c9': 2896645393, 'e11': 0}
pair_c9_v_a6eq4_random     12.109    12.114     12.097       1.86   1.47   1.94  {'a7': 'eq6', 'e8': 4294967295, 'e11': 0, 'c9': 2909987737, 'v': 2687049965, 'a6': 'eq4'}
pair_e8c9_random           12.081    12.220     12.455      4.376   1.39   1.92  {'a7': 'eq6', 'e8': 2544831981, 'c9': 3644773748, 'e11': 0}
pair_c9_v_a6eq4_random     12.075    12.090      11.99      1.991   1.58   2.03  {'a7': 'eq6', 'e8': 4294967295, 'e11': 0, 'c9': 817162571, 'v': 3487568814, 'a6': 'eq4'}
sweep_e8_big               12.190    12.189     12.223      4.945   1.45   1.92  {'a7': 'eq6', 'e8': 568597996, 'e11': 0}
struct4                    12.406    12.424     12.426      6.285   1.52   1.96  {'a7': 'eq6', 'e8': 286331153, 'c9': 3435973836, 'e10': 1779033703, 'e11': 286331153}
struct4                    11.550    11.545     11.538      1.195   0.94   1.83  {'a7': 'eq6', 'e8': 4294967294, 'c9': 4278255360, 'e10': 4278255360, 'e11': 16843009}
struct4                    12.395    12.411     12.489      6.332   1.01   0.95  {'a7': 'eq6', 'e8': 65537, 'c9': 858993459, 'e10': 65535, 'e11': 4294901760}
pair_c9_v_random           11.933    12.014      12.03      0.977   1.34   1.95  {'a7': 'eq6', 'e8': 4294967295, 'e11': 0, 'c9': 927073967, 'v': 3109011593}
pair_c9_a6_random          12.112    12.035     11.998       0.95   1.42   1.96  {'a7': 'eq6', 'e8': 4294967295, 'e11': 0, 'c9': 1922372832, 'a6': 3722340895}
struct4                    11.678    11.719     11.502      6.567   1.11   0.97  {'a7': 'eq6', 'e8': 268439552, 'c9': 65535, 'e10': 16711935, 'e11': 4278255360}
sweep_c9_big               12.047    12.093     12.151      0.973   1.44   1.89  {'a7': 'eq6', 'e8': 4294967295, 'e11': 0, 'c9': 2825609979}
struct4                    12.019    11.982     12.005      6.628   0.97   0.05  {'a7': 'eq6', 'e8': 16843009, 'c9': 16843009, 'e10': 4278255360, 'e11': 4294967294}
pair_e8c9_random           12.349    12.246      12.27      5.383   1.46   1.88  {'a7': 'eq6', 'e8': 2516859577, 'c9': 1887778214, 'e11': 0}

WEAK confirmed by refuter: 0
refuter (numcheck) a5->C1 over the 40 re-measured conditions: min 10.821 max 12.498; max |bulk - numcheck| = 0.374
