22176 configurations in the class
3872 legal, 18304 illegal (context would reference a5); 113s
a5 -> C1 : min 10.95  mean 11.98  max 12.76
a5 -> C0 : min 0.00  mean 6.85  max 11.09
a5 -> C2 : min 0.93  mean 1.42  max 2.49
a5 -> C3 : min 0.91  mean 1.26  max 1.69
a4 -> C0 (control): min 11.62  mean 12.39  max 13.23

ten lightest a5 -> C1 configurations:
  C1 10.95 [10.0,11.5]  C0 1.94  C2 0.98  C3 0.98  a4->C0 13.11   {6: ('eq', 4), 7: ('eq', 6), 8: ('sat_r', 4294967295), 9: ('sat_off', 0)}
  C1 10.95 [10.0,11.5]  C0 1.94  C2 0.98  C3 0.98  a4->C0 13.11   {6: ('eq', 4), 7: ('eq', 4), 8: ('sat_r', 4294967295), 9: ('sat_off', 0)}
  C1 10.99 [10.1,11.5]  C0 2.13  C2 0.96  C3 0.97  a4->C0 13.06   {6: ('eq', 4), 7: ('eq', 4), 8: ('sat_r', 2147483647), 9: ('sat_off', 0)}
  C1 10.99 [10.1,11.5]  C0 2.13  C2 0.96  C3 0.97  a4->C0 13.06   {6: ('eq', 4), 7: ('eq', 6), 8: ('sat_r', 2147483647), 9: ('sat_off', 0)}
  C1 10.99 [10.1,11.8]  C0 2.11  C2 0.95  C3 0.98  a4->C0 13.05   {6: ('eq', 4), 7: ('eq', 6), 8: ('sat_r', 2147483647), 9: ('sat_off', 2147483648)}
  C1 10.99 [10.1,11.8]  C0 2.11  C2 0.95  C3 0.98  a4->C0 13.05   {6: ('eq', 4), 7: ('eq', 4), 8: ('sat_r', 2147483647), 9: ('sat_off', 2147483648)}
  C1 11.00 [10.2,11.7]  C0 1.96  C2 0.95  C3 0.97  a4->C0 13.16   {6: ('eq', 4), 7: ('eq', 6), 8: ('sat_r', 4294967295), 9: ('sat_off', 2147483648)}
  C1 11.00 [10.2,11.7]  C0 1.96  C2 0.95  C3 0.97  a4->C0 13.16   {6: ('eq', 4), 7: ('eq', 4), 8: ('sat_r', 4294967295), 9: ('sat_off', 2147483648)}
  C1 11.03 [10.1,13.1]  C0 2.12  C2 1.02  C3 1.04  a4->C0 13.05   {6: ('eq', 4), 7: ('eq', 4), 8: ('sat_r', 2147483647), 9: ('sat_off', 4294967295)}
  C1 11.03 [10.1,13.1]  C0 2.12  C2 1.02  C3 1.04  a4->C0 13.05   {6: ('eq', 4), 7: ('eq', 6), 8: ('sat_r', 2147483647), 9: ('sat_off', 4294967295)}

ten heaviest:
  C1 12.72  {6: ('neq', 4), 7: ('rot', 6, 16), 9: ('sat_off', 1431655765)}
  C1 12.74  {6: ('neq', 4), 7: ('rot', 6, 1), 9: ('sat_off', 2863311530)}
  C1 12.75  {6: ('neq', 4), 7: ('eq', 4), 9: ('sat_off', 2863311530)}
  C1 12.75  {6: ('neq', 4), 7: ('neq', 6), 9: ('sat_off', 2863311530)}
  C1 12.76  {6: ('neq', 4), 7: ('rot', 6, 22), 9: ('sat_off', 1431655765)}

WEAK (< 4 bits) a5 -> C1 configurations: 0
