[      0s] 14_rand_1_cadical195_1: {"R": 14, "kind": "rand", "tseed": 1, "solver": "cadical195", "sseed": 1, "extra": null, "status": "sat", "t_solve": 0.07262021116912365, "verified": true}
[      0s] 14_ones_0_cadical195_1: {"R": 14, "kind": "ones", "tseed": 0, "solver": "cadical195", "sseed": 1, "extra": null, "status": "sat", "t_solve": 0.07908599078655243, "verified": true}
[      0s] 14_rand_1_kissat_1: {"R": 14, "kind": "rand", "tseed": 1, "solver": "kissat", "sseed": 1, "extra": null, "status": "sat", "t_solve": 0.08053939789533615, "verified": true}
[      0s] 14_ones_0_kissat_1: {"R": 14, "kind": "ones", "tseed": 0, "solver": "kissat", "sseed": 1, "extra": null, "status": "sat", "t_solve": 0.0803831797093153, "verified": true}
[      0s] 14_rand_2_cadical195_2: {"R": 14, "kind": "rand", "tseed": 2, "solver": "cadical195", "sseed": 2, "extra": null, "status": "sat", "t_solve": 0.09172144532203674, "verified": true}
[      0s] 14_ones_0_cadical195_2: {"R": 14, "kind": "ones", "tseed": 0, "solver": "cadical195", "sseed": 2, "extra": null, "status": "sat", "t_solve": 0.07319376058876514, "verified": true}
[      0s] 14_rand_2_kissat_2: {"R": 14, "kind": "rand", "tseed": 2, "solver": "kissat", "sseed": 2, "extra": null, "status": "sat", "t_solve": 0.07964367605745792, "verified": true}
[      0s] 14_ones_0_kissat_2: {"R": 14, "kind": "ones", "tseed": 0, "solver": "kissat", "sseed": 2, "extra": null, "status": "sat", "t_solve": 0.09784645214676857, "verified": true}
[      0s] 14_rand_3_cadical195_3: {"R": 14, "kind": "rand", "tseed": 3, "solver": "cadical195", "sseed": 3, "extra": null, "status": "sat", "t_solve": 0.07253160886466503, "verified": true}
[      0s] 14_ones_0_cadical195_3: {"R": 14, "kind": "ones", "tseed": 0, "solver": "cadical195", "sseed": 3, "extra": null, "status": "sat", "t_solve": 0.07419919595122337, "verified": true}
[      0s] 14_rand_3_kissat_3: {"R": 14, "kind": "rand", "tseed": 3, "solver": "kissat", "sseed": 3, "extra": null, "status": "sat", "t_solve": 0.0792201068252325, "verified": true}
[      0s] 14_ones_0_kissat_3: {"R": 14, "kind": "ones", "tseed": 0, "solver": "kissat", "sseed": 3, "extra": null, "status": "sat", "t_solve": 0.07826481945812702, "verified": true}
[      0s] 14_rand_4_cadical195_4: {"R": 14, "kind": "rand", "tseed": 4, "solver": "cadical195", "sseed": 4, "extra": null, "status": "sat", "t_solve": 0.07412706688046455, "verified": true}
[      0s] 14_ones_0_cadical195_4: {"R": 14, "kind": "ones", "tseed": 0, "solver": "cadical195", "sseed": 4, "extra": null, "status": "sat", "t_solve": 0.09379276819527149, "verified": true}
[      0s] 14_rand_4_kissat_4: {"R": 14, "kind": "rand", "tseed": 4, "solver": "kissat", "sseed": 4, "extra": null, "status": "sat", "t_solve": 0.07938435301184654, "verified": true}
[      0s] 14_ones_0_kissat_4: {"R": 14, "kind": "ones", "tseed": 0, "solver": "kissat", "sseed": 4, "extra": null, "status": "sat", "t_solve": 0.08247027173638344, "verified": true}
[      1s] 14_rand_5_cadical195_5: {"R": 14, "kind": "rand", "tseed": 5, "solver": "cadical195", "sseed": 5, "extra": null, "status": "sat", "t_solve": 0.07575125247240067, "verified": true}
[      1s] 14_ones_0_cadical195_5: {"R": 14, "kind": "ones", "tseed": 0, "solver": "cadical195", "sseed": 5, "extra": null, "status": "sat", "t_solve": 0.08349606767296791, "verified": true}
[      1s] 14_rand_5_kissat_5: {"R": 14, "kind": "rand", "tseed": 5, "solver": "kissat", "sseed": 5, "extra": null, "status": "sat", "t_solve": 0.08308194018900394, "verified": true}
[      1s] 14_ones_0_kissat_5: {"R": 14, "kind": "ones", "tseed": 0, "solver": "kissat", "sseed": 5, "extra": null, "status": "sat", "t_solve": 0.08069865591824055, "verified": true}
[      1s] 15_rand_1_cadical195_1: {"R": 15, "kind": "rand", "tseed": 1, "solver": "cadical195", "sseed": 1, "extra": null, "status": "sat", "t_solve": 0.07827458903193474, "verified": true}
[      1s] 15_ones_0_cadical195_1: {"R": 15, "kind": "ones", "tseed": 0, "solver": "cadical195", "sseed": 1, "extra": null, "status": "sat", "t_solve": 0.07863923162221909, "verified": true}
[      1s] 15_rand_1_kissat_1: {"R": 15, "kind": "rand", "tseed": 1, "solver": "kissat", "sseed": 1, "extra": null, "status": "sat", "t_solve": 0.11741233989596367, "verified": true}
[      1s] 15_ones_0_kissat_1: {"R": 15, "kind": "ones", "tseed": 0, "solver": "kissat", "sseed": 1, "extra": null, "status": "sat", "t_solve": 0.08953135088086128, "verified": true}
[      1s] 15_rand_2_cadical195_2: {"R": 15, "kind": "rand", "tseed": 2, "solver": "cadical195", "sseed": 2, "extra": null, "status": "sat", "t_solve": 0.0773583073168993, "verified": true}
[      1s] 15_ones_0_cadical195_2: {"R": 15, "kind": "ones", "tseed": 0, "solver": "cadical195", "sseed": 2, "extra": null, "status": "sat", "t_solve": 0.07993858680129051, "verified": true}
[      1s] 15_rand_2_kissat_2: {"R": 15, "kind": "rand", "tseed": 2, "solver": "kissat", "sseed": 2, "extra": null, "status": "sat", "t_solve": 0.08680235221982002, "verified": true}
[      1s] 15_ones_0_kissat_2: {"R": 15, "kind": "ones", "tseed": 0, "solver": "kissat", "sseed": 2, "extra": null, "status": "sat", "t_solve": 0.08586517907679081, "verified": true}
[      1s] 15_rand_3_cadical195_3: {"R": 15, "kind": "rand", "tseed": 3, "solver": "cadical195", "sseed": 3, "extra": null, "status": "sat", "t_solve": 0.08294425345957279, "verified": true}
[      1s] 15_ones_0_cadical195_3: {"R": 15, "kind": "ones", "tseed": 0, "solver": "cadical195", "sseed": 3, "extra": null, "status": "sat", "t_solve": 0.07778298482298851, "verified": true}
[      1s] 15_rand_3_kissat_3: {"R": 15, "kind": "rand", "tseed": 3, "solver": "kissat", "sseed": 3, "extra": null, "status": "sat", "t_solve": 0.0870667640119791, "verified": true}
[      1s] 15_ones_0_kissat_3: {"R": 15, "kind": "ones", "tseed": 0, "solver": "kissat", "sseed": 3, "extra": null, "status": "sat", "t_solve": 0.0858586523681879, "verified": true}
[      1s] 15_rand_4_cadical195_4: {"R": 15, "kind": "rand", "tseed": 4, "solver": "cadical195", "sseed": 4, "extra": null, "status": "sat", "t_solve": 0.07944531179964542, "verified": true}
[      1s] 15_ones_0_cadical195_4: {"R": 15, "kind": "ones", "tseed": 0, "solver": "cadical195", "sseed": 4, "extra": null, "status": "sat", "t_solve": 0.07699266448616982, "verified": true}
[      1s] 15_rand_4_kissat_4: {"R": 15, "kind": "rand", "tseed": 4, "solver": "kissat", "sseed": 4, "extra": null, "status": "sat", "t_solve": 0.08593973703682423, "verified": true}
[      1s] 15_ones_0_kissat_4: {"R": 15, "kind": "ones", "tseed": 0, "solver": "kissat", "sseed": 4, "extra": null, "status": "sat", "t_solve": 0.08673545531928539, "verified": true}
[      1s] 15_rand_5_cadical195_5: {"R": 15, "kind": "rand", "tseed": 5, "solver": "cadical195", "sseed": 5, "extra": null, "status": "sat", "t_solve": 0.07775057852268219, "verified": true}
[      1s] 15_ones_0_cadical195_5: {"R": 15, "kind": "ones", "tseed": 0, "solver": "cadical195", "sseed": 5, "extra": null, "status": "sat", "t_solve": 0.07884293980896473, "verified": true}
[      1s] 15_rand_5_kissat_5: {"R": 15, "kind": "rand", "tseed": 5, "solver": "kissat", "sseed": 5, "extra": null, "status": "sat", "t_solve": 0.08649780228734016, "verified": true}
[      1s] 15_ones_0_kissat_5: {"R": 15, "kind": "ones", "tseed": 0, "solver": "kissat", "sseed": 5, "extra": null, "status": "sat", "t_solve": 0.08751628920435905, "verified": true}
[      1s] 16_rand_1_cadical195_1: {"R": 16, "kind": "rand", "tseed": 1, "solver": "cadical195", "sseed": 1, "extra": null, "status": "sat", "t_solve": 0.08230909518897533, "verified": true}
[      1s] 16_ones_0_cadical195_1: {"R": 16, "kind": "ones", "tseed": 0, "solver": "cadical195", "sseed": 1, "extra": null, "status": "sat", "t_solve": 0.08136965334415436, "verified": true}
[      1s] 16_rand_1_kissat_1: {"R": 16, "kind": "rand", "tseed": 1, "solver": "kissat", "sseed": 1, "extra": null, "status": "sat", "t_solve": 0.09210773184895515, "verified": true}
[      1s] 16_ones_0_kissat_1: {"R": 16, "kind": "ones", "tseed": 0, "solver": "kissat", "sseed": 1, "extra": null, "status": "sat", "t_solve": 0.09142451733350754, "verified": true}
[      1s] 16_rand_2_cadical195_2: {"R": 16, "kind": "rand", "tseed": 2, "solver": "cadical195", "sseed": 2, "extra": null, "status": "sat", "t_solve": 0.08151217363774776, "verified": true}
[      1s] 16_ones_0_cadical195_2: {"R": 16, "kind": "ones", "tseed": 0, "solver": "cadical195", "sseed": 2, "extra": null, "status": "sat", "t_solve": 0.08466590568423271, "verified": true}
[      1s] 16_rand_2_kissat_2: {"R": 16, "kind": "rand", "tseed": 2, "solver": "kissat", "sseed": 2, "extra": null, "status": "sat", "t_solve": 0.09377378970384598, "verified": true}
[      1s] 16_ones_0_kissat_2: {"R": 16, "kind": "ones", "tseed": 0, "solver": "kissat", "sseed": 2, "extra": null, "status": "sat", "t_solve": 0.09298110939562321, "verified": true}
[      1s] 16_rand_3_cadical195_3: {"R": 16, "kind": "rand", "tseed": 3, "solver": "cadical195", "sseed": 3, "extra": null, "status": "sat", "t_solve": 0.08262426406145096, "verified": true}
[      1s] 16_ones_0_cadical195_3: {"R": 16, "kind": "ones", "tseed": 0, "solver": "cadical195", "sseed": 3, "extra": null, "status": "sat", "t_solve": 0.0808510035276413, "verified": true}
[      1s] 16_rand_3_kissat_3: {"R": 16, "kind": "rand", "tseed": 3, "solver": "kissat", "sseed": 3, "extra": null, "status": "sat", "t_solve": 0.09348143264651299, "verified": true}
[      2s] 16_ones_0_kissat_3: {"R": 16, "kind": "ones", "tseed": 0, "solver": "kissat", "sseed": 3, "extra": null, "status": "sat", "t_solve": 0.09262504801154137, "verified": true}
[      2s] 16_rand_4_cadical195_4: {"R": 16, "kind": "rand", "tseed": 4, "solver": "cadical195", "sseed": 4, "extra": null, "status": "sat", "t_solve": 0.08312447927892208, "verified": true}
[      2s] 16_ones_0_cadical195_4: {"R": 16, "kind": "ones", "tseed": 0, "solver": "cadical195", "sseed": 4, "extra": null, "status": "sat", "t_solve": 0.08336068131029606, "verified": true}
[      2s] 16_rand_4_kissat_4: {"R": 16, "kind": "rand", "tseed": 4, "solver": "kissat", "sseed": 4, "extra": null, "status": "sat", "t_solve": 0.09135275334119797, "verified": true}
[      2s] 16_ones_0_kissat_4: {"R": 16, "kind": "ones", "tseed": 0, "solver": "kissat", "sseed": 4, "extra": null, "status": "sat", "t_solve": 0.09130807407200336, "verified": true}
[      2s] 16_rand_5_cadical195_5: {"R": 16, "kind": "rand", "tseed": 5, "solver": "cadical195", "sseed": 5, "extra": null, "status": "sat", "t_solve": 0.08853719010949135, "verified": true}
[      2s] 16_ones_0_cadical195_5: {"R": 16, "kind": "ones", "tseed": 0, "solver": "cadical195", "sseed": 5, "extra": null, "status": "sat", "t_solve": 0.08731221593916416, "verified": true}
[      2s] 16_rand_5_kissat_5: {"R": 16, "kind": "rand", "tseed": 5, "solver": "kissat", "sseed": 5, "extra": null, "status": "sat", "t_solve": 0.09832773171365261, "verified": true}
[      2s] 16_ones_0_kissat_5: {"R": 16, "kind": "ones", "tseed": 0, "solver": "kissat", "sseed": 5, "extra": null, "status": "sat", "t_solve": 0.0924196932464838, "verified": true}
[      2s] 17_rand_1_cadical195_1: {"R": 17, "kind": "rand", "tseed": 1, "solver": "cadical195", "sseed": 1, "extra": null, "status": "sat", "t_solve": 0.38886275328695774, "verified": true}
[      3s] 17_ones_0_cadical195_1: {"R": 17, "kind": "ones", "tseed": 0, "solver": "cadical195", "sseed": 1, "extra": null, "status": "sat", "t_solve": 1.0212583243846893, "verified": true}
[      3s] 17_rand_1_kissat_1: {"R": 17, "kind": "rand", "tseed": 1, "solver": "kissat", "sseed": 1, "extra": null, "status": "sat", "t_solve": 1.163313826546073, "verified": true}
[      3s] 17_ones_0_kissat_1: {"R": 17, "kind": "ones", "tseed": 0, "solver": "kissat", "sseed": 1, "extra": null, "status": "sat", "t_solve": 1.0963472947478294, "verified": true}
[      3s] 17_rand_2_cadical195_2: {"R": 17, "kind": "rand", "tseed": 2, "solver": "cadical195", "sseed": 2, "extra": null, "status": "sat", "t_solve": 0.37949332036077976, "verified": true}
[      3s] 17_ones_0_cadical195_2: {"R": 17, "kind": "ones", "tseed": 0, "solver": "cadical195", "sseed": 2, "extra": null, "status": "sat", "t_solve": 1.0477359741926193, "verified": true}
[      3s] 17_rand_2_kissat_2: {"R": 17, "kind": "rand", "tseed": 2, "solver": "kissat", "sseed": 2, "extra": null, "status": "sat", "t_solve": 0.9192025624215603, "verified": true}
[      3s] 17_ones_0_kissat_2: {"R": 17, "kind": "ones", "tseed": 0, "solver": "kissat", "sseed": 2, "extra": null, "status": "sat", "t_solve": 0.878873297944665, "verified": true}
[      3s] 17_rand_3_cadical195_3: {"R": 17, "kind": "rand", "tseed": 3, "solver": "cadical195", "sseed": 3, "extra": null, "status": "sat", "t_solve": 0.41365556605160236, "verified": true}
[      3s] 17_ones_0_cadical195_3: {"R": 17, "kind": "ones", "tseed": 0, "solver": "cadical195", "sseed": 3, "extra": null, "status": "sat", "t_solve": 1.0324923489242792, "verified": true}
[      3s] 17_rand_3_kissat_3: {"R": 17, "kind": "rand", "tseed": 3, "solver": "kissat", "sseed": 3, "extra": null, "status": "sat", "t_solve": 0.6208269372582436, "verified": true}
[      4s] 17_ones_0_kissat_3: {"R": 17, "kind": "ones", "tseed": 0, "solver": "kissat", "sseed": 3, "extra": null, "status": "sat", "t_solve": 1.0186471827328205, "verified": true}
[      4s] 17_rand_4_cadical195_4: {"R": 17, "kind": "rand", "tseed": 4, "solver": "cadical195", "sseed": 4, "extra": null, "status": "sat", "t_solve": 0.9736912958323956, "verified": true}
[      4s] 17_ones_0_cadical195_4: {"R": 17, "kind": "ones", "tseed": 0, "solver": "cadical195", "sseed": 4, "extra": null, "status": "sat", "t_solve": 1.0418060924857855, "verified": true}
[      4s] 17_rand_4_kissat_4: {"R": 17, "kind": "rand", "tseed": 4, "solver": "kissat", "sseed": 4, "extra": null, "status": "sat", "t_solve": 0.6448433119803667, "verified": true}
[      4s] 17_ones_0_kissat_4: {"R": 17, "kind": "ones", "tseed": 0, "solver": "kissat", "sseed": 4, "extra": null, "status": "sat", "t_solve": 0.9007104486227036, "verified": true}
[      4s] 17_rand_5_cadical195_5: {"R": 17, "kind": "rand", "tseed": 5, "solver": "cadical195", "sseed": 5, "extra": null, "status": "sat", "t_solve": 0.3858099486678839, "verified": true}
[      5s] 17_ones_0_cadical195_5: {"R": 17, "kind": "ones", "tseed": 0, "solver": "cadical195", "sseed": 5, "extra": null, "status": "sat", "t_solve": 1.0265912134200335, "verified": true}
[      5s] 17_rand_5_kissat_5: {"R": 17, "kind": "rand", "tseed": 5, "solver": "kissat", "sseed": 5, "extra": null, "status": "sat", "t_solve": 1.0305575039237738, "verified": true}
[      5s] 17_ones_0_kissat_5: {"R": 17, "kind": "ones", "tseed": 0, "solver": "kissat", "sseed": 5, "extra": null, "status": "sat", "t_solve": 0.8472262527793646, "verified": true}
[    158s] 18_rand_1_cadical195_1: {"R": 18, "kind": "rand", "tseed": 1, "solver": "cadical195", "sseed": 1, "extra": null, "status": "sat", "t_solve": 154.57141559757292, "verified": true}
[   1039s] 18_ones_0_cadical195_1: {"R": 18, "kind": "ones", "tseed": 0, "solver": "cadical195", "sseed": 1, "extra": null, "status": "sat", "t_solve": 1035.1756715215743, "verified": true}
[   1039s] 18_rand_1_kissat_1: {"R": 18, "kind": "rand", "tseed": 1, "solver": "kissat", "sseed": 1, "extra": null, "status": "sat", "t_solve": 230.3968093302101, "verified": true}
[   1039s] 18_ones_0_kissat_1: {"R": 18, "kind": "ones", "tseed": 0, "solver": "kissat", "sseed": 1, "extra": null, "status": "sat", "t_solve": 48.060485392808914, "verified": true}
[   1039s] 18_rand_2_cadical195_2: {"R": 18, "kind": "rand", "tseed": 2, "solver": "cadical195", "sseed": 2, "extra": null, "status": "sat", "t_solve": 884.6857199389488, "verified": true}
[   1039s] 18_ones_0_cadical195_2: {"R": 18, "kind": "ones", "tseed": 0, "solver": "cadical195", "sseed": 2, "extra": null, "status": "sat", "t_solve": 888.8197583854198, "verified": true}
[   1039s] 18_rand_2_kissat_2: {"R": 18, "kind": "rand", "tseed": 2, "solver": "kissat", "sseed": 2, "extra": null, "status": "sat", "t_solve": 11.712544480338693, "verified": true}
[   1039s] 18_ones_0_kissat_2: {"R": 18, "kind": "ones", "tseed": 0, "solver": "kissat", "sseed": 2, "extra": null, "status": "sat", "t_solve": 249.87739679217339, "verified": true}
[   1039s] 18_rand_3_cadical195_3: {"R": 18, "kind": "rand", "tseed": 3, "solver": "cadical195", "sseed": 3, "extra": null, "status": "sat", "t_solve": 21.26036051660776, "verified": true}
[   1039s] 18_ones_0_cadical195_3: {"R": 18, "kind": "ones", "tseed": 0, "solver": "cadical195", "sseed": 3, "extra": null, "status": "sat", "t_solve": 133.1256360411644, "verified": true}
[   1039s] 18_rand_3_kissat_3: {"R": 18, "kind": "rand", "tseed": 3, "solver": "kissat", "sseed": 3, "extra": null, "status": "sat", "t_solve": 218.894856300205, "verified": true}
[   1039s] 18_ones_0_kissat_3: {"R": 18, "kind": "ones", "tseed": 0, "solver": "kissat", "sseed": 3, "extra": null, "status": "sat", "t_solve": 25.522908616811037, "verified": true}
[   1039s] 18_rand_4_cadical195_4: {"R": 18, "kind": "rand", "tseed": 4, "solver": "cadical195", "sseed": 4, "extra": null, "status": "sat", "t_solve": 311.3555486164987, "verified": true}
[   1039s] 18_ones_0_cadical195_4: {"R": 18, "kind": "ones", "tseed": 0, "solver": "cadical195", "sseed": 4, "extra": null, "status": "sat", "t_solve": 29.491556541994214, "verified": true}
[   1039s] 18_rand_4_kissat_4: {"R": 18, "kind": "rand", "tseed": 4, "solver": "kissat", "sseed": 4, "extra": null, "status": "sat", "t_solve": 96.43068088777363, "verified": true}
[   1039s] 18_ones_0_kissat_4: {"R": 18, "kind": "ones", "tseed": 0, "solver": "kissat", "sseed": 4, "extra": null, "status": "sat", "t_solve": 20.73067099414766, "verified": true}
[   1039s] 18_rand_5_cadical195_5: {"R": 18, "kind": "rand", "tseed": 5, "solver": "cadical195", "sseed": 5, "extra": null, "status": "sat", "t_solve": 132.60608973540366, "verified": true}
[   1687s] 18_ones_0_cadical195_5: {"R": 18, "kind": "ones", "tseed": 0, "solver": "cadical195", "sseed": 5, "extra": null, "status": "sat", "t_solve": 1431.3947714660317, "verified": true}
[   1687s] 18_rand_5_kissat_5: {"R": 18, "kind": "rand", "tseed": 5, "solver": "kissat", "sseed": 5, "extra": null, "status": "sat", "t_solve": 102.23232858069241, "verified": true}
[   1687s] 18_ones_0_kissat_5: {"R": 18, "kind": "ones", "tseed": 0, "solver": "kissat", "sseed": 5, "extra": null, "status": "sat", "t_solve": 52.290655648335814, "verified": true}
