145645 measured conditions

===== STRICT (context independent of a5): 46989 conditions
  a5->C1 : min 11.86  mean 12.31  max 12.51  (n=46989)
  a5->C0 : min  0.93  mean  7.98  max 10.94  (n=46989)
  a5->C2 : min  0.00  mean  1.38  max  1.99  (n=46989)
  a5->C3 : min  0.00  mean  1.12  max  2.00  (n=46989)
  a4->C0 (control, a4 free): min  8.25  mean 14.46  max 17.07  (n=44301)
  class                                              n  a5->C1 min/mean/max      a5->C0 min/mean/max    a4->C0 min/mean/max
  S0 a6=S0(a4)+c                                   132  12.19/12.30/12.43         7.80/ 8.01/ 8.22      15.66/15.91/16.06
  S0 a7=S0(a4)+c                                   180  12.24/12.32/12.40         7.88/ 8.11/ 8.29      15.91/16.00/16.10
  S0 a7=S0(a6)+c                                   108  12.19/12.32/12.42         7.92/ 8.05/ 8.21      12.23/12.31/12.38
  S1 a6=S1(a4)+c                                   132  12.18/12.30/12.43         7.88/ 8.04/ 8.22      15.85/15.98/16.08
  S1 a7=S1(a6)+c                                   108  12.23/12.31/12.45         7.98/ 8.12/ 8.27      12.19/12.30/12.41
  add a6=a4+c                                      143  12.09/12.26/12.40         7.84/ 8.03/ 8.19      12.48/14.43/16.06
  add a7=a6+c                                      117  12.15/12.28/12.40         5.22/ 7.10/ 8.38      12.21/12.31/12.41
  lin2 a6=L(a4)                                   4464  12.17/12.30/12.45         7.81/ 8.04/ 8.27      14.07/15.87/17.07
  lin2 a7=L(a4)                                   4464  12.16/12.32/12.48         7.86/ 8.09/ 8.34      15.47/16.00/16.45
  lin2 a7=L(a6)                                   4464  12.18/12.32/12.47         7.85/ 8.09/ 8.35      12.16/12.31/12.46
  lin3 a6=L(a4)                                   1800  12.18/12.30/12.42         7.79/ 8.03/ 8.27      14.85/15.86/16.56
  lin3 a7=L(a4)                                   1800  12.18/12.32/12.47         7.88/ 8.09/ 8.33      15.61/16.00/16.30
  lin3 a7=L(a6)                                   1800  12.20/12.32/12.47         7.88/ 8.10/ 8.28      12.16/12.31/12.45
  maj a6=Maj(a4,c1,c2)                             253  12.07/12.24/12.39         7.83/ 8.05/ 8.25      12.18/13.22/16.05
  maj a7=Maj(a4,c1,c2)                             345  12.17/12.30/12.43         7.94/ 8.11/ 8.37      12.20/14.06/16.06
  maj a7=Maj(a6,c1,c2)                             261  11.96/12.24/12.43         0.94/ 6.11/ 8.23       8.25/12.46/14.64
  rot a10=ROTR^n(a11)                              288  12.19/12.31/12.43         7.86/ 8.08/ 8.26      12.20/12.31/12.42
  rot a10=ROTR^n(a4)                               480  12.20/12.31/12.46         7.83/ 8.06/ 8.24      14.01/15.91/16.20
  rot a10=ROTR^n(a6)                               160  12.20/12.33/12.42         7.88/ 8.09/ 8.26      12.20/12.31/12.40
  rot a10=ROTR^n(a7)                               288  12.19/12.31/12.42         7.87/ 8.06/ 8.24      12.19/12.31/12.41
  rot a10=ROTR^n(a8)                               480  12.18/12.31/12.43         7.88/ 8.07/ 8.31      12.22/12.31/12.45
  rot a10=ROTR^n(a9)                               480  12.17/12.32/12.43         7.85/ 8.06/ 8.28      12.17/12.31/12.45
  rot a11=ROTR^n(a10)                              352  12.21/12.32/12.44         7.87/ 8.07/ 8.27      12.17/12.30/12.45
  rot a11=ROTR^n(a4)                               352  12.18/12.32/12.46         7.87/ 8.07/ 8.27      14.21/15.98/16.51
  rot a11=ROTR^n(a6)                               224  12.22/12.32/12.46         7.90/ 8.07/ 8.31      12.17/12.31/12.41
  rot a11=ROTR^n(a7)                               160  12.21/12.32/12.44         7.88/ 8.06/ 8.27      12.21/12.30/12.39
  rot a11=ROTR^n(a8)                               352  12.19/12.31/12.42         7.88/ 8.07/ 8.23      12.16/12.30/12.43
  rot a11=ROTR^n(a9)                               352  12.14/12.31/12.43         7.84/ 8.07/ 8.25      12.17/12.30/12.44
  rot a4=ROTR^n(a10)                               672  12.19/12.31/12.41         7.89/ 8.08/ 8.33        n/a
  rot a4=ROTR^n(a11)                               672  12.21/12.32/12.46         7.86/ 8.07/ 8.29        n/a
  rot a4=ROTR^n(a8)                                672  12.20/12.31/12.44         7.88/ 8.08/ 8.26        n/a
  rot a4=ROTR^n(a9)                                672  12.22/12.31/12.45         7.87/ 8.08/ 8.28        n/a
  rot a6=ROTR^n(a10)                               160  12.19/12.30/12.40         7.84/ 8.03/ 8.25      12.20/12.31/12.42
  rot a6=ROTR^n(a11)                               224  12.19/12.30/12.43         7.90/ 8.05/ 8.26      12.21/12.30/12.44
  rot a6=ROTR^n(a4)                                352  12.07/12.30/12.41         7.86/ 8.05/ 8.23      12.51/15.44/16.32
  rot a6=ROTR^n(a8)                                352  12.18/12.30/12.41         7.86/ 8.04/ 8.25      12.19/12.30/12.42
  rot a6=ROTR^n(a9)                                352  12.20/12.30/12.45         7.84/ 8.04/ 8.25      12.20/12.30/12.40
  rot a7=ROTR^n(a10)                               288  12.19/12.31/12.43         7.84/ 8.07/ 8.25      12.19/12.31/12.40
  rot a7=ROTR^n(a11)                               160  12.21/12.31/12.43         7.90/ 8.08/ 8.25      12.22/12.32/12.42
  rot a7=ROTR^n(a4)                                480  12.20/12.31/12.44         7.75/ 8.08/ 8.30      14.98/15.97/16.62
  rot a7=ROTR^n(a6)                                306  11.96/12.31/12.45         0.94/ 7.76/ 8.27       8.25/12.35/14.64
  rot a7=ROTR^n(a8)                                480  12.21/12.32/12.47         7.88/ 8.08/ 8.34      12.18/12.31/12.44
  rot a7=ROTR^n(a9)                                480  12.15/12.31/12.44         7.78/ 8.07/ 8.27      12.15/12.31/12.44
  rot a8=ROTR^n(a10)                               480  12.16/12.31/12.45         7.75/ 8.06/ 8.31      12.18/12.31/12.42
  rot a8=ROTR^n(a11)                               352  12.19/12.31/12.43         7.89/ 8.08/ 8.27      12.19/12.31/12.43
  rot a8=ROTR^n(a4)                                672  12.18/12.31/12.43         7.84/ 8.07/ 8.26      11.14/15.61/16.77
  rot a8=ROTR^n(a6)                                352  12.20/12.31/12.46         7.91/ 8.11/ 8.29      12.16/12.31/12.45
  rot a8=ROTR^n(a7)                                480  12.17/12.30/12.41         7.87/ 8.08/ 8.29      12.20/12.31/12.44
  rot a8=ROTR^n(a9)                                672  12.18/12.31/12.43         7.86/ 8.08/ 8.30      12.18/12.31/12.45
  rot a9=ROTR^n(a10)                               480  12.18/12.30/12.46         7.88/ 8.07/ 8.26      12.20/12.31/12.42
  rot a9=ROTR^n(a11)                               352  12.18/12.31/12.42         7.82/ 8.08/ 8.28      12.19/12.31/12.43
  rot a9=ROTR^n(a4)                                672  12.16/12.30/12.41         7.88/ 8.07/ 8.26      15.13/15.97/16.37
  rot a9=ROTR^n(a6)                                352  12.19/12.31/12.47         7.95/ 8.10/ 8.24      12.21/12.31/12.43
  rot a9=ROTR^n(a7)                                480  12.18/12.31/12.47         7.86/ 8.07/ 8.24      12.18/12.30/12.45
  rot a9=ROTR^n(a8)                                672  12.18/12.30/12.43         7.87/ 8.08/ 8.36      12.17/12.31/12.41
  rot2 a7=ROTR^m(a6),a6=ROTR^n(a4)                9792  11.86/12.29/12.48         0.93/ 7.72/ 8.32      14.57/15.99/16.50
  xor a6=a4^c                                      176  12.08/12.28/12.51         7.88/ 8.04/ 8.28      12.48/14.54/16.06
  xor a7=a6^c                                      144  12.15/12.30/12.47         5.22/ 7.74/10.94      12.20/12.32/12.42

===== NON-STRICT (e9 saturated through a9: a9 depends on a5): 98656 conditions
  a5->C1 : min  8.13  mean 14.15  max 16.14  (n=98656)
  a5->C0 : min  1.23  mean 10.74  max 16.21  (n=98656)
  a5->C2 : min  1.16  mean  9.97  max 16.41  (n=98656)
  a5->C3 : min  0.12  mean  8.70  max 16.52  (n=98656)
  a4->C0 (control, a4 free): min  8.06  mean 14.90  max 16.47  (n=94624)
  class                                              n  a5->C1 min/mean/max      a5->C0 min/mean/max    a4->C0 min/mean/max
  S0 a6=S0(a4)+c                                   864   8.42/14.67/16.09         5.76/14.08/16.12      15.40/15.98/16.10
  S0 a7=S0(a4)+c                                   864   8.38/14.69/16.12         5.83/14.10/16.14      15.89/16.00/16.12
  S0 a7=S0(a6)+c                                   864   8.38/14.67/16.09         5.79/14.09/16.14       8.43/14.34/16.11
  S1 a6=S1(a4)+c                                   864   8.44/14.68/16.12         5.79/14.08/16.12      15.72/15.99/16.11
  S1 a7=S1(a6)+c                                   864   8.42/14.69/16.10         5.87/14.10/16.12       8.48/14.35/16.11
  add a6=a4+c                                      936   8.32/14.67/16.10         5.68/14.12/16.12       9.91/15.20/16.07
  add a7=a6+c                                      936   8.39/14.38/16.12         1.23/13.67/16.21       8.14/14.34/16.09
  lin2 a6=L(a4)                                   8928  13.80/14.03/14.25         5.72/ 8.56/10.74      10.95/15.72/16.13
  lin2 a7=L(a4)                                   8928  13.77/14.03/14.26         5.73/ 8.57/10.73      15.35/16.00/16.18
  lin2 a7=L(a6)                                   8928  13.81/14.03/14.26         5.73/ 8.57/10.77       8.36/13.08/14.80
  lin3 a6=L(a4)                                   3600  13.78/14.01/14.23         5.69/ 7.82/ 9.81      12.84/15.68/16.19
  lin3 a7=L(a4)                                   3600  13.79/14.01/14.21         5.72/ 7.85/ 9.85      15.50/16.00/16.21
  lin3 a7=L(a6)                                   3600  13.80/14.01/14.25         5.69/ 7.85/ 9.84       8.34/11.44/13.11
  maj a6=Maj(a4,c1,c2)                            1656   8.33/14.68/16.14         5.84/14.13/16.13       8.50/14.69/16.12
  maj a7=Maj(a4,c1,c2)                            1656   8.35/14.67/16.12         5.89/14.11/16.17       8.40/15.13/16.10
  maj a7=Maj(a6,c1,c2)                            1602   8.35/14.33/16.12         2.70/13.83/16.17       8.32/14.38/16.11
  rot a10=ROTR^n(a11)                              256   8.15/11.71/14.18         5.91/13.55/16.20       8.41/13.21/16.09
  rot a10=ROTR^n(a4)                               768   8.43/13.06/14.34         5.92/13.84/16.14      13.79/15.81/16.27
  rot a10=ROTR^n(a6)                               768   8.41/13.05/14.35         5.91/13.84/16.16       8.39/13.94/16.13
  rot a10=ROTR^n(a7)                               768   8.42/13.06/14.35         5.80/13.84/16.17       8.17/13.94/16.10
  rot a10=ROTR^n(a8)                               768   8.41/13.05/14.39         7.82/14.30/16.12      12.21/14.98/16.12
  rot a10=ROTR^n(a9)                               768  13.90/15.45/16.10         5.85/13.95/16.11       8.06/13.91/16.10
  rot a11=ROTR^n(a10)                              768   8.13/14.24/16.11         5.91/13.97/16.14       8.39/13.99/16.08
  rot a11=ROTR^n(a4)                               768   8.42/14.25/16.12         5.91/13.90/16.15      14.25/15.97/16.47
  rot a11=ROTR^n(a6)                               768   8.37/14.25/16.11         5.88/13.90/16.14       8.37/13.85/16.10
  rot a11=ROTR^n(a7)                               768   8.38/14.25/16.11         5.90/13.91/16.13       8.40/13.86/16.09
  rot a11=ROTR^n(a8)                               768   8.19/14.27/16.12         8.23/14.42/16.16      12.20/15.06/16.16
  rot a11=ROTR^n(a9)                               768  13.88/15.31/16.12         5.90/13.95/16.13       8.40/13.85/16.10
  rot a4=ROTR^n(a10)                              1152   8.42/14.03/16.14         5.91/14.56/16.15        n/a
  rot a4=ROTR^n(a11)                              1152   8.46/14.44/16.12         5.88/14.59/16.15        n/a
  rot a4=ROTR^n(a8)                                576   8.42/14.38/16.10        15.58/15.90/16.07        n/a
  rot a4=ROTR^n(a9)                               1152   8.51/14.28/16.11         5.87/12.29/16.15        n/a
  rot a6=ROTR^n(a10)                               768   8.37/13.01/14.33         5.72/13.82/16.14       8.44/13.94/16.13
  rot a6=ROTR^n(a11)                               768   8.40/14.24/16.10         5.77/13.90/16.15       8.39/13.86/16.10
  rot a6=ROTR^n(a4)                               2304   8.36/14.68/16.14         5.70/14.10/16.17       9.71/15.74/16.26
  rot a6=ROTR^n(a8)                                576   8.38/14.36/16.10        15.59/15.89/16.11      12.18/12.30/12.43
  rot a6=ROTR^n(a9)                                576  13.83/14.04/14.28         5.63/ 8.58/11.19       8.42/13.06/14.74
  rot a7=ROTR^n(a10)                               768   8.36/13.03/14.36         5.79/13.83/16.19       8.18/13.94/16.11
  rot a7=ROTR^n(a11)                               768   8.37/14.23/16.13         5.76/13.90/16.15       8.40/13.86/16.10
  rot a7=ROTR^n(a4)                               2304   8.35/14.68/16.12         5.71/14.09/16.16      15.08/15.99/16.40
  rot a7=ROTR^n(a6)                               2286   8.35/14.68/16.13         5.84/14.14/16.17       8.41/14.36/16.12
  rot a7=ROTR^n(a8)                                576   8.22/14.36/16.10        15.60/15.90/16.10      12.20/12.31/12.44
  rot a7=ROTR^n(a9)                                576  13.84/14.03/14.21         5.80/ 8.54/10.73       8.37/13.04/14.78
  rot a8=ROTR^n(a10)                               192   8.39/11.06/12.60        15.63/15.71/15.82      12.19/12.31/12.43
  rot a8=ROTR^n(a11)                               192   8.21/13.52/16.12        15.61/15.89/16.07      12.19/12.32/12.42
  rot a8=ROTR^n(a4)                                576   8.42/14.39/16.13        15.64/15.90/16.08      15.90/16.00/16.11
  rot a8=ROTR^n(a6)                                576   8.42/14.38/16.14        15.60/15.89/16.10      12.19/12.31/12.45
  rot a8=ROTR^n(a7)                                576   8.21/14.38/16.10        15.59/15.90/16.09      12.16/12.31/12.42
  rot a9=ROTR^n(a10)                               192  13.85/14.03/14.19         5.84/ 7.84/ 9.84       8.08/11.33/13.07
  rot a9=ROTR^n(a11)                               192  13.83/14.03/14.16         5.88/ 7.86/ 9.56       8.38/11.13/12.62
  rot a9=ROTR^n(a4)                                576  13.89/14.05/14.20         5.91/ 8.62/10.71      15.13/15.92/16.09
  rot a9=ROTR^n(a6)                                576  13.86/14.04/14.22         5.85/ 8.64/11.33       8.35/13.08/14.77
  rot a9=ROTR^n(a7)                                576  13.87/14.05/14.20         5.91/ 8.59/10.67       8.37/13.03/14.81
  rot a9=ROTR^n(a8)                                576  13.58/14.08/14.37         8.16/ 9.88/11.38      15.31/15.93/16.09
  rot2 a7=ROTR^m(a6),a6=ROTR^n(a4)               17856  13.76/14.02/14.24         5.68/ 8.59/10.74      14.92/15.98/16.20
  xor a6=a4^c                                     1152   8.37/14.68/16.10         5.20/14.10/16.12       9.89/15.21/16.11
  xor a7=a6^c                                     1152   8.36/14.58/16.10         1.23/13.94/16.21       8.14/14.34/16.12

===== overall
  a5->C1 : min  8.13  mean 13.55  max 16.14  (n=145645)
  conditions with a5->C1 < 4 bits: 0

  lowest 15 a5->C1:
   C1= 8.13 C0=15.76 C2=15.99 C3=12.41 strict=False a4C0=12.22890625  rot a11=ROTR^n(a10)  {11: ('rotr', 10, 0), 9: ('sat_r', 0)}
   C1= 8.15 C0=15.71 C2=15.87 C3=12.42 strict=False a4C0=12.2490625  rot a10=ROTR^n(a11)  {10: ('rotr', 11, 0), 9: ('sat_r', 4294967295)}
   C1= 8.18 C0=15.70 C2=15.86 C3=12.47 strict=False a4C0=12.28171875  rot a11=ROTR^n(a10)  {11: ('rotr', 10, 0), 9: ('sat_r', 4294967295)}
   C1= 8.19 C0=15.68 C2=15.94 C3=12.42 strict=False a4C0=12.3340625  rot a10=ROTR^n(a11)  {10: ('rotr', 11, 0), 9: ('sat_r', 0)}
   C1= 8.19 C0=15.70 C2=15.89 C3=12.67 strict=False a4C0=12.35921875  rot a11=ROTR^n(a8)  {11: ('rotr', 8, 0), 9: ('sat_r', 4294967295)}
   C1= 8.21 C0=15.70 C2=15.94 C3=12.52 strict=False a4C0=12.3459375  rot a8=ROTR^n(a11)  {8: ('rotr', 11, 0), 9: ('sat_r', 0)}
   C1= 8.21 C0=15.72 C2=15.88 C3=12.64 strict=False a4C0=12.36453125  rot a8=ROTR^n(a7)  {8: ('rotr', 7, 0), 9: ('sat_r', 4294967295)}
   C1= 8.22 C0=15.76 C2=15.82 C3=12.33 strict=False a4C0=12.27875  rot a7=ROTR^n(a8)  {7: ('rotr', 8, 0), 9: ('sat_r', 0)}
   C1= 8.23 C0=15.66 C2=15.88 C3=12.61 strict=False a4C0=12.2940625  rot a8=ROTR^n(a11)  {8: ('rotr', 11, 0), 9: ('sat_r', 4294967295)}
   C1= 8.24 C0=15.74 C2=15.91 C3=12.59 strict=False a4C0=12.35796875  rot a8=ROTR^n(a7)  {8: ('rotr', 7, 0), 9: ('sat_r', 0)}
   C1= 8.27 C0=15.74 C2=15.89 C3=12.50 strict=False a4C0=12.33359375  rot a11=ROTR^n(a8)  {11: ('rotr', 8, 0), 9: ('sat_r', 0)}
   C1= 8.29 C0=15.76 C2=15.91 C3=12.60 strict=False a4C0=12.30890625  rot a7=ROTR^n(a8)  {7: ('rotr', 8, 0), 9: ('sat_r', 4294967295)}
   C1= 8.32 C0=15.74 C2=15.93 C3=12.41 strict=False a4C0=14.28703125  add a6=a4+c  {6: ('add', 4, 4294967295), 9: ('sat_r', 0)}
   C1= 8.33 C0=15.76 C2=15.91 C3=12.46 strict=False a4C0=13.39359375  maj a6=Maj(a4,c1,c2)  {6: ('maj', 4, 2219454266, 1517508726), 9: ('sat_r', 0)}
   C1= 8.33 C0=15.69 C2=15.93 C3=12.45 strict=False a4C0=14.280625  add a6=a4+c  {6: ('add', 4, 2147483647), 9: ('sat_r', 0)}

  lowest 10 STRICT a5->C1:
   C1=11.86 C0= 1.96 C2= 1.93 C3= 0.00 a4C0=15.98953125  rot2 a7=ROTR^m(a6),a6=ROTR^n(a4)  {7: ('rotr', 6, 0), 6: ('rotr', 4, 0), 8: ('sat_r', 4294967295), 10: ('sat_r', 4294967295), 11: ('sat_r', 4294967295)}
   C1=11.87 C0= 1.97 C2= 0.00 C3= 1.40 a4C0=15.9821875  rot2 a7=ROTR^m(a6),a6=ROTR^n(a4)  {7: ('rotr', 6, 0), 6: ('rotr', 4, 0), 8: ('sat_r', 4294967295), 10: ('sat_r', 0)}
   C1=11.88 C0= 1.93 C2= 1.93 C3= 1.98 a4C0=16.02109375  rot2 a7=ROTR^m(a6),a6=ROTR^n(a4)  {7: ('rotr', 6, 0), 6: ('rotr', 4, 0), 8: ('sat_r', 4294967295), 10: ('sat_r', 4294967295), 11: ('sat_r', 0)}
   C1=11.88 C0= 1.92 C2= 0.00 C3= 0.00 a4C0=16.0021875  rot2 a7=ROTR^m(a6),a6=ROTR^n(a4)  {7: ('rotr', 6, 0), 6: ('rotr', 4, 0), 8: ('sat_r', 4294967295), 10: ('sat_r', 0), 11: ('sat_r', 4294967295)}
   C1=11.88 C0= 0.97 C2= 0.95 C3= 1.42 a4C0=16.01859375  rot2 a7=ROTR^m(a6),a6=ROTR^n(a4)  {7: ('rotr', 6, 0), 6: ('rotr', 4, 26), 8: ('sat_r', 4294967295), 10: ('sat_r', 4294967295)}
   C1=11.88 C0= 1.92 C2= 1.95 C3= 1.39 a4C0=15.9471875  rot2 a7=ROTR^m(a6),a6=ROTR^n(a4)  {7: ('rotr', 6, 0), 6: ('rotr', 4, 0), 8: ('sat_r', 4294967295), 10: ('sat_r', 4294967295)}
   C1=11.89 C0= 1.96 C2= 1.36 C3= 1.41 a4C0=15.78390625  rot2 a7=ROTR^m(a6),a6=ROTR^n(a4)  {7: ('rotr', 6, 0), 6: ('rotr', 4, 0), 8: ('sat_r', 4294967295)}
   C1=11.90 C0= 0.97 C2= 0.96 C3= 1.95 a4C0=15.95640625  rot2 a7=ROTR^m(a6),a6=ROTR^n(a4)  {7: ('rotr', 6, 0), 6: ('rotr', 4, 3), 8: ('sat_r', 4294967295), 10: ('sat_r', 0), 11: ('sat_r', 0)}
   C1=11.90 C0= 0.99 C2= 0.98 C3= 0.00 a4C0=16.0021875  rot2 a7=ROTR^m(a6),a6=ROTR^n(a4)  {7: ('rotr', 6, 0), 6: ('rotr', 4, 12), 8: ('sat_r', 4294967295), 10: ('sat_r', 4294967295), 11: ('sat_r', 4294967295)}
   C1=11.90 C0= 1.94 C2= 1.40 C3= 0.00 a4C0=15.904375  rot2 a7=ROTR^m(a6),a6=ROTR^n(a4)  {7: ('rotr', 6, 0), 6: ('rotr', 4, 0), 8: ('sat_r', 4294967295), 11: ('sat_r', 4294967295)}

===== refuter: lowest 8 overall and lowest 4 strict, seeds 101..103, N=1000
   scan  8.13 -> refuter  8.16 (+-0.03)  rot a11=ROTR^n(a10)  {11: ('rotr', 10, 0), 9: ('sat_r', 0)}
   scan  8.15 -> refuter  8.16 (+-0.02)  rot a10=ROTR^n(a11)  {10: ('rotr', 11, 0), 9: ('sat_r', 4294967295)}
   scan  8.18 -> refuter  8.14 (+-0.02)  rot a11=ROTR^n(a10)  {11: ('rotr', 10, 0), 9: ('sat_r', 4294967295)}
   scan  8.19 -> refuter  8.15 (+-0.02)  rot a10=ROTR^n(a11)  {10: ('rotr', 11, 0), 9: ('sat_r', 0)}
   scan  8.19 -> refuter  8.22 (+-0.03)  rot a11=ROTR^n(a8)  {11: ('rotr', 8, 0), 9: ('sat_r', 4294967295)}
   scan  8.21 -> refuter  8.22 (+-0.02)  rot a8=ROTR^n(a11)  {8: ('rotr', 11, 0), 9: ('sat_r', 0)}
   scan  8.21 -> refuter  8.26 (+-0.01)  rot a8=ROTR^n(a7)  {8: ('rotr', 7, 0), 9: ('sat_r', 4294967295)}
   scan  8.22 -> refuter  8.27 (+-0.02)  rot a7=ROTR^n(a8)  {7: ('rotr', 8, 0), 9: ('sat_r', 0)}
   scan 11.86 -> refuter 11.91 (+-0.02)  rot2 a7=ROTR^m(a6),a6=ROTR^n(a4)  {7: ('rotr', 6, 0), 6: ('rotr', 4, 0), 8: ('sat_r', 4294967295), 10: ('sat_r', 4294967295), 11: ('sat_r', 4294967295)}
   scan 11.87 -> refuter 11.91 (+-0.02)  rot2 a7=ROTR^m(a6),a6=ROTR^n(a4)  {7: ('rotr', 6, 0), 6: ('rotr', 4, 0), 8: ('sat_r', 4294967295), 10: ('sat_r', 0)}
   scan 11.88 -> refuter 11.91 (+-0.02)  rot2 a7=ROTR^m(a6),a6=ROTR^n(a4)  {7: ('rotr', 6, 0), 6: ('rotr', 4, 0), 8: ('sat_r', 4294967295), 10: ('sat_r', 4294967295), 11: ('sat_r', 0)}
   scan 11.88 -> refuter 11.92 (+-0.00)  rot2 a7=ROTR^m(a6),a6=ROTR^n(a4)  {7: ('rotr', 6, 0), 6: ('rotr', 4, 0), 8: ('sat_r', 4294967295), 10: ('sat_r', 0), 11: ('sat_r', 4294967295)}
