2680 configurations
2510 legal; 11s
  a5 -> C0: min 0.000  mean 1.948  max 8.247
  a5 -> C1: min 11.110  mean 11.844  max 12.471
  a5 -> C2: min 0.000  mean 1.168  max 1.989
  a5 -> C3: min 0.000  mean 1.200  max 1.988
  a5 -> idxC1: min 11.147  mean 11.843  max 12.463
  a5 -> idxC0: min 0.000  mean 1.947  max 8.236

lowest a5 -> C1:
  C1 11.147  C0 5.62 C2 1.04 C3 0.96  {'7': ('add', 6, 1), '6': ('eq', 4), '9': ('hoff', 0)}
  C1 11.196  C0 0.00 C2 1.92 C3 0.96  {'6': ('neq', 4), '7': ('eq', 6), '8': ('sat_r', 4294967295), '9': ('hoff', 0), '10': ('sat_r', 0), '11': ('neq', 12)}
  C1 11.204  C0 0.00 C2 1.87 C3 0.95  {'6': ('neq', 4), '7': ('eq', 6), '8': ('sat_r', 4294967295), '9': ('hoff', 0), '10': ('sat_r', 1), '11': ('sat_r', 2863311530)}
  C1 11.205  C0 0.00 C2 0.95 C3 1.89  {'6': ('neq', 4), '7': ('eq', 6), '8': ('sat_r', 4294967295), '9': ('hoff', 0), '10': ('sat_r', 252645135), '11': ('sat_r', 2147483648)}
  C1 11.221  C0 0.00 C2 0.95 C3 0.96  {'6': ('neq', 4), '7': ('eq', 6), '8': ('sat_r', 4294967295), '9': ('hoff', 0), '10': ('sat_r', 16711935), '11': ('eq', 12)}
  C1 11.227  C0 0.00 C2 1.85 C3 0.97  {'6': ('neq', 4), '7': ('eq', 6), '8': ('sat_r', 4294967295), '9': ('hoff', 0), '10': ('sat_r', 1), '11': ('eq', 12)}
  C1 11.233  C0 0.00 C2 0.94 C3 0.93  {'6': ('neq', 4), '7': ('eq', 6), '8': ('sat_r', 4294967295), '9': ('hoff', 0), '10': ('eq', 8), '11': ('sat_r', 65535)}
  C1 11.236  C0 0.00 C2 0.95 C3 0.00  {'6': ('neq', 4), '7': ('eq', 6), '8': ('sat_r', 4294967295), '9': ('hoff', 0), '10': ('sat_r', 1431655765), '11': ('sat_r', 4294967295)}

configs with a5 absent from C0 and C2 and C3 linear (C0=C2=0, C3 moved 100%):
  C1 12.157 C3 1.94  {'6': ('neq', 4), '7': ('eq', 6), '8': ('sat_r', 4294967295), '10': ('sat_r', 4294967295), '11': ('sat_r', 0)}
  C1 11.423 C3 1.94  {'6': ('neq', 4), '7': ('eq', 6), '8': ('sat_r', 4294967295), '9': ('hoff', 0), '10': ('sat_r', 4294967295), '11': ('sat_r', 0)}
  (2 such configurations)

control: a4 -> [C0 C1 C2 C3 idxC1 idxC0], random context, a4 unknown: [12.31  1.67  1.42  1.94  1.64 12.31]
control: a4 -> ..., a7=a6, e9=-1 (a4 unknown, legal=True): [12.4   0.97  1.37  1.95  0.96 12.3 ]
a4 -> ... inside best a5 config (a4 context word, context re-realised): [15.88 15.99 16.06 15.1  15.98 15.88]
