96228 configurations
  0 done, 0 legal, 1s
  5000 done, 1484 legal, 11s
  10000 done, 3302 legal, 21s
  15000 done, 5170 legal, 31s
  20000 done, 7073 legal, 42s
  25000 done, 8905 legal, 51s
  30000 done, 10793 legal, 61s
  35000 done, 12676 legal, 71s
  40000 done, 14468 legal, 79s
  45000 done, 16269 legal, 90s
  50000 done, 18077 legal, 100s
  55000 done, 19954 legal, 111s
  60000 done, 21818 legal, 122s
  65000 done, 23713 legal, 136s
  70000 done, 25568 legal, 148s
  75000 done, 27436 legal, 157s
  80000 done, 29222 legal, 165s
  85000 done, 31058 legal, 173s
  90000 done, 33039 legal, 181s
  95000 done, 34793 legal, 189s
35640 legal of 96228; 193s
  a5 -> C0: min 0.000  mean 5.242  max 11.098
  a5 -> C1: min 10.837  mean 11.897  max 12.767
  a5 -> C2: min 0.915  mean 1.301  max 2.493
  a5 -> C3: min 0.914  mean 1.258  max 1.678
  a5 -> idxC1: min 10.855  mean 11.898  max 12.769
  a5 -> idxC0: min 0.000  mean 5.241  max 11.100

20 lowest a5 -> C1 (exact table index) weights:
  10.855  C0 1.90 C2 0.98 C3 0.97  {'6': ('xor', 4, 2147483648), '7': ('eq', 6), '8': ('sat_r', 4294967295), '9': ('hoff', 0)}
  10.887  C0 1.92 C2 0.97 C3 0.96  {'6': ('add', 4, 0), '7': ('eq', 6), '8': ('sat_r', 4294967295), '9': ('hoff', 2147483648)}
  10.900  C0 2.08 C2 0.96 C3 0.96  {'6': ('xor', 4, 2147483648), '7': ('eq', 6), '8': ('sat_r', 2147483647), '9': ('hoff', 0)}
  10.911  C0 1.90 C2 0.96 C3 0.96  {'6': ('xor', 4, 1), '7': ('eq', 6), '8': ('sat_r', 4294967295), '9': ('hoff', 0)}
  10.925  C0 2.03 C2 0.97 C3 0.97  {'6': ('xor', 4, 1), '7': ('eq', 6), '8': ('sat_r', 2147483647), '9': ('hoff', 2147483648)}
  10.935  C0 1.65 C2 0.95 C3 0.97  {'6': ('add', 4, 65535), '7': ('eq', 6), '8': ('sat_r', 4294967295), '9': ('hoff', 2147483648)}
  10.937  C0 1.78 C2 0.96 C3 0.95  {'6': ('add', 4, 2147483647), '7': ('eq', 6), '8': ('sat_r', 4294967295), '9': ('hoff', 2147483648)}
  10.940  C0 2.10 C2 0.99 C3 0.98  {'6': ('add', 4, 2147483648), '7': ('eq', 6), '8': ('sat_r', 2147483647), '9': ('hoff', 2147483648)}
  10.945  C0 1.79 C2 0.98 C3 0.95  {'6': ('add', 4, 2147483647), '7': ('eq', 6), '8': ('sat_r', 4294967295), '9': ('hoff', 0)}
  10.950  C0 2.07 C2 0.98 C3 0.96  {'6': ('xor', 4, 2147483648), '7': ('eq', 6), '8': ('sat_r', 2147483647), '9': ('hoff', 2147483648)}
  10.953  C0 2.11 C2 0.98 C3 0.97  {'6': ('add', 4, 2147483648), '7': ('eq', 6), '8': ('sat_r', 2147483647), '9': ('hoff', 0)}
  10.956  C0 1.96 C2 0.93 C3 0.98  {'6': ('eq', 4), '7': ('eq', 6), '8': ('sat_r', 4294967295), '9': ('hoff', 0)}
  10.963  C0 1.63 C2 0.95 C3 0.96  {'6': ('add', 4, 4278255360), '7': ('eq', 6), '8': ('sat_r', 4294967295), '9': ('hoff', 0)}
  10.967  C0 2.10 C2 0.96 C3 1.01  {'6': ('add', 4, 0), '7': ('eq', 6), '8': ('sat_r', 2147483647), '9': ('hoff', 0)}
  10.970  C0 1.93 C2 0.94 C3 0.98  {'6': ('add', 4, 2147483648), '7': ('eq', 6), '8': ('sat_r', 4294967295), '9': ('hoff', 0)}
  10.971  C0 1.93 C2 0.97 C3 0.97  {'6': ('xor', 4, 0), '7': ('eq', 6), '8': ('sat_r', 4294967295), '9': ('hoff', 2147483648)}
  10.976  C0 2.08 C2 0.95 C3 0.97  {'6': ('add', 4, 0), '7': ('eq', 6), '8': ('sat_r', 2147483647), '9': ('hoff', 2147483648)}
  10.980  C0 1.82 C2 0.94 C3 0.94  {'6': ('add', 4, 1), '7': ('eq', 6), '8': ('sat_r', 4294967295), '9': ('hoff', 0)}
  10.985  C0 2.11 C2 0.98 C3 1.01  {'6': ('eq', 4), '7': ('eq', 6), '8': ('sat_r', 2147483647), '9': ('hoff', 0)}
  10.986  C0 2.07 C2 0.99 C3 1.00  {'6': ('eq', 4), '7': ('eq', 6), '8': ('sat_r', 2147483647), '9': ('hoff', 2147483648)}

5 highest:
  12.737  {'6': ('xor', 4, 4294967295), '7': ('neq', 6), '9': ('hoff', 2863311530)}
  12.742  {'6': ('rot', 4, 8), '7': ('neq', 6), '9': ('hoff', 1431655765)}
  12.763  {'6': ('rot', 4, 17), '7': ('neq', 6), '9': ('hoff', 1431655765)}
  12.763  {'6': ('rot', 4, 9), '7': ('neq', 6), '9': ('hoff', 1431655765)}
  12.769  {'6': ('add', 4, 2863311530), '7': ('neq', 6), '9': ('hoff', 1431655765)}

configurations with a5 -> C1 below 4 bits: 0
