=== round 1/6, 3644s
ALL-ONES target: 656,816 candidates
    k   observed   predicted   ratio       z
    0    656,816   656816.00    1.00   +0.00
    2    164,005   164204.00    1.00   -0.49
    4     41,212    41051.00    1.00   +0.79
    6     10,331    10262.75    1.01   +0.67
    8      2,587     2565.69    1.01   +0.42
   10        587      641.42    0.92   -2.15
   12        155      160.36    0.97   -0.42
   14         34       40.09    0.85   -0.96
   16          3       10.02    0.30   -2.22
   18          2        2.51    0.80   -0.32
   20          1        0.63    1.60   +0.47
   22          0        0.16    0.00   -0.40
random targets (matched control): 659,014 candidates
    k   observed   predicted   ratio       z
    0    659,014   659014.00    1.00   +0.00
    2    164,291   164753.50    1.00   -1.14
    4     40,936    41188.38    0.99   -1.24
    6     10,044    10297.09    0.98   -2.49
    8      2,556     2574.27    0.99   -0.36
   10        620      643.57    0.96   -0.93
   12        159      160.89    0.99   -0.15
   14         38       40.22    0.94   -0.35
   16         12       10.06    1.19   +0.61
   18          3        2.51    1.19   +0.31
   20          1        0.63    1.59   +0.47
   22          0        0.16    0.00   -0.40
  conditional halving over steps 16..17: 6 of 12 (expected 6.0), z = +0.00
=== round 2/6, 7294s
ALL-ONES target: 1,314,449 candidates
    k   observed   predicted   ratio       z
    0  1,314,449  1314449.00    1.00   +0.00
    2    328,319   328612.25    1.00   -0.51
    4     81,994    82153.06    1.00   -0.55
    6     20,520    20538.27    1.00   -0.13
    8      5,141     5134.57    1.00   +0.09
   10      1,229     1283.64    0.96   -1.53
   12        309      320.91    0.96   -0.66
   14         59       80.23    0.74   -2.37
   16         12       20.06    0.60   -1.80
   18          5        5.01    1.00   -0.01
   20          3        1.25    2.39   +1.56
   22          1        0.31    3.19   +1.23
   24          0        0.08    0.00   -0.28
  conditional halving over steps 16..18: 16 of 23 (expected 11.5), z = +1.88
random targets (matched control): 1,317,266 candidates
    k   observed   predicted   ratio       z
    0  1,317,266  1317266.00    1.00   +0.00
    2    328,391   329316.50    1.00   -1.61
    4     81,731    82329.12    0.99   -2.08
    6     20,209    20582.28    0.98   -2.60
    8      5,166     5145.57    1.00   +0.28
   10      1,281     1286.39    1.00   -0.15
   12        317      321.60    0.99   -0.26
   14         72       80.40    0.90   -0.94
   16         15       20.10    0.75   -1.14
   18          4        5.02    0.80   -0.46
   20          1        1.26    0.80   -0.23
   22          0        0.31    0.00   -0.56
   24          0        0.08    0.00   -0.28
  conditional halving over steps 16..17: 7 of 15 (expected 7.5), z = -0.26
=== round 3/6, 10928s
ALL-ONES target: 1,972,952 candidates
    k   observed   predicted   ratio       z
    0  1,972,952  1972952.00    1.00   +0.00
    2    492,824   493238.00    1.00   -0.59
    4    123,080   123309.50    1.00   -0.65
    6     30,850    30827.38    1.00   +0.13
    8      7,728     7706.84    1.00   +0.24
   10      1,867     1926.71    0.97   -1.36
   12        481      481.68    1.00   -0.03
   14        103      120.42    0.86   -1.59
   16         26       30.10    0.86   -0.75
   18          7        7.53    0.93   -0.19
   20          3        1.88    1.59   +0.82
   22          1        0.47    2.13   +0.77
   24          0        0.12    0.00   -0.34
  conditional halving over steps 16..18: 22 of 41 (expected 20.5), z = +0.47
random targets (matched control): 1,977,607 candidates
    k   observed   predicted   ratio       z
    0  1,977,607  1977607.00    1.00   +0.00
    2    493,180   494401.75    1.00   -1.74
    4    122,947   123600.44    0.99   -1.86
    6     30,283    30900.11    0.98   -3.51
    8      7,703     7725.03    1.00   -0.25
   10      1,891     1931.26    0.98   -0.92
   12        504      482.81    1.04   +0.96
   14        122      120.70    1.01   +0.12
   16         30       30.18    0.99   -0.03
   18          5        7.54    0.66   -0.93
   20          2        1.89    1.06   +0.08
   22          0        0.47    0.00   -0.69
   24          0        0.12    0.00   -0.34
  conditional halving over steps 16..18: 17 of 42 (expected 21.0), z = -1.23
=== round 4/6, 14566s
ALL-ONES target: 2,630,834 candidates
    k   observed   predicted   ratio       z
    0  2,630,834  2630834.00    1.00   +0.00
    2    658,016   657708.50    1.00   +0.38
    4    164,860   164427.12    1.00   +1.07
    6     41,250    41106.78    1.00   +0.71
    8     10,385    10276.70    1.01   +1.07
   10      2,487     2569.17    0.97   -1.62
   12        651      642.29    1.01   +0.34
   14        151      160.57    0.94   -0.76
   16         35       40.14    0.87   -0.81
   18         14       10.04    1.40   +1.25
   20          7        2.51    2.79   +2.84
   22          1        0.63    1.59   +0.47
   24          0        0.16    0.00   -0.40
  conditional halving over steps 16..20: 52 of 80 (expected 40.0), z = +2.68
random targets (matched control): 2,638,054 candidates
    k   observed   predicted   ratio       z
    0  2,638,054  2638054.00    1.00   +0.00
    2    657,834   659513.50    1.00   -2.07
    4    164,300   164878.38    1.00   -1.42
    6     40,580    41219.59    0.98   -3.15
    8     10,269    10304.90    1.00   -0.35
   10      2,566     2576.22    1.00   -0.20
   12        680      644.06    1.06   +1.42
   14        167      161.01    1.04   +0.47
   16         35       40.25    0.87   -0.83
   18          5       10.06    0.50   -1.60
   20          2        2.52    0.79   -0.33
   22          0        0.63    0.00   -0.79
   24          0        0.16    0.00   -0.40
  conditional halving over steps 16..18: 18 of 48 (expected 24.0), z = -1.73
=== round 5/6, 18237s
ALL-ONES target: 3,288,582 candidates
    k   observed   predicted   ratio       z
    0  3,288,582  3288582.00    1.00   +0.00
    2    822,832   822145.50    1.00   +0.76
    4    205,700   205536.38    1.00   +0.36
    6     51,536    51384.09    1.00   +0.67
    8     12,992    12846.02    1.01   +1.29
   10      3,169     3211.51    0.99   -0.75
   12        806      802.88    1.00   +0.11
   14        188      200.72    0.94   -0.90
   16         44       50.18    0.88   -0.87
   18         19       12.54    1.51   +1.82
   20         10        3.14    3.19   +3.88
   22          1        0.78    1.28   +0.24
   24          0        0.20    0.00   -0.44
  conditional halving over steps 16..21: 74 of 113 (expected 56.5), z = +3.29
random targets (matched control): 3,295,966 candidates
    k   observed   predicted   ratio       z
    0  3,295,966  3295966.00    1.00   +0.00
    2    822,709   823991.50    1.00   -1.41
    4    205,282   205997.88    1.00   -1.58
    6     50,700    51499.47    0.98   -3.52
    8     12,724    12874.87    0.99   -1.33
   10      3,149     3218.72    0.98   -1.23
   12        852      804.68    1.06   +1.67
   14        213      201.17    1.06   +0.83
   16         53       50.29    1.05   +0.38
   18         10       12.57    0.80   -0.73
   20          5        3.14    1.59   +1.05
   22          2        0.79    2.55   +1.37
   24          0        0.20    0.00   -0.44
  conditional halving over steps 16..19: 38 of 85 (expected 42.5), z = -0.98
=== round 6/6, 21878s
ALL-ONES target: 3,948,132 candidates
    k   observed   predicted   ratio       z
    0  3,948,132  3948132.00    1.00   +0.00
    2    987,031   987033.00    1.00   -0.00
    4    246,856   246758.25    1.00   +0.20
    6     61,753    61689.56    1.00   +0.26
    8     15,521    15422.39    1.01   +0.79
   10      3,805     3855.60    0.99   -0.81
   12        960      963.90    1.00   -0.13
   14        221      240.97    0.92   -1.29
   16         52       60.24    0.86   -1.06
   18         22       15.06    1.46   +1.79
   20         11        3.77    2.92   +3.73
   22          1        0.94    1.06   +0.06
   24          0        0.24    0.00   -0.49
   26          0        0.06    0.00   -0.24
  conditional halving over steps 16..21: 84 of 130 (expected 65.0), z = +3.33
random targets (matched control): 3,954,274 candidates
    k   observed   predicted   ratio       z
    0  3,954,274  3954274.00    1.00   +0.00
    2    987,009   988568.50    1.00   -1.57
    4    246,669   247142.12    1.00   -0.95
    6     61,030    61785.53    0.99   -3.04
    8     15,330    15446.38    0.99   -0.94
   10      3,811     3861.60    0.99   -0.81
   12      1,033      965.40    1.07   +2.18
   14        261      241.35    1.08   +1.26
   16         73       60.34    1.21   +1.63
   18         16       15.08    1.06   +0.24
   20          5        3.77    1.33   +0.63
   22          2        0.94    2.12   +1.09
   24          0        0.24    0.00   -0.49
   26          0        0.06    0.00   -0.24
  conditional halving over steps 16..20: 61 of 129 (expected 64.5), z = -0.62
DONE
