target 0 35a7b31d83afbb04...: solutions 2,133,860 (0.4014/survivor) eps==0 188 verified 188
target 1 ab4e8cfa18833004...: solutions 2,133,338 (0.4014/survivor) eps==0 222 verified 222
target 2 e81ce202b34380c9...: solutions 2,134,748 (0.4016/survivor) eps==0 222 verified 222
target 3 4913ba136df66577...: solutions 2,133,847 (0.4016/survivor) eps==0 208 verified 208
target 4 40a1b7490dfd1a20...: solutions 2,133,852 (0.4015/survivor) eps==0 236 verified 236
target 5 73e8b800012a8463...: solutions 2,133,355 (0.4014/survivor) eps==0 204 verified 204
target 6 075bd8e4776df1ad...: solutions 2,132,911 (0.4013/survivor) eps==0 207 verified 207
target 7 b5711de16636ec36...: solutions 2,135,774 (0.4018/survivor) eps==0 218 verified 218
target 8 42e9295a5d30db94...: solutions 2,134,117 (0.4016/survivor) eps==0 205 verified 205
target 9 ff7e89e0c48ad30f...: solutions 2,132,367 (0.4013/survivor) eps==0 219 verified 219
target 10 99d3b54131314914...: solutions 2,134,498 (0.4016/survivor) eps==0 214 verified 214
target 11 6a8705a3adb95b60...: solutions 2,134,655 (0.4016/survivor) eps==0 260 verified 260
target 12 5ad1a330a87c54c7...: solutions 2,135,786 (0.4018/survivor) eps==0 217 verified 217
target 13 747858db7ac69b75...: solutions 2,136,658 (0.4018/survivor) eps==0 217 verified 217
target 14 72dea64cea24f053...: solutions 2,135,112 (0.4015/survivor) eps==0 253 verified 253
target 15 ecbb1161d57e4b0b...: solutions 2,135,140 (0.4015/survivor) eps==0 226 verified 226
target 16 c9b5ade25c434b6d...: solutions 2,133,520 (0.4014/survivor) eps==0 224 verified 224
target 17 45e0b3bf297baa89...: solutions 2,134,672 (0.4014/survivor) eps==0 211 verified 211
target 18 3fc4106967b8dcac...: solutions 2,134,449 (0.4015/survivor) eps==0 229 verified 229
target 19 64b91710e9cbc6aa...: solutions 2,130,648 (0.4009/survivor) eps==0 182 verified 182
target 20 154e15ab6ab91a8d...: solutions 2,133,226 (0.4012/survivor) eps==0 227 verified 227
target 21 43371d2c4fe7200d...: solutions 2,134,020 (0.4015/survivor) eps==0 238 verified 238
target 22 366fb9559698a9be...: solutions 2,135,092 (0.4015/survivor) eps==0 189 verified 189
target 23 34dd887ba08dfd58...: solutions 2,135,790 (0.4018/survivor) eps==0 237 verified 237
target 24 9a0fb6319c3f9f18...: solutions 2,135,668 (0.4017/survivor) eps==0 212 verified 212
target 25 e2524e6cefc0b359...: solutions 2,134,870 (0.4015/survivor) eps==0 202 verified 202
target 26 106d9d9afb158f68...: solutions 2,133,927 (0.4015/survivor) eps==0 216 verified 216
target 27 b4498bc920d1ecd6...: solutions 2,134,689 (0.4016/survivor) eps==0 208 verified 208
target 28 3eb4af32ecdd0fe4...: solutions 2,133,651 (0.4014/survivor) eps==0 210 verified 210
target 29 d69c518fbde9c4b8...: solutions 2,135,240 (0.4018/survivor) eps==0 223 verified 223
target 30 a0a5f2eb4cab0477...: solutions 2,135,049 (0.4016/survivor) eps==0 228 verified 228
target 31 719d0084efb84e6d...: solutions 2,132,975 (0.4013/survivor) eps==0 205 verified 205
target 32 c10a50a7723e5814...: solutions 2,135,235 (0.4016/survivor) eps==0 212 verified 212
target 33 8027e9ec2d8e26f7...: solutions 2,133,919 (0.4014/survivor) eps==0 191 verified 191
target 34 e54d4727a32b82e4...: solutions 2,135,836 (0.4017/survivor) eps==0 232 verified 232
target 35 a6b4b3c885678db3...: solutions 2,135,714 (0.4018/survivor) eps==0 239 verified 239
target 36 456443cc049f6a96...: solutions 2,134,292 (0.4016/survivor) eps==0 216 verified 216
target 37 b353696986be67e3...: solutions 2,134,693 (0.4016/survivor) eps==0 223 verified 223
target 38 424fc2238b081803...: solutions 2,135,488 (0.4018/survivor) eps==0 203 verified 203
target 39 9472e7e3fddee43f...: solutions 2,133,794 (0.4015/survivor) eps==0 224 verified 224
target 40 ca77b9049568f0b8...: solutions 2,134,119 (0.4015/survivor) eps==0 212 verified 212
target 41 cb3c420bbf7ed4db...: solutions 2,134,062 (0.4015/survivor) eps==0 222 verified 222
target 42 65b73e2400fbeb7b...: solutions 2,134,112 (0.4016/survivor) eps==0 242 verified 242
target 43 cdbce2dd23ee36be...: solutions 2,134,392 (0.4016/survivor) eps==0 214 verified 214
target 44 8f5890fe9c980056...: solutions 2,136,050 (0.4018/survivor) eps==0 230 verified 230
target 45 117cb3e87d16204c...: solutions 2,135,184 (0.4018/survivor) eps==0 205 verified 205
target 46 406e0b6844cbee05...: solutions 2,132,937 (0.4014/survivor) eps==0 228 verified 228
target 47 fe2383c4bfebd1cb...: solutions 2,130,674 (0.4012/survivor) eps==0 234 verified 234
target 48 c56b54960783b71e...: solutions 2,135,310 (0.4016/survivor) eps==0 199 verified 199
target 49 2cf9b0bda1067a19...: solutions 2,135,585 (0.4017/survivor) eps==0 209 verified 209
target 50 75195df53c49ee3e...: solutions 2,134,223 (0.4015/survivor) eps==0 227 verified 227
target 51 ff3464d222a96f2b...: solutions 2,133,158 (0.4015/survivor) eps==0 187 verified 187
target 52 f535d50d9c52b6d9...: solutions 2,137,098 (0.4019/survivor) eps==0 204 verified 204
target 53 720e5b608fc1796d...: solutions 2,136,047 (0.4018/survivor) eps==0 233 verified 233
target 54 ef0219509b607faa...: solutions 2,132,924 (0.4013/survivor) eps==0 190 verified 190
target 55 c91500cc472739cf...: solutions 2,133,716 (0.4015/survivor) eps==0 194 verified 194
target 56 304be436c92f04d9...: solutions 2,134,174 (0.4016/survivor) eps==0 205 verified 205
target 57 ce46157355b3b7ae...: solutions 2,134,709 (0.4016/survivor) eps==0 221 verified 221
target 58 612d9514f91b00e1...: solutions 2,134,473 (0.4016/survivor) eps==0 206 verified 206
target 59 fef74c777cce23cc...: solutions 2,132,490 (0.4013/survivor) eps==0 195 verified 195
target 60 91a83e7e7c3ff68f...: solutions 2,134,475 (0.4015/survivor) eps==0 217 verified 217
target 61 de3f7f4cf85c1947...: solutions 2,133,468 (0.4013/survivor) eps==0 207 verified 207
target 62 3ba79d58d4f06bd8...: solutions 2,134,564 (0.4015/survivor) eps==0 237 verified 237
target 63 d505fa4a2324a8d4...: solutions 2,132,427 (0.4013/survivor) eps==0 225 verified 225

R=19, 64 targets, 536,870,912 swept a0, 151.7s
  triangular solutions 136,596,846  = 0.4015 per C0 survivor (predicted 0.634^2 = 0.4019)
  eps == 0             13,840  = 1.0132e-04 per solution (predicted (3/4)^32 = 1.0045e-04, uniform 2.328e-10)
  verified preimages   13,840
  cost: 38,791 swept a0 per preimage = 2^15.2
