[2026-09-03 19:02:17] R=19 roots=1 device=cpu seed=1 target=036fe63dae8ed426f7fddbb8a0ce332cc022f93fd99367184141def7f42b4830
[2026-09-03 19:02:17] torch 2.14.0+cpu; cpu
[2026-09-03 19:02:17] loaded 1 on-disk table(s)
[2026-09-03 19:02:21] *** VERIFIED 19-ROUND PREIMAGE  a0=0x00002a08  W = 03f7a1bb 81f6b78f eb1d43a1 33193537 c6ea440e 673149dd e12539e7 1de5ca86 9617bc70 6048e1ca 08deab62 d30266c7 af4a0742 ca6975f4 cf51ec10 6acf175c
[2026-09-03 19:02:21] *** VERIFIED 19-ROUND PREIMAGE  a0=0x00003078  W = 03f7a82b c5703d58 f8c2e563 4c1d10d3 9fc58029 d5ea56e7 fc3c2bdd da4647ca 464d1d86 5cb4e0b0 7211e677 ff7651d3 af4a0742 ca6975f4 cf51ec10 6acf175c
[2026-09-03 19:02:21] *** VERIFIED 19-ROUND PREIMAGE  a0=0x00005ea6  W = 03f7d659 c8a93d27 8e0edde4 f8838cfa fe355569 14ce74bb 387483a9 bc42b6e4 03bcf336 e95a011b 60e5287a 4b79dbe8 af4a0742 ca6975f4 cf51ec10 6acf175c
[2026-09-03 19:02:21] *** VERIFIED 19-ROUND PREIMAGE  a0=0x0000837a  W = 03f7fb2d 37dd22cb ca49ca56 f85dcd3e 533905b2 6d1dbfde 3cf1a253 1f2b9920 563851cc 2b009050 9b0e100e 0769fbf2 af4a0742 ca6975f4 cf51ec10 6acf175c
[2026-09-03 19:02:21] *** VERIFIED 19-ROUND PREIMAGE  a0=0x0000ec22  W = 03f863d5 f466e3e9 6e4cab5b 803f25d8 88fa6c9e 6aaf6bc0 0d82e4b3 ce3019e6 3722aa17 8d888ef0 13088f8e 0caa1c18 af4a0742 ca6975f4 cf51ec10 6acf175c
[2026-09-03 19:02:21] *** VERIFIED 19-ROUND PREIMAGE  a0=0x0001275c  W = 03f89f0f ab1946f1 f07ddfcf 0d188143 a0c12787 bf3e0597 99b5a644 f68bae0a cc9968b1 5b9d4fc4 f7fd47db 4b00c037 af4a0742 ca6975f4 cf51ec10 6acf175c
[2026-09-03 19:02:21] *** VERIFIED 19-ROUND PREIMAGE  a0=0x0002a0b8  W = 03fa186b 62bcfef2 dd08313e 4770bc2b 0a60d332 5606faa6 26769040 6937d7c8 05ab164d 2bf6c871 cc21ab2c 94f62a13 af4a0742 ca6975f4 cf51ec10 6acf175c
[2026-09-03 19:02:21] *** VERIFIED 19-ROUND PREIMAGE  a0=0x0002f286  W = 03fa6a39 dbae6c1e 660bd79f 95306fbb 8a52f7cb cbe0f908 f3864638 54ba1f4e ce29c8b6 455fcd7f f59a2a29 fefa226f af4a0742 ca6975f4 cf51ec10 6acf175c
[2026-09-03 19:02:21] *** VERIFIED 19-ROUND PREIMAGE  a0=0x0002fa15  W = 03fa71c8 bf6ca0f8 95758b7f 2a1cffa4 df9a3e9e 122c49b9 22b67d78 d2271f37 760e5099 34778b1b 4a6aeb09 daf44a67 af4a0742 ca6975f4 cf51ec10 6acf175c
[2026-09-03 19:02:21] *** VERIFIED 19-ROUND PREIMAGE  a0=0x00032a04  W = 03faa1b7 8375ea79 3b7fca74 e5a9d758 5c620755 5b26f895 03f98c66 fca94ebe 43042573 692e876b f83958a7 cf4067cf af4a0742 ca6975f4 cf51ec10 6acf175c
[2026-09-03 19:02:21] *** VERIFIED 19-ROUND PREIMAGE  a0=0x000361a4  W = 03fad957 b3167b28 81ce0633 9c3c287e fff9a79a c7f940c9 eac22cf0 4e95d733 047c4cb3 2955b6bb ef661344 7cfa21ef af4a0742 ca6975f4 cf51ec10 6acf175c
[2026-09-03 19:02:21] *** VERIFIED 19-ROUND PREIMAGE  a0=0x000370c7  W = 03fae87a db43859f 75ad28d1 2407f95f a707404d 7ab7bffc 48ceb5d7 0a206309 fba06470 3d6b7586 d7852366 291c1fc9 af4a0742 ca6975f4 cf51ec10 6acf175c
[2026-09-03 19:02:21] *** VERIFIED 19-ROUND PREIMAGE  a0=0x0005f374  W = 03fd6b27 a8c07534 ea629327 bf17a709 bc15895b c3f56755 65c36cb4 ad35aeb4 d604b4fd a21d4fc5 fa216817 0ba73ae1 af4a0742 ca6975f4 cf51ec10 6acf175c
[2026-09-03 19:02:21] *** VERIFIED 19-ROUND PREIMAGE  a0=0x0006122e  W = 03fd89e1 32f09ba3 94a916a4 5070a7a1 50bf93e4 4edf2afd f6c59f04 97350f6e 9576c15f 9c4e9688 482d59af ed78ca27 af4a0742 ca6975f4 cf51ec10 6acf175c
[2026-09-03 19:02:21] *** VERIFIED 19-ROUND PREIMAGE  a0=0x000640b3  W = 03fdb866 2ec5fa10 5ed2ac1f bb2b2580 0f1ef577 1e1150b0 4ff2d79e 3a3f3384 179345d4 a82067fb cc0d29a6 a522ba22 af4a0742 ca6975f4 cf51ec10 6acf175c
[2026-09-03 19:02:21] *** VERIFIED 19-ROUND PREIMAGE  a0=0x00072be2  W = 03fea395 a50dfdbc 4bf44f3f c91d332e 7e0b60be efcedf20 914b36ec 4d32f5f5 6d84d639 f09c2ec4 8ffe99e5 8efa04ef af4a0742 ca6975f4 cf51ec10 6acf175c
[2026-09-03 19:02:21] *** VERIFIED 19-ROUND PREIMAGE  a0=0x000a153e  W = 04018cf1 2a884793 96a809c0 9dced150 5517bf23 4fc9cdba a0b83db3 5ef4cf49 029b3209 d03cff98 dd228f11 45ea17b7 af4a0742 ca6975f4 cf51ec10 6acf175c
[2026-09-03 19:02:21] *** VERIFIED 19-ROUND PREIMAGE  a0=0x000b0cb5  W = 04028468 a9c91c6e 0d0ca4bd 075f0c13 77d9524d 2c76b2e8 3d47a360 75e56262 e51a4c62 73abbf39 9cd5601a f07a3f68 af4a0742 ca6975f4 cf51ec10 6acf175c
[2026-09-03 19:02:21] *** VERIFIED 19-ROUND PREIMAGE  a0=0x000b3927  W = 0402b0da f57de512 1680d163 a2ac8b85 1b59c138 f844d112 eeb5e022 91a50601 d58784be c11ab457 b30f87e5 8ef61043 af4a0742 ca6975f4 cf51ec10 6acf175c
[2026-09-03 19:02:21] *** VERIFIED 19-ROUND PREIMAGE  a0=0x000b47ad  W = 0402bf60 4ed867f6 f627198c f13e51ba 04b90058 eb201107 0226f91d beeaca29 d597f050 06617081 890f52a4 ed965e0b af4a0742 ca6975f4 cf51ec10 6acf175c
[2026-09-03 19:02:21] *** VERIFIED 19-ROUND PREIMAGE  a0=0x000b8e23  W = 040305d6 b87a374b b74c30f6 4f575bb9 23f6361f 8bffbfdb 7c0c5afb 187a78ac a87689fd f56efcf9 e8fe602e 7e823b67 af4a0742 ca6975f4 cf51ec10 6acf175c
[2026-09-03 19:02:21] *** VERIFIED 19-ROUND PREIMAGE  a0=0x000bb1d4  W = 04032987 b2d77306 d049aa7e 4dc6535b 01f4248f dbdb83eb f0fccbdc 334cb915 60f2f753 3b1d49ae 5925c616 e7294238 af4a0742 ca6975f4 cf51ec10 6acf175c
[2026-09-03 19:02:21] *** VERIFIED 19-ROUND PREIMAGE  a0=0x000bd870  W = 04035023 7ee018e6 c4029a61 eba5357f ea463a57 9b7014b9 3722dd99 24978339 dca0586b 3e03b2b0 9cc30ac7 6f69d1e5 af4a0742 ca6975f4 cf51ec10 6acf175c
[2026-09-03 19:02:21] *** VERIFIED 19-ROUND PREIMAGE  a0=0x000c63bc  W = 0403db6f 258c0db3 62fff818 a5af73e4 21f075a6 544c6a22 e9a28d7c 9f05fa8c 4edf734b a185332b b10b2526 7f60f06a af4a0742 ca6975f4 cf51ec10 6acf175c
[2026-09-03 19:02:21] *** VERIFIED 19-ROUND PREIMAGE  a0=0x000dd8d3  W = 04055086 9bc96fea 53e1791e 0549e43c 4f798376 6588b4e9 be2d1ec0 4d371c10 08b10ad4 6565f512 94cd6212 8dda5b37 af4a0742 ca6975f4 cf51ec10 6acf175c
[2026-09-03 19:02:21] *** VERIFIED 19-ROUND PREIMAGE  a0=0x000eb773  W = 04062f26 4213ade7 8bd35a22 7ca26ae1 9a6fbd2b 6ee7fc8e 997c85bd 8bba5570 73125552 d559addf d43a2e3a ffbfd1af af4a0742 ca6975f4 cf51ec10 6acf175c
[2026-09-03 19:02:21] *** VERIFIED 19-ROUND PREIMAGE  a0=0x000ef4b0  W = 04066c63 7cd641a2 b42386e5 a15b2bfd 99000686 de754aec aefe1fe4 fb66c799 9871b395 280cf783 e007aeaa 09ae400f af4a0742 ca6975f4 cf51ec10 6acf175c
[2026-09-03 19:02:21] *** VERIFIED 19-ROUND PREIMAGE  a0=0x000efb38  W = 040672eb bc7135fb 50490024 84c018c8 57bf7a91 84cdc7a1 6203f885 e664b0d2 be90524d 5590c0b5 da216f14 0b7be036 af4a0742 ca6975f4 cf51ec10 6acf175c
[2026-09-03 19:02:21] *** VERIFIED 19-ROUND PREIMAGE  a0=0x000f1e89  W = 0406963c e676f101 d6cce664 b8b24490 9b1df165 c022806e 66cedebb 903e8c2e a37aa7a9 5fd67ecd c7cf2971 655899d7 af4a0742 ca6975f4 cf51ec10 6acf175c
[2026-09-03 19:02:21] *** VERIFIED 19-ROUND PREIMAGE  a0=0x000f9bba  W = 0407136d 346a37ea 002518ef 2e8b2bee bfc1c149 8f9aa656 ce2ebeac a8c8d7e1 8340487f a3f92c73 cc89ea16 cfcb70fb af4a0742 ca6975f4 cf51ec10 6acf175c
[2026-09-03 19:02:21] *** VERIFIED 19-ROUND PREIMAGE  a0=0x000fe819  W = 04075fcc 8141ae02 b3fb4ac5 5f889ce4 f7d4c773 3fe31c9e a796aef4 ba4ad6ab db084c71 846de8d0 c847a9f0 4af62266 af4a0742 ca6975f4 cf51ec10 6acf175c
[2026-09-03 19:02:21] ctx 0: 1,048,576 a0 in 4.1s | cumulative a0 1.049e+06 sol 2.674e+05 sub 31 c3 0 ver 31 | 2.55e+05 a0/s | 33,825 a0 per preimage
[2026-09-03 19:02:25] *** VERIFIED 19-ROUND PREIMAGE  a0=0x0000f1e6  W = 03f86999 798a18c0 ab938bc6 8a57588a 1b985aa8 abed8d65 ce1f1f7e 9846cd92 267239d4 471526c8 d38ddbab ed30c24c 08e056d6 e189f7af c56412be b646db08
[2026-09-03 19:02:25] *** VERIFIED 19-ROUND PREIMAGE  a0=0x00021efe  W = 03f996b1 af5d9d6f 8d6d3651 afafaf24 4e7c5177 4572ccd1 68998446 f4e9d871 65ba25c7 a3175fbb 196c338a 26707da5 08e056d6 e189f7af c56412be b646db08
[2026-09-03 19:02:25] *** VERIFIED 19-ROUND PREIMAGE  a0=0x00032566  W = 03fa9d19 a04e5cdc de84d350 4d583de1 a69d02e9 b5bfb67b e793a1e5 4eda3f3e 81021cb4 1686bd62 98e4efad c8727d66 08e056d6 e189f7af c56412be b646db08
[2026-09-03 19:02:25] *** VERIFIED 19-ROUND PREIMAGE  a0=0x0005df20  W = 03fd56d3 ee99f6c8 4d157fd0 c70c8d92 154449d3 1c39b60e a6354b20 479affdb a0d5a39c 5f464c47 e28663ee 00207c0d 08e056d6 e189f7af c56412be b646db08
[2026-09-03 19:02:25] *** VERIFIED 19-ROUND PREIMAGE  a0=0x00064486  W = 03fdbc39 f0ac3076 b2f7fd35 ea1102c6 35972ecf e05b51db 3e4c6cd8 5c99811a 46804b06 5118bb2e 54ca439f e8217f39 08e056d6 e189f7af c56412be b646db08
[2026-09-03 19:02:25] *** VERIFIED 19-ROUND PREIMAGE  a0=0x0006455c  W = 03fdbd0f 88d7bebb 7da86177 c6216b68 d22af829 fcc9563b 7d4c3409 432e839f c70e363e c75c61fe 4601aeb5 5a06759d 08e056d6 e189f7af c56412be b646db08
[2026-09-03 19:02:25] *** VERIFIED 19-ROUND PREIMAGE  a0=0x00066cd8  W = 03fde48b 805890cf 485630d0 33d8437a 8cc94532 7a9904c7 909be659 55955a10 5126e034 a5c9b1f3 21e5e7b9 4028d058 08e056d6 e189f7af c56412be b646db08
[2026-09-03 19:02:25] *** VERIFIED 19-ROUND PREIMAGE  a0=0x00070a9b  W = 03fe824e ccbfb57d bf72ef99 4e12fbca b5d132cb 2aadf06c ad64d1c7 21d26558 8468b6a8 41af5c74 5bb66389 88215ca4 08e056d6 e189f7af c56412be b646db08
[2026-09-03 19:02:25] *** VERIFIED 19-ROUND PREIMAGE  a0=0x0007c9f4  W = 03ff41a7 5de63a38 e0516edd 0e579550 fa5f3e06 149982b6 5d7da7d5 96ff3385 62953b35 5b777bbb 6d88bfac 466d6855 08e056d6 e189f7af c56412be b646db08
[2026-09-03 19:02:25] *** VERIFIED 19-ROUND PREIMAGE  a0=0x000805b6  W = 03ff7d69 064c60a1 824d774e 4ae86558 73b21a56 86a984c7 be00529b 8b051e21 0e556d9c f61306fd f101fbc1 4854ef1e 08e056d6 e189f7af c56412be b646db08
[2026-09-03 19:02:25] *** VERIFIED 19-ROUND PREIMAGE  a0=0x00086b59  W = 03ffe30c b9d78616 c3c2062a 601bf856 b25c32d6 eea63a0f a8867046 c2183121 867fd61f 753304e5 419ff6a7 48a85e21 08e056d6 e189f7af c56412be b646db08
[2026-09-03 19:02:25] *** VERIFIED 19-ROUND PREIMAGE  a0=0x00087968  W = 03fff11b d008ba11 9cdd237e 935f801a 0a370468 dce916df 7478c2a2 77163407 78504ddd 39da765d 51667dc7 071825f5 08e056d6 e189f7af c56412be b646db08
[2026-09-03 19:02:25] *** VERIFIED 19-ROUND PREIMAGE  a0=0x0008a516  W = 04001cc9 a39190dc ec555205 747c0726 75b28434 c8e1a8b5 e30c8093 3b54f043 8438a0c7 87fd8305 e187e429 3b3cfd4d 08e056d6 e189f7af c56412be b646db08
[2026-09-03 19:02:25] *** VERIFIED 19-ROUND PREIMAGE  a0=0x0008d4a7  W = 04004c5a 2c052dbc 8a694b28 90c2a21c 1e6d4ca9 caebfdc4 38b81d2e 06cf3fc6 7c6aeb8b 1a47e865 8953e9d1 5d18f4e8 08e056d6 e189f7af c56412be b646db08
[2026-09-03 19:02:25] *** VERIFIED 19-ROUND PREIMAGE  a0=0x0009b924  W = 040130d7 23e2efe2 cb25ebe8 eb1a0806 a171bc9c 0a7a3d16 0f379c96 4f70afeb b7cd14ac d53b97fa f2013cb1 0d667989 08e056d6 e189f7af c56412be b646db08
[2026-09-03 19:02:25] *** VERIFIED 19-ROUND PREIMAGE  a0=0x0009f8a7  W = 0401705a eb6035a0 868d2271 4173e0bf 61b9940b 1d44e9ff 868e0aac e801f609 d6cd06bb ff2b6d4b 214bdbad 5630c74c 08e056d6 e189f7af c56412be b646db08
[2026-09-03 19:02:25] *** VERIFIED 19-ROUND PREIMAGE  a0=0x000a0159  W = 0401790c 6117469a 57159abc 5cee10a3 260c152d 3208d8c1 ff43ba17 823f7dce d67676f9 67b80285 51f21cb5 4b1ed17d 08e056d6 e189f7af c56412be b646db08
[2026-09-03 19:02:25] *** VERIFIED 19-ROUND PREIMAGE  a0=0x000a744b  W = 0401ebfe c94e7c23 b8a85ffe cb8e5bf6 b461ec5d 2a2f2e94 16d826eb 22785bc2 c613b71c 8f4a4c7f 01027f69 507d701f 08e056d6 e189f7af c56412be b646db08
[2026-09-03 19:02:25] *** VERIFIED 19-ROUND PREIMAGE  a0=0x000a7eac  W = 0401f65f bb0f5aca bcaef8c6 701ee619 32cc2fac 48e35e50 10612ce2 0b51daad 271263cf fc58881e e800686a 292c7f79 08e056d6 e189f7af c56412be b646db08
[2026-09-03 19:02:25] *** VERIFIED 19-ROUND PREIMAGE  a0=0x000bf695  W = 04036e48 777f3f2f eb62421c 6442978b cb4db5b2 3d4f4c29 40bc4a21 353a725d e983cb60 b131a720 9c2ffba8 c03ce45d 08e056d6 e189f7af c56412be b646db08
[2026-09-03 19:02:25] *** VERIFIED 19-ROUND PREIMAGE  a0=0x000c3e86  W = 0403b639 9c621bfc 6ab4de0c f404b148 757743ec f7414131 8576e3eb 786d6892 61f1a15a e4b08323 0989ec2a 5d51b4f1 08e056d6 e189f7af c56412be b646db08
[2026-09-03 19:02:25] *** VERIFIED 19-ROUND PREIMAGE  a0=0x000c6db5  W = 0403e568 cdd724b1 d7792002 f9fbe5a8 0252069e 2c7e360b fb754a54 5397cd57 133b891f 9deeba9a a2d468a7 dc216045 08e056d6 e189f7af c56412be b646db08
[2026-09-03 19:02:25] *** VERIFIED 19-ROUND PREIMAGE  a0=0x000d49b0  W = 0404c163 a62900ee 98e14fff c92ea5db 12215360 cd53e57c 69ab853d 89990df1 fb01bbf3 c7483cb3 61f1e2b0 ca9e698d 08e056d6 e189f7af c56412be b646db08
[2026-09-03 19:02:25] *** VERIFIED 19-ROUND PREIMAGE  a0=0x000e4c11  W = 0405c3c4 72ea874c 713b2b66 24040c6e 6e1c119b 247a0271 56f4ea3a 6a161903 9bc0b590 198e7c8b 4ce5da36 1e33094d 08e056d6 e189f7af c56412be b646db08
[2026-09-03 19:02:25] *** VERIFIED 19-ROUND PREIMAGE  a0=0x000eb168  W = 0406291b 74276aa9 d6c2a1aa 884f4f0b bb690e80 326f4b65 c5f95df6 061ff744 ab1ace71 ca32b208 6ca62187 bea2fe31 08e056d6 e189f7af c56412be b646db08
[2026-09-03 19:02:25] ctx 1: 1,048,576 a0 in 3.4s | cumulative a0 2.097e+06 sol 5.344e+05 sub 56 c3 0 ver 56 | 2.80e+05 a0/s | 37,449 a0 per preimage
[2026-09-03 19:02:25] DONE
