[2026-09-03 19:02:37] R=19 roots=2 device=cpu seed=1 target=036fe63dae8ed426f7fddbb8a0ce332cc022f93fd99367184141def7f42b4830
[2026-09-03 19:02:37] torch 2.14.0+cpu; cpu
[2026-09-03 19:02:37] loaded 2 on-disk table(s)
[2026-09-03 19:02:42] *** VERIFIED 19-ROUND PREIMAGE  a0=0x00002a08  W = 03f7a1bb 81f6b78f eb1d43a1 33193537 c6ea440e 673149dd e12539e7 1de5ca86 9617bc70 6048e1ca 08deab62 d30266c7 af4a0742 ca6975f4 cf51ec10 6acf175c
[2026-09-03 19:02:42] *** VERIFIED 19-ROUND PREIMAGE  a0=0x00003078  W = 03f7a82b c5703d58 f8c2e563 4c1d10d3 9fc58029 d5ea56e7 fc3c2bdd da4647ca 464d1d86 5cb4e0b0 7211e677 ff7651d3 af4a0742 ca6975f4 cf51ec10 6acf175c
[2026-09-03 19:02:42] *** VERIFIED 19-ROUND PREIMAGE  a0=0x00005ea6  W = 03f7d659 c8a93d27 8e0edde4 f8838cfa fe355569 14ce74bb 387483a9 bc42b6e4 03bcf336 e95a011b 60e5287a 4b79dbe8 af4a0742 ca6975f4 cf51ec10 6acf175c
[2026-09-03 19:02:42] *** VERIFIED 19-ROUND PREIMAGE  a0=0x0000837a  W = 03f7fb2d 37dd22cb ca49ca56 f85dcd3e 533905b2 6d1dbfde 3cf1a253 1f2b9920 563851cc 2b009050 9b0e100e 0769fbf2 af4a0742 ca6975f4 cf51ec10 6acf175c
[2026-09-03 19:02:42] *** VERIFIED 19-ROUND PREIMAGE  a0=0x0000ec22  W = 03f863d5 f466e3e9 6e4cab5b 803f25d8 88fa6c9e 6aaf6bc0 0d82e4b3 ce3019e6 3722aa17 8d888ef0 13088f8e 0caa1c18 af4a0742 ca6975f4 cf51ec10 6acf175c
[2026-09-03 19:02:42] *** VERIFIED 19-ROUND PREIMAGE  a0=0x0001275c  W = 03f89f0f ab1946f1 f07ddfcf 0d188143 a0c12787 bf3e0597 99b5a644 f68bae0a cc9968b1 5b9d4fc4 f7fd47db 4b00c037 af4a0742 ca6975f4 cf51ec10 6acf175c
[2026-09-03 19:02:42] *** VERIFIED 19-ROUND PREIMAGE  a0=0x0002a0b8  W = 03fa186b 62bcfef2 dd08313e 4770bc2b 0a60d332 5606faa6 26769040 6937d7c8 05ab164d 2bf6c871 cc21ab2c 94f62a13 af4a0742 ca6975f4 cf51ec10 6acf175c
[2026-09-03 19:02:42] *** VERIFIED 19-ROUND PREIMAGE  a0=0x0002f286  W = 03fa6a39 dbae6c1e 660bd79f 95306fbb 8a52f7cb cbe0f908 f3864638 54ba1f4e ce29c8b6 455fcd7f f59a2a29 fefa226f af4a0742 ca6975f4 cf51ec10 6acf175c
[2026-09-03 19:02:42] *** VERIFIED 19-ROUND PREIMAGE  a0=0x0002fa15  W = 03fa71c8 bf6ca0f8 95758b7f 2a1cffa4 df9a3e9e 122c49b9 22b67d78 d2271f37 760e5099 34778b1b 4a6aeb09 daf44a67 af4a0742 ca6975f4 cf51ec10 6acf175c
[2026-09-03 19:02:42] *** VERIFIED 19-ROUND PREIMAGE  a0=0x00032a04  W = 03faa1b7 8375ea79 3b7fca74 e5a9d758 5c620755 5b26f895 03f98c66 fca94ebe 43042573 692e876b f83958a7 cf4067cf af4a0742 ca6975f4 cf51ec10 6acf175c
[2026-09-03 19:02:42] *** VERIFIED 19-ROUND PREIMAGE  a0=0x000361a4  W = 03fad957 b3167b28 81ce0633 9c3c287e fff9a79a c7f940c9 eac22cf0 4e95d733 047c4cb3 2955b6bb ef661344 7cfa21ef af4a0742 ca6975f4 cf51ec10 6acf175c
[2026-09-03 19:02:42] *** VERIFIED 19-ROUND PREIMAGE  a0=0x000370c7  W = 03fae87a db43859f 75ad28d1 2407f95f a707404d 7ab7bffc 48ceb5d7 0a206309 fba06470 3d6b7586 d7852366 291c1fc9 af4a0742 ca6975f4 cf51ec10 6acf175c
[2026-09-03 19:02:42] *** VERIFIED 19-ROUND PREIMAGE  a0=0x0005f374  W = 03fd6b27 a8c07534 ea629327 bf17a709 bc15895b c3f56755 65c36cb4 ad35aeb4 d604b4fd a21d4fc5 fa216817 0ba73ae1 af4a0742 ca6975f4 cf51ec10 6acf175c
[2026-09-03 19:02:42] *** VERIFIED 19-ROUND PREIMAGE  a0=0x0006122e  W = 03fd89e1 32f09ba3 94a916a4 5070a7a1 50bf93e4 4edf2afd f6c59f04 97350f6e 9576c15f 9c4e9688 482d59af ed78ca27 af4a0742 ca6975f4 cf51ec10 6acf175c
[2026-09-03 19:02:42] *** VERIFIED 19-ROUND PREIMAGE  a0=0x000640b3  W = 03fdb866 2ec5fa10 5ed2ac1f bb2b2580 0f1ef577 1e1150b0 4ff2d79e 3a3f3384 179345d4 a82067fb cc0d29a6 a522ba22 af4a0742 ca6975f4 cf51ec10 6acf175c
[2026-09-03 19:02:42] *** VERIFIED 19-ROUND PREIMAGE  a0=0x00072be2  W = 03fea395 a50dfdbc 4bf44f3f c91d332e 7e0b60be efcedf20 914b36ec 4d32f5f5 6d84d639 f09c2ec4 8ffe99e5 8efa04ef af4a0742 ca6975f4 cf51ec10 6acf175c
[2026-09-03 19:02:42] *** VERIFIED 19-ROUND PREIMAGE  a0=0x000a153e  W = 04018cf1 2a884793 96a809c0 9dced150 5517bf23 4fc9cdba a0b83db3 5ef4cf49 029b3209 d03cff98 dd228f11 45ea17b7 af4a0742 ca6975f4 cf51ec10 6acf175c
[2026-09-03 19:02:42] *** VERIFIED 19-ROUND PREIMAGE  a0=0x000b0cb5  W = 04028468 a9c91c6e 0d0ca4bd 075f0c13 77d9524d 2c76b2e8 3d47a360 75e56262 e51a4c62 73abbf39 9cd5601a f07a3f68 af4a0742 ca6975f4 cf51ec10 6acf175c
[2026-09-03 19:02:42] *** VERIFIED 19-ROUND PREIMAGE  a0=0x000b3927  W = 0402b0da f57de512 1680d163 a2ac8b85 1b59c138 f844d112 eeb5e022 91a50601 d58784be c11ab457 b30f87e5 8ef61043 af4a0742 ca6975f4 cf51ec10 6acf175c
[2026-09-03 19:02:42] *** VERIFIED 19-ROUND PREIMAGE  a0=0x000b47ad  W = 0402bf60 4ed867f6 f627198c f13e51ba 04b90058 eb201107 0226f91d beeaca29 d597f050 06617081 890f52a4 ed965e0b af4a0742 ca6975f4 cf51ec10 6acf175c
[2026-09-03 19:02:42] *** VERIFIED 19-ROUND PREIMAGE  a0=0x000b8e23  W = 040305d6 b87a374b b74c30f6 4f575bb9 23f6361f 8bffbfdb 7c0c5afb 187a78ac a87689fd f56efcf9 e8fe602e 7e823b67 af4a0742 ca6975f4 cf51ec10 6acf175c
[2026-09-03 19:02:42] *** VERIFIED 19-ROUND PREIMAGE  a0=0x000bb1d4  W = 04032987 b2d77306 d049aa7e 4dc6535b 01f4248f dbdb83eb f0fccbdc 334cb915 60f2f753 3b1d49ae 5925c616 e7294238 af4a0742 ca6975f4 cf51ec10 6acf175c
[2026-09-03 19:02:42] *** VERIFIED 19-ROUND PREIMAGE  a0=0x000bd870  W = 04035023 7ee018e6 c4029a61 eba5357f ea463a57 9b7014b9 3722dd99 24978339 dca0586b 3e03b2b0 9cc30ac7 6f69d1e5 af4a0742 ca6975f4 cf51ec10 6acf175c
[2026-09-03 19:02:42] *** VERIFIED 19-ROUND PREIMAGE  a0=0x000c63bc  W = 0403db6f 258c0db3 62fff818 a5af73e4 21f075a6 544c6a22 e9a28d7c 9f05fa8c 4edf734b a185332b b10b2526 7f60f06a af4a0742 ca6975f4 cf51ec10 6acf175c
[2026-09-03 19:02:42] *** VERIFIED 19-ROUND PREIMAGE  a0=0x000dd8d3  W = 04055086 9bc96fea 53e1791e 0549e43c 4f798376 6588b4e9 be2d1ec0 4d371c10 08b10ad4 6565f512 94cd6212 8dda5b37 af4a0742 ca6975f4 cf51ec10 6acf175c
[2026-09-03 19:02:42] *** VERIFIED 19-ROUND PREIMAGE  a0=0x000eb773  W = 04062f26 4213ade7 8bd35a22 7ca26ae1 9a6fbd2b 6ee7fc8e 997c85bd 8bba5570 73125552 d559addf d43a2e3a ffbfd1af af4a0742 ca6975f4 cf51ec10 6acf175c
[2026-09-03 19:02:42] *** VERIFIED 19-ROUND PREIMAGE  a0=0x000ef4b0  W = 04066c63 7cd641a2 b42386e5 a15b2bfd 99000686 de754aec aefe1fe4 fb66c799 9871b395 280cf783 e007aeaa 09ae400f af4a0742 ca6975f4 cf51ec10 6acf175c
[2026-09-03 19:02:42] *** VERIFIED 19-ROUND PREIMAGE  a0=0x000efb38  W = 040672eb bc7135fb 50490024 84c018c8 57bf7a91 84cdc7a1 6203f885 e664b0d2 be90524d 5590c0b5 da216f14 0b7be036 af4a0742 ca6975f4 cf51ec10 6acf175c
[2026-09-03 19:02:42] *** VERIFIED 19-ROUND PREIMAGE  a0=0x000f1e89  W = 0406963c e676f101 d6cce664 b8b24490 9b1df165 c022806e 66cedebb 903e8c2e a37aa7a9 5fd67ecd c7cf2971 655899d7 af4a0742 ca6975f4 cf51ec10 6acf175c
[2026-09-03 19:02:42] *** VERIFIED 19-ROUND PREIMAGE  a0=0x000f9bba  W = 0407136d 346a37ea 002518ef 2e8b2bee bfc1c149 8f9aa656 ce2ebeac a8c8d7e1 8340487f a3f92c73 cc89ea16 cfcb70fb af4a0742 ca6975f4 cf51ec10 6acf175c
[2026-09-03 19:02:42] *** VERIFIED 19-ROUND PREIMAGE  a0=0x000fe819  W = 04075fcc 8141ae02 b3fb4ac5 5f889ce4 f7d4c773 3fe31c9e a796aef4 ba4ad6ab db084c71 846de8d0 c847a9f0 4af62266 af4a0742 ca6975f4 cf51ec10 6acf175c
[2026-09-03 19:02:42] *** VERIFIED 19-ROUND PREIMAGE  a0=0x00006723  W = 03f7ded6 99b682f0 a88f10e9 ec7bebea b409ddeb 87cb458e cbaed89b 5f0589db 2ce41d35 b06de55c fd023216 082c3fd5 af4a0742 ca6975f4 cf51ec10 6acf175c
[2026-09-03 19:02:42] *** VERIFIED 19-ROUND PREIMAGE  a0=0x00009aaf  W = 03f81262 0bf96533 2b6d6e2d 6ec32f89 fbc304a8 5e031408 2a7d64be 15f84bf6 e736a851 c5033074 8889a830 e3135c27 af4a0742 ca6975f4 cf51ec10 6acf175c
[2026-09-03 19:02:42] *** VERIFIED 19-ROUND PREIMAGE  a0=0x00017787  W = 03f8ef3a 2dd1bb4a 62ba8327 e1146e84 044781b7 19fa370a 7b046667 bc5cb50d 9d45dfb7 03f350c3 8905920f 726c6203 af4a0742 ca6975f4 cf51ec10 6acf175c
[2026-09-03 19:02:42] *** VERIFIED 19-ROUND PREIMAGE  a0=0x0004330d  W = 03fbaac0 251bcdca 29abf529 e8e2ca18 7d54be16 f0e9cd26 b8c45698 257dcb0c 47be9621 9f87ed44 c9eb1a36 1b70e65a af4a0742 ca6975f4 cf51ec10 6acf175c
[2026-09-03 19:02:42] *** VERIFIED 19-ROUND PREIMAGE  a0=0x000686ed  W = 03fdfea0 1568946b 5dd3c325 3327b839 b89423d3 741cfa9e f5cebd5d 7d44ab53 60712cfc 118459c9 d2022e24 eb87ca8f af4a0742 ca6975f4 cf51ec10 6acf175c
[2026-09-03 19:02:42] *** VERIFIED 19-ROUND PREIMAGE  a0=0x0006db41  W = 03fe52f4 31ee2571 5f4bdf4d ed9ee568 eec2559a ae7e81b3 3586bafd 0e8b74f5 8d6ce689 961eb7d5 00c06a2f 0ee9c925 af4a0742 ca6975f4 cf51ec10 6acf175c
[2026-09-03 19:02:42] *** VERIFIED 19-ROUND PREIMAGE  a0=0x00074975  W = 03fec128 593c7eed cf911e65 bf0a0880 ff99268e f9ff3a41 538d6746 c221bb05 107af7fd 34f1fcd1 aa025a24 7f17e94a af4a0742 ca6975f4 cf51ec10 6acf175c
[2026-09-03 19:02:42] *** VERIFIED 19-ROUND PREIMAGE  a0=0x0008db78  W = 0400532b 16d99ea6 3dbb4502 d62dae35 62a92c17 cb8d018b 8464ce52 d608d6f1 66758f45 d9c006de afcd1b3b 8ac8a25f af4a0742 ca6975f4 cf51ec10 6acf175c
[2026-09-03 19:02:42] *** VERIFIED 19-ROUND PREIMAGE  a0=0x0009e149  W = 040158fc 04d99534 d6ab2126 2bc277b2 3c397747 4ed19313 e7c8448c cf95bda1 4802eb5b f53e85b2 f5282e25 0ffa2063 af4a0742 ca6975f4 cf51ec10 6acf175c
[2026-09-03 19:02:42] *** VERIFIED 19-ROUND PREIMAGE  a0=0x000a3cdf  W = 0401b492 4295484a 35d58d57 76a6c939 ae5ff0b5 6d9eaac7 ab43658c 3c0a1f7e 55ffbde8 3458979a 8b192b16 df1b2bff af4a0742 ca6975f4 cf51ec10 6acf175c
[2026-09-03 19:02:42] *** VERIFIED 19-ROUND PREIMAGE  a0=0x000b07ff  W = 04027fb2 5e841568 efb38b4a ae5510b3 bd2b1d92 fb6a4237 1cbb233d 4e089425 493187d9 24e54290 cfb3882a bcfa1386 af4a0742 ca6975f4 cf51ec10 6acf175c
[2026-09-03 19:02:42] *** VERIFIED 19-ROUND PREIMAGE  a0=0x000cca58  W = 0404420b 6517cae2 d09310c8 ce1ff213 e1bf79a0 056ae53f 565d57ff de8bc837 8ad08839 c84acdd1 e49a1027 4ffa3f89 af4a0742 ca6975f4 cf51ec10 6acf175c
[2026-09-03 19:02:42] *** VERIFIED 19-ROUND PREIMAGE  a0=0x000cd097  W = 0404484a 048263d6 526882f0 ea8219e3 afb5863d 99467f1c 684e0727 99a7979b 43844b02 ceae4d81 ca5b118e 340241d3 af4a0742 ca6975f4 cf51ec10 6acf175c
[2026-09-03 19:02:42] *** VERIFIED 19-ROUND PREIMAGE  a0=0x000e8ff7  W = 040607aa 0e6a94bd f400a3dd 202283e6 9f2c3b6d 2138a0fc afa42765 779bbc8d 17a4d7bf 241a939a fd294e2c 86aa4122 af4a0742 ca6975f4 cf51ec10 6acf175c
[2026-09-03 19:02:42] *** VERIFIED 19-ROUND PREIMAGE  a0=0x000efa0e  W = 040671c1 14c724ec 8a65c4c5 a621bbc9 da0e3969 ab8b4b3b f1803dcc 0e813aa4 98c079e9 ef8e7dc2 990314b1 6f88a027 af4a0742 ca6975f4 cf51ec10 6acf175c
[2026-09-03 19:02:42] *** VERIFIED 19-ROUND PREIMAGE  a0=0x000fbfdc  W = 0407378f 138fdc8e 462c5544 61151bcd f9c322ba 3c13c691 af3fefe1 1f4dc339 7b2a17dc 19a2c70e f08aab0e cd285c23 af4a0742 ca6975f4 cf51ec10 6acf175c
[2026-09-03 19:02:42] *** VERIFIED 19-ROUND PREIMAGE  a0=0x00003519  W = 03f7accc b388c47a b11bbd43 80a7711c 07482ba5 44146dec 7f0da6fc c1a91726 f5536ecf 311f0cb7 6798da17 3cfa4447 af4a0742 ca6975f4 cf51ec10 6acf175c
[2026-09-03 19:02:42] *** VERIFIED 19-ROUND PREIMAGE  a0=0x00022434  W = 03f99be7 3ddb0cf4 4f7c58c8 92fcef2e 9fa49ca9 1f16878a dfe95b89 dfbd7279 2abeccdb d627ea90 cc14ddba 1f3a6926 af4a0742 ca6975f4 cf51ec10 6acf175c
[2026-09-03 19:02:42] *** VERIFIED 19-ROUND PREIMAGE  a0=0x0003b28d  W = 03fb2a40 febf535a ad1c8e7d 8b86e3d7 d0d1f863 013ef727 f6068dc3 840a661f 03d42a0d 842809c6 cd0d3437 2fb9c099 af4a0742 ca6975f4 cf51ec10 6acf175c
[2026-09-03 19:02:42] *** VERIFIED 19-ROUND PREIMAGE  a0=0x0004b85b  W = 03fc300e 413b45d6 899ef801 3a2f55db 2de54b9d d4b89e15 a1333bfb bff4fa29 e58fd9ea 8d52a0db abd784b8 f5820fd6 af4a0742 ca6975f4 cf51ec10 6acf175c
[2026-09-03 19:02:42] *** VERIFIED 19-ROUND PREIMAGE  a0=0x0007804b  W = 03fef7fe 461ef4d8 5acc9fab 725dd1c2 12d01cbe fe9e5b34 3cd85e6d c9b998b6 4a3b5a2b fda67475 d90d79d4 89bc45bb af4a0742 ca6975f4 cf51ec10 6acf175c
[2026-09-03 19:02:42] *** VERIFIED 19-ROUND PREIMAGE  a0=0x0008a8e1  W = 04002094 c9a6dd2d 309c5bcd e7e92afa 564edca7 5510357f cd3bdedc 6819ec1f dbdad967 0d325a5e 450a6e0f 0f3fd7b5 af4a0742 ca6975f4 cf51ec10 6acf175c
[2026-09-03 19:02:42] *** VERIFIED 19-ROUND PREIMAGE  a0=0x0009d89d  W = 04015050 d797ea3c 012a075f c31983d5 070d1438 9ec9e6b7 7245f5f5 6ab55c0f a406b470 694b27a2 81aa8c3a 0f2e0758 af4a0742 ca6975f4 cf51ec10 6acf175c
[2026-09-03 19:02:42] *** VERIFIED 19-ROUND PREIMAGE  a0=0x0009dea9  W = 0401565c c60b98fc 00e7f403 73a76482 5ca303ed 1c4c528e bf29a600 a2416f0a bf015fb7 fbabb360 d809c0d8 0ecd4fbf af4a0742 ca6975f4 cf51ec10 6acf175c
[2026-09-03 19:02:42] *** VERIFIED 19-ROUND PREIMAGE  a0=0x000a066d  W = 04017e20 6fe92b14 8d44eb55 a75b600b da1b8a12 b564e2e8 954f66f9 c6999353 21f9d251 9335f47a a8e2a824 7a7c6406 af4a0742 ca6975f4 cf51ec10 6acf175c
[2026-09-03 19:02:42] *** VERIFIED 19-ROUND PREIMAGE  a0=0x000a900e  W = 040207c1 d3fbf31a 0ee6ffa1 4e7d51b0 70bb6f43 252c7f65 d7939a28 81bacd18 0c42e436 2fff1a2c c90e0659 97423fc7 af4a0742 ca6975f4 cf51ec10 6acf175c
[2026-09-03 19:02:42] *** VERIFIED 19-ROUND PREIMAGE  a0=0x000c1e25  W = 040395d8 e48554ae 54fdde56 c45f5f66 440101e1 9f540d70 50378342 c028451f aab9ff2a eea9b073 e30a212e 8b8fbfd7 af4a0742 ca6975f4 cf51ec10 6acf175c
[2026-09-03 19:02:42] *** VERIFIED 19-ROUND PREIMAGE  a0=0x00001369  W = 03f78b1c 040dbeb8 a2db0617 ab9d15c4 c859aa70 e546c2a0 932f753a 685913a7 a04fe0ce e40026a3 9a8a4df5 6737c9e7 af4a0742 ca6975f4 cf51ec10 6acf175c
[2026-09-03 19:02:42] *** VERIFIED 19-ROUND PREIMAGE  a0=0x0000c684  W = 03f83e37 bf9f7a45 d1998f9a e96705af 6c8afd87 b4dfb618 091d3e9f ef3cbb18 cd37a830 c10962d6 8d1d1a56 8e391df1 af4a0742 ca6975f4 cf51ec10 6acf175c
[2026-09-03 19:02:42] *** VERIFIED 19-ROUND PREIMAGE  a0=0x00020490  W = 03f97c43 087871c8 74182663 eedb6e14 f56030bd ba809d70 90ad1350 a0c2a23f 2fb891d4 75b7e661 cec6efd7 7fcc7b67 af4a0742 ca6975f4 cf51ec10 6acf175c
[2026-09-03 19:02:42] *** VERIFIED 19-ROUND PREIMAGE  a0=0x00078560  W = 03fefd13 059f43be 4e0bcc98 0edb4a81 60295261 716ebfd6 e3842cc0 4a24a4d3 a62885f1 56c90abe c91889df c3f61967 af4a0742 ca6975f4 cf51ec10 6acf175c
[2026-09-03 19:02:42] *** VERIFIED 19-ROUND PREIMAGE  a0=0x000ad51b  W = 04024cce 4e703887 a92a67e9 8e653552 9da791ad 391844bc caec3f1a ff0c9a85 77437cca f9a9dd9d eb35a026 40b94b30 af4a0742 ca6975f4 cf51ec10 6acf175c
[2026-09-03 19:02:42] *** VERIFIED 19-ROUND PREIMAGE  a0=0x0003c389  W = 03fb3b3c d74207b1 e11f6d99 19f6f14e 9919bb2f 821d5cb2 366e83ae 878f2aa5 7cb5c3df 0a797303 cd699845 deea5f23 af4a0742 ca6975f4 cf51ec10 6acf175c
[2026-09-03 19:02:42] *** VERIFIED 19-ROUND PREIMAGE  a0=0x00072442  W = 03fe9bf5 813b8156 b52ea5de 6f95e135 8c636dad d9b8844e 41e255e7 3abe3e5d 2b229390 a5b01c0d 153fa514 0ed91093 af4a0742 ca6975f4 cf51ec10 6acf175c
[2026-09-03 19:02:42] *** VERIFIED 19-ROUND PREIMAGE  a0=0x00080a11  W = 03ff81c4 f1dca179 c7fefdb5 19332ef3 a2922d99 85fa42c2 2ac23887 c8b0b3f8 f2413272 3d998c8a db3955fa ecc0beee af4a0742 ca6975f4 cf51ec10 6acf175c
[2026-09-03 19:02:42] *** VERIFIED 19-ROUND PREIMAGE  a0=0x0008ae1e  W = 040025d1 ec4a8316 40f72202 0868a647 7a17ee07 3cb92d9d a4e800e6 912bc2ff 00dbbc26 728abb21 e8c92dd6 fbe558d2 af4a0742 ca6975f4 cf51ec10 6acf175c
[2026-09-03 19:02:42] *** VERIFIED 19-ROUND PREIMAGE  a0=0x00099c2a  W = 040113dd 898d8212 86acc28e d6d358f8 69edfa6d d5298b12 392d9144 566d5539 3a053428 ae784266 d22a6894 1f71c7ca af4a0742 ca6975f4 cf51ec10 6acf175c
[2026-09-03 19:02:42] *** VERIFIED 19-ROUND PREIMAGE  a0=0x000a1350  W = 04018b03 88ce681d 54b1f01f 6fdad763 47c830e6 bcd16ef6 5582fe75 d14f823d 07d49e20 530ea085 c82c5a39 0fba5d9f af4a0742 ca6975f4 cf51ec10 6acf175c
[2026-09-03 19:02:42] *** VERIFIED 19-ROUND PREIMAGE  a0=0x000ae97f  W = 04026132 8a16898a febd11bf 86fe6811 dcff988a 5f8bc369 d0597c4e d08c37c4 4204567c 5ce89f8f ead799e0 3ad52046 af4a0742 ca6975f4 cf51ec10 6acf175c
[2026-09-03 19:02:42] *** VERIFIED 19-ROUND PREIMAGE  a0=0x000b3611  W = 0402adc4 e644f5e2 228758e0 9bb464ac 2a8aa008 d4e6df21 4f567ff4 fe9c50e3 e9536e9e 1ea002de a0c06837 6d7666e1 af4a0742 ca6975f4 cf51ec10 6acf175c
[2026-09-03 19:02:42] *** VERIFIED 19-ROUND PREIMAGE  a0=0x000cbf3f  W = 040436f2 4d81616e c008ca24 1383fcd0 6824e149 12394654 23a5ff71 b333a525 c2a579cc 75aa6ae7 e8a9b0e5 c5fc3bcb af4a0742 ca6975f4 cf51ec10 6acf175c
[2026-09-03 19:02:42] *** VERIFIED 19-ROUND PREIMAGE  a0=0x0001c7a3  W = 03f93f56 2c1bbf7c 4b28286c 3f60be51 53ea48b9 9f7b06fe 0d364e77 cc9b8f07 5941eaf1 f121d47b 912f4412 0e39c098 af4a0742 ca6975f4 cf51ec10 6acf175c
[2026-09-03 19:02:42] *** VERIFIED 19-ROUND PREIMAGE  a0=0x000510dc  W = 03fc888f 3011ede7 8d3ef458 34f14f1e 9ea8bc6d 417ddd40 b887b59f 21db5773 a5b173bf 50070476 4b75dd12 ecf947d9 af4a0742 ca6975f4 cf51ec10 6acf175c
[2026-09-03 19:02:42] *** VERIFIED 19-ROUND PREIMAGE  a0=0x0009763f  W = 0400edf2 307aad3d e292a8e7 36f4ea5a f9c10f83 14bbefbe 36c80f89 a8318d30 8569d02f 2bfd8493 ef0a14ff 78afe069 af4a0742 ca6975f4 cf51ec10 6acf175c
[2026-09-03 19:02:42] *** VERIFIED 19-ROUND PREIMAGE  a0=0x000a4b87  W = 0401c33a 29ce4d96 c59faaab 96434ea1 6c545824 938525c1 19e714e2 af736c30 97a8c74c 490dbcd4 c9d2c228 9b7c4cee af4a0742 ca6975f4 cf51ec10 6acf175c
[2026-09-03 19:02:42] *** VERIFIED 19-ROUND PREIMAGE  a0=0x000d8dda  W = 0405058d 71556b81 593d0986 3030d504 94ffe8f8 a8704858 2c3adc1e 7f4d578e 36719c99 acf1fde9 e1e99238 4f0401e6 af4a0742 ca6975f4 cf51ec10 6acf175c
[2026-09-03 19:02:42] *** VERIFIED 19-ROUND PREIMAGE  a0=0x000e7658  W = 0405ee0b 12fa0d08 ffc6b4b5 0c7055ff 3a645079 09f45760 c7f81149 9b4c4eec 6802bf46 71e0c058 ad0f1a0f f8b8a4b5 af4a0742 ca6975f4 cf51ec10 6acf175c
[2026-09-03 19:02:42] *** VERIFIED 19-ROUND PREIMAGE  a0=0x00080112  W = 03ff78c5 75835583 21f5b828 4b46bc2a 0cf70763 0aaf5e83 31516935 9b5caf07 56a7fb0b 25e43528 e938a19a ce7e021e af4a0742 ca6975f4 cf51ec10 6acf175c
[2026-09-03 19:02:42] *** VERIFIED 19-ROUND PREIMAGE  a0=0x00099bc0  W = 04011373 a62dbb63 14d00f13 c4d4d355 1c25f52a 568c8857 cbd15a3c 22f578d2 6653e92c 45cd4664 cb8e2afa 46d23066 af4a0742 ca6975f4 cf51ec10 6acf175c
[2026-09-03 19:02:42] *** VERIFIED 19-ROUND PREIMAGE  a0=0x00099f37  W = 040116ea 621177a3 5c7879cd 4cf2e224 c7e8e634 1e4191cb 9c37c37a 4a591f76 a88856a4 ebaf73df a7dd2aae 8d615de9 af4a0742 ca6975f4 cf51ec10 6acf175c
[2026-09-03 19:02:42] *** VERIFIED 19-ROUND PREIMAGE  a0=0x000a5ba0  W = 0401d353 c1d79f87 1b317a09 8ae52dc6 32c534b4 8f7f2fc6 efae3e58 2775bae3 639b5e5b 12c4df5b 8789a025 f0fe3b0f af4a0742 ca6975f4 cf51ec10 6acf175c
[2026-09-03 19:02:42] *** VERIFIED 19-ROUND PREIMAGE  a0=0x000b58b4  W = 0402d067 90f05be6 58df62ce 006ea610 344768e4 a090885c af3b7839 10e4c379 52fb421d 39563f0a b9292a94 0100160f af4a0742 ca6975f4 cf51ec10 6acf175c
[2026-09-03 19:02:42] *** VERIFIED 19-ROUND PREIMAGE  a0=0x000902a6  W = 04007a59 660419a8 ddaee8a5 1460bffc 6582c3b3 c8477740 9ff0bd9b 57ca399c e195e5b5 a8b85288 490739cf 305dc635 af4a0742 ca6975f4 cf51ec10 6acf175c
[2026-09-03 19:02:42] ctx 0: 1,048,576 a0 in 5.3s | cumulative a0 1.049e+06 sol 7.613e+05 sub 84 c3 0 ver 84 | 1.96e+05 a0/s | 12,483 a0 per preimage
[2026-09-03 19:02:47] *** VERIFIED 19-ROUND PREIMAGE  a0=0x0000f1e6  W = 03f86999 798a18c0 ab938bc6 8a57588a 1b985aa8 abed8d65 ce1f1f7e 9846cd92 267239d4 471526c8 d38ddbab ed30c24c 08e056d6 e189f7af c56412be b646db08
[2026-09-03 19:02:47] *** VERIFIED 19-ROUND PREIMAGE  a0=0x00021efe  W = 03f996b1 af5d9d6f 8d6d3651 afafaf24 4e7c5177 4572ccd1 68998446 f4e9d871 65ba25c7 a3175fbb 196c338a 26707da5 08e056d6 e189f7af c56412be b646db08
[2026-09-03 19:02:47] *** VERIFIED 19-ROUND PREIMAGE  a0=0x00032566  W = 03fa9d19 a04e5cdc de84d350 4d583de1 a69d02e9 b5bfb67b e793a1e5 4eda3f3e 81021cb4 1686bd62 98e4efad c8727d66 08e056d6 e189f7af c56412be b646db08
[2026-09-03 19:02:47] *** VERIFIED 19-ROUND PREIMAGE  a0=0x0005df20  W = 03fd56d3 ee99f6c8 4d157fd0 c70c8d92 154449d3 1c39b60e a6354b20 479affdb a0d5a39c 5f464c47 e28663ee 00207c0d 08e056d6 e189f7af c56412be b646db08
[2026-09-03 19:02:47] *** VERIFIED 19-ROUND PREIMAGE  a0=0x00064486  W = 03fdbc39 f0ac3076 b2f7fd35 ea1102c6 35972ecf e05b51db 3e4c6cd8 5c99811a 46804b06 5118bb2e 54ca439f e8217f39 08e056d6 e189f7af c56412be b646db08
[2026-09-03 19:02:47] *** VERIFIED 19-ROUND PREIMAGE  a0=0x0006455c  W = 03fdbd0f 88d7bebb 7da86177 c6216b68 d22af829 fcc9563b 7d4c3409 432e839f c70e363e c75c61fe 4601aeb5 5a06759d 08e056d6 e189f7af c56412be b646db08
[2026-09-03 19:02:47] *** VERIFIED 19-ROUND PREIMAGE  a0=0x00066cd8  W = 03fde48b 805890cf 485630d0 33d8437a 8cc94532 7a9904c7 909be659 55955a10 5126e034 a5c9b1f3 21e5e7b9 4028d058 08e056d6 e189f7af c56412be b646db08
[2026-09-03 19:02:47] *** VERIFIED 19-ROUND PREIMAGE  a0=0x00070a9b  W = 03fe824e ccbfb57d bf72ef99 4e12fbca b5d132cb 2aadf06c ad64d1c7 21d26558 8468b6a8 41af5c74 5bb66389 88215ca4 08e056d6 e189f7af c56412be b646db08
[2026-09-03 19:02:47] *** VERIFIED 19-ROUND PREIMAGE  a0=0x0007c9f4  W = 03ff41a7 5de63a38 e0516edd 0e579550 fa5f3e06 149982b6 5d7da7d5 96ff3385 62953b35 5b777bbb 6d88bfac 466d6855 08e056d6 e189f7af c56412be b646db08
[2026-09-03 19:02:47] *** VERIFIED 19-ROUND PREIMAGE  a0=0x000805b6  W = 03ff7d69 064c60a1 824d774e 4ae86558 73b21a56 86a984c7 be00529b 8b051e21 0e556d9c f61306fd f101fbc1 4854ef1e 08e056d6 e189f7af c56412be b646db08
[2026-09-03 19:02:47] *** VERIFIED 19-ROUND PREIMAGE  a0=0x00086b59  W = 03ffe30c b9d78616 c3c2062a 601bf856 b25c32d6 eea63a0f a8867046 c2183121 867fd61f 753304e5 419ff6a7 48a85e21 08e056d6 e189f7af c56412be b646db08
[2026-09-03 19:02:47] *** VERIFIED 19-ROUND PREIMAGE  a0=0x00087968  W = 03fff11b d008ba11 9cdd237e 935f801a 0a370468 dce916df 7478c2a2 77163407 78504ddd 39da765d 51667dc7 071825f5 08e056d6 e189f7af c56412be b646db08
[2026-09-03 19:02:47] *** VERIFIED 19-ROUND PREIMAGE  a0=0x0008a516  W = 04001cc9 a39190dc ec555205 747c0726 75b28434 c8e1a8b5 e30c8093 3b54f043 8438a0c7 87fd8305 e187e429 3b3cfd4d 08e056d6 e189f7af c56412be b646db08
[2026-09-03 19:02:47] *** VERIFIED 19-ROUND PREIMAGE  a0=0x0008d4a7  W = 04004c5a 2c052dbc 8a694b28 90c2a21c 1e6d4ca9 caebfdc4 38b81d2e 06cf3fc6 7c6aeb8b 1a47e865 8953e9d1 5d18f4e8 08e056d6 e189f7af c56412be b646db08
[2026-09-03 19:02:47] *** VERIFIED 19-ROUND PREIMAGE  a0=0x0009b924  W = 040130d7 23e2efe2 cb25ebe8 eb1a0806 a171bc9c 0a7a3d16 0f379c96 4f70afeb b7cd14ac d53b97fa f2013cb1 0d667989 08e056d6 e189f7af c56412be b646db08
[2026-09-03 19:02:47] *** VERIFIED 19-ROUND PREIMAGE  a0=0x0009f8a7  W = 0401705a eb6035a0 868d2271 4173e0bf 61b9940b 1d44e9ff 868e0aac e801f609 d6cd06bb ff2b6d4b 214bdbad 5630c74c 08e056d6 e189f7af c56412be b646db08
[2026-09-03 19:02:47] *** VERIFIED 19-ROUND PREIMAGE  a0=0x000a0159  W = 0401790c 6117469a 57159abc 5cee10a3 260c152d 3208d8c1 ff43ba17 823f7dce d67676f9 67b80285 51f21cb5 4b1ed17d 08e056d6 e189f7af c56412be b646db08
[2026-09-03 19:02:47] *** VERIFIED 19-ROUND PREIMAGE  a0=0x000a744b  W = 0401ebfe c94e7c23 b8a85ffe cb8e5bf6 b461ec5d 2a2f2e94 16d826eb 22785bc2 c613b71c 8f4a4c7f 01027f69 507d701f 08e056d6 e189f7af c56412be b646db08
[2026-09-03 19:02:47] *** VERIFIED 19-ROUND PREIMAGE  a0=0x000a7eac  W = 0401f65f bb0f5aca bcaef8c6 701ee619 32cc2fac 48e35e50 10612ce2 0b51daad 271263cf fc58881e e800686a 292c7f79 08e056d6 e189f7af c56412be b646db08
[2026-09-03 19:02:47] *** VERIFIED 19-ROUND PREIMAGE  a0=0x000bf695  W = 04036e48 777f3f2f eb62421c 6442978b cb4db5b2 3d4f4c29 40bc4a21 353a725d e983cb60 b131a720 9c2ffba8 c03ce45d 08e056d6 e189f7af c56412be b646db08
[2026-09-03 19:02:47] *** VERIFIED 19-ROUND PREIMAGE  a0=0x000c3e86  W = 0403b639 9c621bfc 6ab4de0c f404b148 757743ec f7414131 8576e3eb 786d6892 61f1a15a e4b08323 0989ec2a 5d51b4f1 08e056d6 e189f7af c56412be b646db08
[2026-09-03 19:02:47] *** VERIFIED 19-ROUND PREIMAGE  a0=0x000c6db5  W = 0403e568 cdd724b1 d7792002 f9fbe5a8 0252069e 2c7e360b fb754a54 5397cd57 133b891f 9deeba9a a2d468a7 dc216045 08e056d6 e189f7af c56412be b646db08
[2026-09-03 19:02:47] *** VERIFIED 19-ROUND PREIMAGE  a0=0x000d49b0  W = 0404c163 a62900ee 98e14fff c92ea5db 12215360 cd53e57c 69ab853d 89990df1 fb01bbf3 c7483cb3 61f1e2b0 ca9e698d 08e056d6 e189f7af c56412be b646db08
[2026-09-03 19:02:47] *** VERIFIED 19-ROUND PREIMAGE  a0=0x000e4c11  W = 0405c3c4 72ea874c 713b2b66 24040c6e 6e1c119b 247a0271 56f4ea3a 6a161903 9bc0b590 198e7c8b 4ce5da36 1e33094d 08e056d6 e189f7af c56412be b646db08
[2026-09-03 19:02:47] *** VERIFIED 19-ROUND PREIMAGE  a0=0x000eb168  W = 0406291b 74276aa9 d6c2a1aa 884f4f0b bb690e80 326f4b65 c5f95df6 061ff744 ab1ace71 ca32b208 6ca62187 bea2fe31 08e056d6 e189f7af c56412be b646db08
[2026-09-03 19:02:47] *** VERIFIED 19-ROUND PREIMAGE  a0=0x0001bad0  W = 03f93283 1fe15475 e43df693 523c1c04 29a1072b 5e774638 4c082254 e3f04b9e d72e067c 9427f74b 61206051 81204f7d 08e056d6 e189f7af c56412be b646db08
[2026-09-03 19:02:47] *** VERIFIED 19-ROUND PREIMAGE  a0=0x00026221  W = 03f9d9d4 3a1f0942 d28e3615 67bb16a8 67d0c28b 289827d9 f50c4cba f41d2a67 6709e018 0f9eae1b d15c39a7 ff20f21c 08e056d6 e189f7af c56412be b646db08
[2026-09-03 19:02:47] *** VERIFIED 19-ROUND PREIMAGE  a0=0x00035538  W = 03facceb 6580fa0c 90c2d9d0 be7b53bf d55e3546 e5b7fa91 5646cc46 5e12373f 2943d946 260d04ec 5d1dfc31 1e21e829 08e056d6 e189f7af c56412be b646db08
[2026-09-03 19:02:47] *** VERIFIED 19-ROUND PREIMAGE  a0=0x000362c7  W = 03fada7a 9911d77c 753eee75 82a8f690 c4bb17a4 ad7010d1 9e74ce3f e4890cc8 f5f892e8 b135c02d cf0a1c1d e90dd73d 08e056d6 e189f7af c56412be b646db08
[2026-09-03 19:02:47] *** VERIFIED 19-ROUND PREIMAGE  a0=0x0003de10  W = 03fb55c3 1a09b370 f3686dc6 2d14db39 b1f9129a e28957f0 2df7fcf5 23a860f3 7bdf65a9 c15b605f 24e8dbcd 36a1cded 08e056d6 e189f7af c56412be b646db08
[2026-09-03 19:02:47] *** VERIFIED 19-ROUND PREIMAGE  a0=0x00049ab0  W = 03fc1263 ca938b0f 89b8d54f cec8b6d0 5bda755c beda8925 df1947b5 7e2b09fe 5474c405 6cff2276 41e1dc7a 4b97abf3 08e056d6 e189f7af c56412be b646db08
[2026-09-03 19:02:47] *** VERIFIED 19-ROUND PREIMAGE  a0=0x00067683  W = 03fdee36 2d21e526 d88b7966 cfdee6f4 15200d9f 40e99f0e 0b2fe9f2 28001213 421c2691 2049f750 91d13bd4 48dc68fd 08e056d6 e189f7af c56412be b646db08
[2026-09-03 19:02:47] *** VERIFIED 19-ROUND PREIMAGE  a0=0x000a467c  W = 0401be2f 725f7a48 c55fb82c 8c1f144c 7ee19918 1f64f03e 07aa55f0 95f94a0b 21d0906d 10c0ce53 a662fd8c 58587d75 08e056d6 e189f7af c56412be b646db08
[2026-09-03 19:02:47] *** VERIFIED 19-ROUND PREIMAGE  a0=0x000a53d0  W = 0401cb83 0762d5ed d6bf970e 2f58d15a f8ac189e f3174f10 9ccf0ac0 d441af3c b47112c2 e1642f5b ddd0e2a9 0e9e7dda 08e056d6 e189f7af c56412be b646db08
[2026-09-03 19:02:47] *** VERIFIED 19-ROUND PREIMAGE  a0=0x000f9b93  W = 04071346 ce907ef2 7d51f0f2 7c794208 50a51cbb 75c32b8c 8bb9f3a9 94a2b4c6 fbca6e52 6d0529df 61f06f59 9df97e7a 08e056d6 e189f7af c56412be b646db08
[2026-09-03 19:02:47] *** VERIFIED 19-ROUND PREIMAGE  a0=0x0001c171  W = 03f93924 f7357cc0 07c2936a acff70f6 8f71fd5f d96d1cbf 94b41ec6 b33a1fca 764b8769 90cda7dc 608a1d7b 3e82e61d 08e056d6 e189f7af c56412be b646db08
[2026-09-03 19:02:47] *** VERIFIED 19-ROUND PREIMAGE  a0=0x0001ffd8  W = 03f9778b d0043d61 384b01aa 93bcf43a 61a1a109 92906a37 c378903f a84e54c0 3e43b757 7a0d664a 64d53b71 d897f01d 08e056d6 e189f7af c56412be b646db08
[2026-09-03 19:02:47] *** VERIFIED 19-ROUND PREIMAGE  a0=0x0002b807  W = 03fa2fba 79710a8d 658674b0 1da0245b 40acc28a 3ef6f8b0 cfebda0a bf4999ba c3663006 f9860cda 5d240b4b 49213cec 08e056d6 e189f7af c56412be b646db08
[2026-09-03 19:02:47] *** VERIFIED 19-ROUND PREIMAGE  a0=0x0005398b  W = 03fcb13e a2bf7b8d 29fa602f 300fa677 88b75adc 3769272a 7f8ed964 e17ed292 78aafe53 7f112f45 61c602ae 3f4aad97 08e056d6 e189f7af c56412be b646db08
[2026-09-03 19:02:47] *** VERIFIED 19-ROUND PREIMAGE  a0=0x0005d125  W = 03fd48d8 f55d9a26 8596245b fee9a2a5 b3b66164 fba20e22 5feb61bd fedbef15 b08481f4 1b39dbad a3e04d2a a9217841 08e056d6 e189f7af c56412be b646db08
[2026-09-03 19:02:47] *** VERIFIED 19-ROUND PREIMAGE  a0=0x0005d381  W = 03fd4b34 4ff7e373 98918e37 997779e0 19d6d859 64e8c961 9bd45b96 55121ec2 e7acd342 3944ce23 58461885 c64b7f7e 08e056d6 e189f7af c56412be b646db08
[2026-09-03 19:02:47] *** VERIFIED 19-ROUND PREIMAGE  a0=0x000c6d3f  W = 0403e4f2 0267b91a 1206ee44 d8f71434 90535629 a6068a4e acbeb46d 78e6554c 6659d04d 76ed3bf2 938f6347 a1980c70 08e056d6 e189f7af c56412be b646db08
[2026-09-03 19:02:47] *** VERIFIED 19-ROUND PREIMAGE  a0=0x000dedb8  W = 0405656b 1e7bad56 38caa139 08f29cda 42eb245a aa2982e6 211df5dd 64fcac44 9d7ad3c4 0c546ed3 cc4ab449 203d5f70 08e056d6 e189f7af c56412be b646db08
[2026-09-03 19:02:47] *** VERIFIED 19-ROUND PREIMAGE  a0=0x000f5239  W = 0406c9ec 99032b0a b1536504 c65fa10f dceea29f 5c184b7e 60e22a85 5c9754de 047dcad6 84284a49 68dfdfae cae9154f 08e056d6 e189f7af c56412be b646db08
[2026-09-03 19:02:47] *** VERIFIED 19-ROUND PREIMAGE  a0=0x000fa76f  W = 04071f22 d55f37da 4ca05983 6edb1e09 98b68b35 864c8bbc cc2c679d 2553c715 fae6f227 ee00ccc7 d9202071 461c4d79 08e056d6 e189f7af c56412be b646db08
[2026-09-03 19:02:47] *** VERIFIED 19-ROUND PREIMAGE  a0=0x00095a9a  W = 0400d24d 102828a6 1228de87 99b32c09 8cf12bd2 a50c5265 80c4526d 52d93fd3 a81e9077 0cf23610 7c043969 8e10f10b 08e056d6 e189f7af c56412be b646db08
[2026-09-03 19:02:47] *** VERIFIED 19-ROUND PREIMAGE  a0=0x000ef857  W = 0406700a 44fdd582 40dcc5fc 94e1b958 861ad6f3 7389e916 ba6e0693 ef9b15c2 b2bcac4b d782997e c109ea71 5c809dea 08e056d6 e189f7af c56412be b646db08
[2026-09-03 19:02:47] *** VERIFIED 19-ROUND PREIMAGE  a0=0x000f2fcb  W = 0406a77e 3575a45e 2a86dfaf ec07035a a5e5602f a63ca526 75f3ba21 df258bc4 b05961fd 7d255f90 a5892fad d82c002c 08e056d6 e189f7af c56412be b646db08
[2026-09-03 19:02:47] *** VERIFIED 19-ROUND PREIMAGE  a0=0x00000bba  W = 03f7836d 4c66cfff 913a4c58 199ad39d ec302da7 91c2666a acaee667 5622a783 b8ea756f 0c1c8ec6 4b73079a 4c1fbf3d 08e056d6 e189f7af c56412be b646db08
[2026-09-03 19:02:47] *** VERIFIED 19-ROUND PREIMAGE  a0=0x00012342  W = 03f89af5 81825850 f02a967c 3b88461e 3bf94610 b33ffd4c f346d7ab 00f0d483 5f13db49 29dfcedd 03f05cbd 5095081e 08e056d6 e189f7af c56412be b646db08
[2026-09-03 19:02:47] *** VERIFIED 19-ROUND PREIMAGE  a0=0x0001d9c7  W = 03f9517a 7688f65c 9694b9fd 9c918f5e 1761bbfd 421564bd 3b66396d ebb3fa19 306e871c c55b75ad 89e31eb1 072fc579 08e056d6 e189f7af c56412be b646db08
[2026-09-03 19:02:47] *** VERIFIED 19-ROUND PREIMAGE  a0=0x00033bfa  W = 03fab3ad e0027662 de543842 84677ce5 300f8a71 01b84d32 c38d6eee d05e869f b914d964 0cac33df 5783e1a7 882fbc89 08e056d6 e189f7af c56412be b646db08
[2026-09-03 19:02:47] *** VERIFIED 19-ROUND PREIMAGE  a0=0x0003af33  W = 03fb26e6 f2a2a510 73665ac9 2a4ae28b 6e884620 7ed0f6e9 53ef7c9e 13660b2d e274b74b ba0f8586 cb11f0b1 4c1bd778 08e056d6 e189f7af c56412be b646db08
[2026-09-03 19:02:47] *** VERIFIED 19-ROUND PREIMAGE  a0=0x0004c957  W = 03fc410a 62988b99 bd446538 341024d5 8b1870ff 6a94c6af dc8b32b7 e9d07cbb d9aad1af 34931fe0 e5b83a21 081d6638 08e056d6 e189f7af c56412be b646db08
[2026-09-03 19:02:47] *** VERIFIED 19-ROUND PREIMAGE  a0=0x000579b0  W = 03fcf163 06e08bb6 1f51af95 09cce8e0 3bd85fa8 b9285549 fadf391d 7da87a4a e811522a 02c69670 7eda93c7 50dd7ef4 08e056d6 e189f7af c56412be b646db08
[2026-09-03 19:02:47] *** VERIFIED 19-ROUND PREIMAGE  a0=0x00078899  W = 03ff004c eab8310a 13955f07 149c7103 3317e232 7aa432d1 6e88c6da 48c0f423 0e13dbe9 4c400c73 81a07a31 3eb1625b 08e056d6 e189f7af c56412be b646db08
[2026-09-03 19:02:47] *** VERIFIED 19-ROUND PREIMAGE  a0=0x00091e8a  W = 0400963d 06002bec b3b06399 2bb784bf 14ba750e 18b6735f 82795495 a049c423 d629b313 7ec83ec5 83f5c4b2 1d827c3b 08e056d6 e189f7af c56412be b646db08
[2026-09-03 19:02:47] *** VERIFIED 19-ROUND PREIMAGE  a0=0x000ab156  W = 04022909 7d0b9a1e a1fc27f5 192df79f 31165dd1 b64477d4 5cc722d6 0c5cb540 3d3435ec 7b20b56e 5460420a 8854e9fb 08e056d6 e189f7af c56412be b646db08
[2026-09-03 19:02:47] *** VERIFIED 19-ROUND PREIMAGE  a0=0x000af3b7  W = 04026b6a 6cd77c93 6886f3e5 5b42e624 5b1abff3 89d4bc3a 42b8efb9 e703b7bb c4012e43 5c95d3e4 dfdceaa9 0862718a 08e056d6 e189f7af c56412be b646db08
[2026-09-03 19:02:47] *** VERIFIED 19-ROUND PREIMAGE  a0=0x000ba7ea  W = 04031f9d cab9b063 babb47da 44c11dcc 7b7a92fc 99337691 612074dd 39615081 43a70277 9e22024d 895e8fb9 d9233cbb 08e056d6 e189f7af c56412be b646db08
[2026-09-03 19:02:47] *** VERIFIED 19-ROUND PREIMAGE  a0=0x000c2bc0  W = 0403a373 56ecea00 abc26a43 5e79405c dafc11a6 a1a3c4ce b740b35a 92880dfc 8568a2e6 200be50a 6840e38a dc19fdef 08e056d6 e189f7af c56412be b646db08
[2026-09-03 19:02:47] *** VERIFIED 19-ROUND PREIMAGE  a0=0x0002b9f6  W = 03fa31a9 1cf2641c a1e21c5c 74643c97 01b4250f 5212f7ba 91386ee8 1603f3cd ce68ff66 ae64f88c 8091dd0f 9a1d85f9 08e056d6 e189f7af c56412be b646db08
[2026-09-03 19:02:47] *** VERIFIED 19-ROUND PREIMAGE  a0=0x000e9677  W = 04060e2a 80b30ba1 560c0d69 11232f8f 821de59d db3c9cc9 12b55711 f76d3ee9 3cf408f8 befa6433 6c021921 3d4f3ff8 08e056d6 e189f7af c56412be b646db08
[2026-09-03 19:02:47] *** VERIFIED 19-ROUND PREIMAGE  a0=0x000fafa0  W = 04072753 4d0afd96 c63df3f1 0a7b022f eb193e5e f0b5eece 4a98c7f5 97422240 cce3c5f0 b699d94e f32a3f4a 0532ec77 08e056d6 e189f7af c56412be b646db08
[2026-09-03 19:02:47] *** VERIFIED 19-ROUND PREIMAGE  a0=0x00000834  W = 03f77fe7 c53f0cb8 45af6367 389f5ac9 fd352397 26248fbd c7e5a2cb d06cb540 adecbdd9 a704ab04 e3c6807d e1c13615 08e056d6 e189f7af c56412be b646db08
[2026-09-03 19:02:47] *** VERIFIED 19-ROUND PREIMAGE  a0=0x00000af8  W = 03f782ab b94056a4 4e1e98f5 031bde1b 885f8a19 923dfa8e 77eb2968 92e85f20 db573c78 0514b2d8 c949dcaa 5b3f0f99 08e056d6 e189f7af c56412be b646db08
[2026-09-03 19:02:47] *** VERIFIED 19-ROUND PREIMAGE  a0=0x00015a1d  W = 03f8d1d0 58b5a577 0da42e6a 3eb1a2eb 4d55a178 f52fe36e b19ddabc 0d87a5b3 85be811d c40cfe13 9101fc87 a48b6e29 08e056d6 e189f7af c56412be b646db08
[2026-09-03 19:02:47] *** VERIFIED 19-ROUND PREIMAGE  a0=0x00033264  W = 03faaa17 5f4dc379 5692c72e a9a8a99a 96b67d47 e6c8bcac 1d81f045 63d34653 c1b5a3a5 c77bbb5b 80ea44ae 0aad800f 08e056d6 e189f7af c56412be b646db08
[2026-09-03 19:02:47] *** VERIFIED 19-ROUND PREIMAGE  a0=0x0004427f  W = 03fbba32 32135165 4b7190a3 7ea27e91 41eab365 bc77f54d 6776a1a6 40e10c0c ed0f5605 38851f70 6a099ba8 6d42501d 08e056d6 e189f7af c56412be b646db08
[2026-09-03 19:02:47] *** VERIFIED 19-ROUND PREIMAGE  a0=0x00067e4d  W = 03fdf600 ade9e9df 0f362183 5f68ea39 496476a8 2c4a3dea 691f6c0d 793eb409 e1bf9827 8070de1a 8a6a9b59 182d787b 08e056d6 e189f7af c56412be b646db08
[2026-09-03 19:02:47] *** VERIFIED 19-ROUND PREIMAGE  a0=0x000728e7  W = 03fea09a fa1e304a 05f9b0f0 209bad7d 34b532bd 8f3ff1dd 10a6013a 1b286b6f b399be30 4a5bf424 4145fcab 503a7984 08e056d6 e189f7af c56412be b646db08
[2026-09-03 19:02:47] *** VERIFIED 19-ROUND PREIMAGE  a0=0x0009b2d2  W = 04012a85 552bdf50 0a0d04aa 6c9c669a 0b9fcee5 4392d906 51a07b84 18d32026 1d74a868 f3237609 5e41d987 40480164 08e056d6 e189f7af c56412be b646db08
[2026-09-03 19:02:47] *** VERIFIED 19-ROUND PREIMAGE  a0=0x000c272c  W = 04039edf fc074e8f 20fadacc 5a4e8162 29d593e6 761f5357 811eba19 a29e7ddb 8cacf639 7d212280 a0f7fb95 daa07ebe 08e056d6 e189f7af c56412be b646db08
[2026-09-03 19:02:47] *** VERIFIED 19-ROUND PREIMAGE  a0=0x000cb0f5  W = 040428a8 3ab862e8 5074dfab 6b5a5c36 e64a8cb5 dff0b534 e522d459 09effada 4c7d538d 81633ece 21efe7b7 241befb4 08e056d6 e189f7af c56412be b646db08
[2026-09-03 19:02:47] *** VERIFIED 19-ROUND PREIMAGE  a0=0x000e696c  W = 0405e11f 57238a5a 3ce072b6 277792e3 6a03c730 4b5ec460 f95489ed dcda7f24 426bbcd6 f41d54f6 f9812511 0847eded 08e056d6 e189f7af c56412be b646db08
[2026-09-03 19:02:47] *** VERIFIED 19-ROUND PREIMAGE  a0=0x000ea16e  W = 04061921 099afffc 0088a108 47a3130e e7f6d175 811f6b0d b1c6dea9 590580ed 4ab674d0 0a1a5825 85ffebb9 99ffde90 08e056d6 e189f7af c56412be b646db08
[2026-09-03 19:02:47] ctx 1: 1,048,576 a0 in 4.8s | cumulative a0 2.097e+06 sol 1.520e+06 sub 160 c3 0 ver 160 | 2.06e+05 a0/s | 13,107 a0 per preimage
[2026-09-03 19:02:47] DONE
