elapsed 926s

tie a4 = a0+c: 402,653,184 swept a0, 10,296 candidates (2.557e-05 per a0; family prediction 0.254*(3/4)^32 = 2.560e-05)
    k   observed   predicted   ratio       z
    0     10,296    10296.00    1.00   +0.00
    2      2,530     2574.00    0.98   -0.87
    4        626      643.50    0.97   -0.69
    6        154      160.88    0.96   -0.54
    8         48       40.22    1.19   +1.23
   10          9       10.05    0.90   -0.33
   12          2        2.51    0.80   -0.32
   14          1        0.63    1.59   +0.47
   16          0        0.16    0.00   -0.40
  conditional halving over steps 8..11: 39 of 83 (expected 41.5), z = -0.55

tie a4 = S0(a0)+c: 402,653,184 swept a0, 10,216 candidates (2.537e-05 per a0; family prediction 0.254*(3/4)^32 = 2.560e-05)
    k   observed   predicted   ratio       z
    0     10,216    10216.00    1.00   +0.00
    2      2,594     2554.00    1.02   +0.79
    4        658      638.50    1.03   +0.77
    6        182      159.62    1.14   +1.77
    8         52       39.91    1.30   +1.91
   10         12        9.98    1.20   +0.64
   12          7        2.49    2.81   +2.85
   14          1        0.62    1.60   +0.48
   16          1        0.16    6.42   +2.14
  conditional halving over steps 8..12: 56 of 101 (expected 50.5), z = +1.09

tie a4 = ~a0: 402,653,184 swept a0, 10,146 candidates (2.520e-05 per a0; family prediction 0.254*(3/4)^32 = 2.560e-05)
    k   observed   predicted   ratio       z
    0     10,146    10146.00    1.00   +0.00
    2      2,495     2536.50    0.98   -0.82
    4        635      634.12    1.00   +0.03
    6        164      158.53    1.03   +0.43
    8         47       39.63    1.19   +1.17
   10         13        9.91    1.31   +0.98
   12          3        2.48    1.21   +0.33
   14          0        0.62    0.00   -0.79
   16          0        0.15    0.00   -0.39
  conditional halving over steps 8..11: 45 of 88 (expected 44.0), z = +0.21

tie a4 = a0^c: 402,653,184 swept a0, 10,264 candidates (2.549e-05 per a0; family prediction 0.254*(3/4)^32 = 2.560e-05)
    k   observed   predicted   ratio       z
    0     10,264    10264.00    1.00   +0.00
    2      2,516     2566.00    0.98   -0.99
    4        625      641.50    0.97   -0.65
    6        149      160.38    0.93   -0.90
    8         39       40.09    0.97   -0.17
   10          9       10.02    0.90   -0.32
   12          3        2.51    1.20   +0.31
   14          0        0.63    0.00   -0.79
   16          0        0.16    0.00   -0.40
  conditional halving over steps 8..11: 35 of 69 (expected 34.5), z = +0.12

ALL ties pooled: 1,610,612,736 swept a0, 40,922 candidates (2.541e-05 per a0; family prediction 0.254*(3/4)^32 = 2.560e-05)
    k   observed   predicted   ratio       z
    0     40,922    40922.00    1.00   +0.00
    2     10,135    10230.50    0.99   -0.94
    4      2,544     2557.62    0.99   -0.27
    6        649      639.41    1.02   +0.38
    8        186      159.85    1.16   +2.07
   10         43       39.96    1.08   +0.48
   12         15        9.99    1.50   +1.58
   14          2        2.50    0.80   -0.31
   16          1        0.62    1.60   +0.48
   18          0        0.16    0.00   -0.40
  conditional halving over steps 8..13: 190 of 369 (expected 184.5), z = +0.57
DONE
